Archive member included to satisfy reference by file (symbol)

C:/gcc-arm/bin/../lib/gcc/arm-none-eabi/14.2.1/thumb/v6-m/nofp\libgcc.a(_dvmd_tls.o)
                              CMakeFiles/key_latency.dir/pico-sdk/src/rp2_common/pico_divider/divider_hardware.S.obj (__aeabi_idiv0)
C:/gcc-arm/bin/../lib/gcc/arm-none-eabi/14.2.1/thumb/v6-m/nofp\libg.a(libc_a-calloc.o)
                              CMakeFiles/key_latency.dir/pico-sdk/src/rp2_common/pico_malloc/malloc.c.obj (calloc)
C:/gcc-arm/bin/../lib/gcc/arm-none-eabi/14.2.1/thumb/v6-m/nofp\libg.a(libc_a-callocr.o)
                              C:/gcc-arm/bin/../lib/gcc/arm-none-eabi/14.2.1/thumb/v6-m/nofp\libg.a(libc_a-calloc.o) (_calloc_r)
C:/gcc-arm/bin/../lib/gcc/arm-none-eabi/14.2.1/thumb/v6-m/nofp\libg.a(libc_a-malloc.o)
                              CMakeFiles/key_latency.dir/pico-sdk/src/rp2_common/pico_malloc/malloc.c.obj (malloc)
C:/gcc-arm/bin/../lib/gcc/arm-none-eabi/14.2.1/thumb/v6-m/nofp\libg.a(libc_a-mallocr.o)
                              C:/gcc-arm/bin/../lib/gcc/arm-none-eabi/14.2.1/thumb/v6-m/nofp\libg.a(libc_a-callocr.o) (_malloc_r)
C:/gcc-arm/bin/../lib/gcc/arm-none-eabi/14.2.1/thumb/v6-m/nofp\libg.a(libc_a-mlock.o)
                              C:/gcc-arm/bin/../lib/gcc/arm-none-eabi/14.2.1/thumb/v6-m/nofp\libg.a(libc_a-mallocr.o) (__malloc_lock)
C:/gcc-arm/bin/../lib/gcc/arm-none-eabi/14.2.1/thumb/v6-m/nofp\libg.a(libc_a-realloc.o)
                              CMakeFiles/key_latency.dir/pico-sdk/src/rp2_common/pico_malloc/malloc.c.obj (realloc)
C:/gcc-arm/bin/../lib/gcc/arm-none-eabi/14.2.1/thumb/v6-m/nofp\libg.a(libc_a-reallocr.o)
                              C:/gcc-arm/bin/../lib/gcc/arm-none-eabi/14.2.1/thumb/v6-m/nofp\libg.a(libc_a-realloc.o) (_realloc_r)
C:/gcc-arm/bin/../lib/gcc/arm-none-eabi/14.2.1/thumb/v6-m/nofp\libg.a(libc_a-memcmp.o)
                              CMakeFiles/key_latency.dir/pico-sdk/src/rp2_common/pico_atomic/atomic.c.obj (memcmp)
C:/gcc-arm/bin/../lib/gcc/arm-none-eabi/14.2.1/thumb/v6-m/nofp\libg.a(libc_a-memmove.o)
                              C:/gcc-arm/bin/../lib/gcc/arm-none-eabi/14.2.1/thumb/v6-m/nofp\libg.a(libc_a-reallocr.o) (memmove)
C:/gcc-arm/bin/../lib/gcc/arm-none-eabi/14.2.1/thumb/v6-m/nofp\libg.a(libc_a-lcltime_r.o)
                              CMakeFiles/key_latency.dir/pico-sdk/src/common/pico_util/datetime.c.obj (localtime_r)
C:/gcc-arm/bin/../lib/gcc/arm-none-eabi/14.2.1/thumb/v6-m/nofp\libg.a(libc_a-mktime.o)
                              CMakeFiles/key_latency.dir/pico-sdk/src/common/pico_util/datetime.c.obj (mktime)
C:/gcc-arm/bin/../lib/gcc/arm-none-eabi/14.2.1/thumb/v6-m/nofp\libg.a(libc_a-month_lengths.o)
                              C:/gcc-arm/bin/../lib/gcc/arm-none-eabi/14.2.1/thumb/v6-m/nofp\libg.a(libc_a-lcltime_r.o) (__month_lengths)
C:/gcc-arm/bin/../lib/gcc/arm-none-eabi/14.2.1/thumb/v6-m/nofp\libg.a(libc_a-tzcalc_limits.o)
                              C:/gcc-arm/bin/../lib/gcc/arm-none-eabi/14.2.1/thumb/v6-m/nofp\libg.a(libc_a-lcltime_r.o) (__tzcalc_limits)
C:/gcc-arm/bin/../lib/gcc/arm-none-eabi/14.2.1/thumb/v6-m/nofp\libg.a(libc_a-tzlock.o)
                              C:/gcc-arm/bin/../lib/gcc/arm-none-eabi/14.2.1/thumb/v6-m/nofp\libg.a(libc_a-lcltime_r.o) (__tz_lock)
C:/gcc-arm/bin/../lib/gcc/arm-none-eabi/14.2.1/thumb/v6-m/nofp\libg.a(libc_a-tzset.o)
                              C:/gcc-arm/bin/../lib/gcc/arm-none-eabi/14.2.1/thumb/v6-m/nofp\libg.a(libc_a-lcltime_r.o) (_tzset_unlocked)
C:/gcc-arm/bin/../lib/gcc/arm-none-eabi/14.2.1/thumb/v6-m/nofp\libg.a(libc_a-tzset_r.o)
                              C:/gcc-arm/bin/../lib/gcc/arm-none-eabi/14.2.1/thumb/v6-m/nofp\libg.a(libc_a-tzset.o) (_tzset_unlocked_r)
C:/gcc-arm/bin/../lib/gcc/arm-none-eabi/14.2.1/thumb/v6-m/nofp\libg.a(libc_a-tzvars.o)
                              C:/gcc-arm/bin/../lib/gcc/arm-none-eabi/14.2.1/thumb/v6-m/nofp\libg.a(libc_a-tzset_r.o) (_timezone)
C:/gcc-arm/bin/../lib/gcc/arm-none-eabi/14.2.1/thumb/v6-m/nofp\libg.a(libc_a-impure.o)
                              C:/gcc-arm/bin/../lib/gcc/arm-none-eabi/14.2.1/thumb/v6-m/nofp\libg.a(libc_a-calloc.o) (_impure_ptr)
C:/gcc-arm/bin/../lib/gcc/arm-none-eabi/14.2.1/thumb/v6-m/nofp\libg.a(libc_a-sbrkr.o)
                              C:/gcc-arm/bin/../lib/gcc/arm-none-eabi/14.2.1/thumb/v6-m/nofp\libg.a(libc_a-mallocr.o) (_sbrk_r)
C:/gcc-arm/bin/../lib/gcc/arm-none-eabi/14.2.1/thumb/v6-m/nofp\libg.a(libc_a-errno.o)
                              C:/gcc-arm/bin/../lib/gcc/arm-none-eabi/14.2.1/thumb/v6-m/nofp\libg.a(libc_a-callocr.o) (__errno)
C:/gcc-arm/bin/../lib/gcc/arm-none-eabi/14.2.1/thumb/v6-m/nofp\libg.a(libc_a-init.o)
                              C:/gcc-arm/bin/../lib/gcc/arm-none-eabi/14.2.1/thumb/v6-m/nofp/crt0.o (__libc_init_array)
C:/gcc-arm/bin/../lib/gcc/arm-none-eabi/14.2.1/thumb/v6-m/nofp\libg.a(libc_a-lock.o)
[...]
Memory Configuration

Name             Origin             Length             Attributes
FLASH            0x10000000         0x00200000         xr
RAM              0x20000000         0x00040000         xrw
SCRATCH_X        0x20040000         0x00001000         xrw
SCRATCH_Y        0x20041000         0x00001000         xrw
*default*        0x00000000         0xffffffff

Linker script and memory map

LOAD C:/gcc-arm/bin/../lib/gcc/arm-none-eabi/14.2.1/thumb/v6-m/nofp/crti.o
LOAD C:/gcc-arm/bin/../lib/gcc/arm-none-eabi/14.2.1/thumb/v6-m/nofp/crtbegin.o
LOAD C:/gcc-arm/bin/../lib/gcc/arm-none-eabi/14.2.1/thumb/v6-m/nofp/crt0.o

.flash_begin    0x10000000        0x0
                0x10000000                        __flash_binary_start = .

.boot2          0x10000000      0x100
                0x10000000                        __boot2_start__ = .
 *(.boot2)
 .boot2         0x10000000      0x100 pico-sdk/src/rp2040/boot_stage2/CMakeFiles/bs2_default_library.dir/./bs2_default_padded_checksummed.S.obj
                0x10000100                        __boot2_end__ = .
                0x00000001                        ASSERT (((__boot2_end__ - __boot2_start__) == 0x100), ERROR: Pico second stage bootloader must be 256 bytes in size)

.text           0x10000100     0x6be4
                0x10000100                        __logical_binary_start = .
 *(.vectors)
 .vectors       0x10000100       0xd4 CMakeFiles/key_latency.dir/pico-sdk/src/rp2_common/pico_crt0/crt0.S.obj
                0x10000100                __VECTOR_TABLE
                0x10000100                __vectors
                0x100001c0                isr_irq13
                0x100001c0                isr_irq27
                0x100001c0                isr_irq31
                0x100001c0                isr_irq12
                0x100001c0                isr_irq5
                0x100001c0                isr_irq11
                0x100001c0                isr_irq3
                0x100001c0                isr_irq23
                0x100001c0                __unhandled_user_irq
                0x100001c0                isr_irq26
                0x100001c0                isr_irq28
                0x100001c0                isr_irq19
                0x100001c0                isr_irq0
                0x100001c0                isr_irq6
                0x100001c0                isr_irq29
                0x100001c0                isr_irq16
                0x100001c0                isr_irq22
                0x100001c0                isr_irq18
                0x100001c0                isr_irq17
                0x100001c0                isr_irq14
                0x100001c0                __vectors_end
                0x100001c0                __default_isrs_start
                0x100001c0                isr_irq2
                0x100001c0                isr_irq10
                0x100001c0                isr_irq8
                0x100001c0                isr_irq24
                0x100001c0                isr_irq1
                0x100001c0                isr_irq7
                0x100001c0                isr_irq21
                0x100001c0                isr_irq20
                0x100001c0                isr_irq15
                0x100001c0                isr_irq25
                0x100001c0                isr_irq4
                0x100001c0                isr_irq30
                0x100001c0                isr_irq9
                0x100001c6                unhandled_user_irq_num_in_r0
                0x100001c8                isr_invalid
                0x100001ca                isr_nmi
                0x100001cc                isr_hardfault
                0x100001ce                isr_svcall
                0x100001d0                isr_pendsv
                0x100001d2                isr_systick
                0x100001d4                __default_isrs_end
 *(.binary_info_header)
 .binary_info_header
                0x100001d4       0x14 CMakeFiles/key_latency.dir/pico-sdk/src/rp2_common/pico_crt0/crt0.S.obj
                0x100001e8                        __binary_info_header_end = .
 *(.embedded_block)
                0x100001e8                        __embedded_block_end = .
 *(.reset)
 .reset         0x100001e8       0x9c CMakeFiles/key_latency.dir/pico-sdk/src/rp2_common/pico_crt0/crt0.S.obj
                0x100001e8                _entry_point
 *(.init)
 .init          0x10000284        0x4 C:/gcc-arm/bin/../lib/gcc/arm-none-eabi/14.2.1/thumb/v6-m/nofp/crti.o
                0x10000284                _init
 *(EXCLUDE_FILE(*libm.a: *libc.a:*lib_a-mem*.o *libgcc.a:) .text*)
 .text.register_tm_clones
                0x10000288       0x28 C:/gcc-arm/bin/../lib/gcc/arm-none-eabi/14.2.1/thumb/v6-m/nofp/crtbegin.o
 .text.frame_dummy
                0x100002b0       0x24 C:/gcc-arm/bin/../lib/gcc/arm-none-eabi/14.2.1/thumb/v6-m/nofp/crtbegin.o
 .text.startup.main
                0x100002d4      0x194 CMakeFiles/key_latency.dir/main.c.obj
                0x100002d4                main
 .text.gpio_init
                0x10000468       0x40 CMakeFiles/key_latency.dir/pico-sdk/src/rp2_common/hardware_gpio/gpio.c.obj
                0x10000468                gpio_init
 .text.rp2040_chip_version
                0x100004a8        0xc CMakeFiles/key_latency.dir/pico-sdk/src/rp2040/pico_platform/platform.c.obj
                0x100004a8                rp2040_chip_version
 .text.panic    0x100004b4       0x30 CMakeFiles/key_latency.dir/pico-sdk/src/rp2_common/pico_platform_panic/panic.c.obj
                0x100004b4                panic
 .text.hw_claim_or_assert
                0x100004e4       0x44 CMakeFiles/key_latency.dir/pico-sdk/src/common/hardware_claim/claim.c.obj
                0x100004e4                hw_claim_or_assert
 .text.hw_claim_unused_from_range
                0x10000528       0x88 CMakeFiles/key_latency.dir/pico-sdk/src/common/hardware_claim/claim.c.obj
                0x10000528                hw_claim_unused_from_range
 .text.next_striped_spin_lock_num
                0x100005b0       0x18 CMakeFiles/key_latency.dir/pico-sdk/src/rp2_common/hardware_sync/sync.c.obj
                0x100005b0                next_striped_spin_lock_num
 .text.spin_lock_claim_unused
                0x100005c8       0x24 CMakeFiles/key_latency.dir/pico-sdk/src/rp2_common/hardware_sync/sync.c.obj
                0x100005c8                spin_lock_claim_unused
 .text.spin_locks_reset
                0x100005ec       0x1c CMakeFiles/key_latency.dir/pico-sdk/src/rp2_common/hardware_sync_spin_lock/sync_spin_lock.c.obj
                0x100005ec                spin_locks_reset
 .text.runtime_init_per_core_irq_priorities
                0x10000608       0x24 CMakeFiles/key_latency.dir/pico-sdk/src/rp2_common/hardware_irq/irq.c.obj
                0x10000608                runtime_init_per_core_irq_priorities
 .text.irq_set_enabled
                0x1000062c       0x24 CMakeFiles/key_latency.dir/pico-sdk/src/rp2_common/hardware_irq/irq.c.obj
                0x1000062c                irq_set_enabled
 .text.irq_is_enabled
                0x10000650       0x18 CMakeFiles/key_latency.dir/pico-sdk/src/rp2_common/hardware_irq/irq.c.obj
                0x10000650                irq_is_enabled
 .text.irq_set_pending
                0x10000668       0x10 CMakeFiles/key_latency.dir/pico-sdk/src/rp2_common/hardware_irq/irq.c.obj
                0x10000668                irq_set_pending
 .text.irq_has_shared_handler
                0x10000678       0x24 CMakeFiles/key_latency.dir/pico-sdk/src/rp2_common/hardware_irq/irq.c.obj
                0x10000678                irq_has_shared_handler
 .text.irq_set_exclusive_handler
                0x1000069c       0x54 CMakeFiles/key_latency.dir/pico-sdk/src/rp2_common/hardware_irq/irq.c.obj
                0x1000069c                irq_set_exclusive_handler
 .text.irq_add_shared_handler
                0x100006f0      0x1f4 CMakeFiles/key_latency.dir/pico-sdk/src/rp2_common/hardware_irq/irq.c.obj
                0x100006f0                irq_add_shared_handler
 .text.irq_add_tail_to_free_list
                0x100008e4       0xb4 CMakeFiles/key_latency.dir/pico-sdk/src/rp2_common/hardware_irq/irq.c.obj
                0x100008e4                irq_add_tail_to_free_list
 .text.user_irq_claim_unused
                0x10000998       0x2c CMakeFiles/key_latency.dir/pico-sdk/src/rp2_common/hardware_irq/irq.c.obj
                0x10000998                user_irq_claim_unused
 .text.lock_init
                0x100009c4       0x10 CMakeFiles/key_latency.dir/pico-sdk/src/common/pico_sync/lock_core.c.obj
                0x100009c4                lock_init
 .text.runtime_init_mutex
                0x100009d4       0x50 CMakeFiles/key_latency.dir/pico-sdk/src/common/pico_sync/mutex.c.obj
                0x100009d4                runtime_init_mutex
 .text.mutex_init
                0x10000a24       0x1c CMakeFiles/key_latency.dir/pico-sdk/src/common/pico_sync/mutex.c.obj
                0x10000a24                mutex_init
 .text.critical_section_init
                0x10000a40       0x1c CMakeFiles/key_latency.dir/pico-sdk/src/common/pico_sync/critical_section.c.obj
                0x10000a40                critical_section_init
 .text.critical_section_init_with_lock_num
                0x10000a5c       0x14 CMakeFiles/key_latency.dir/pico-sdk/src/common/pico_sync/critical_section.c.obj
                0x10000a5c                critical_section_init_with_lock_num
 .text.sleep_until_callback
                0x10000a70       0x30 CMakeFiles/key_latency.dir/pico-sdk/src/common/pico_time/time.c.obj
 .text.alarm_pool_irq_handler
                0x10000aa0      0x300 CMakeFiles/key_latency.dir/pico-sdk/src/common/pico_time/time.c.obj
 .text.runtime_init_default_alarm_pool
                0x10000da0       0xdc CMakeFiles/key_latency.dir/pico-sdk/src/common/pico_time/time.c.obj
                0x10000da0                runtime_init_default_alarm_pool
 .text.alarm_pool_get_default
                0x10000e7c        0x8 CMakeFiles/key_latency.dir/pico-sdk/src/common/pico_time/time.c.obj
                0x10000e7c                alarm_pool_get_default
 .text.alarm_pool_add_alarm_at
                0x10000e84       0xd0 CMakeFiles/key_latency.dir/pico-sdk/src/common/pico_time/time.c.obj
                0x10000e84                alarm_pool_add_alarm_at
 .text.alarm_pool_add_alarm_at_force_in_context
                0x10000f54       0xb0 CMakeFiles/key_latency.dir/pico-sdk/src/common/pico_time/time.c.obj
                0x10000f54                alarm_pool_add_alarm_at_force_in_context
 .text.alarm_pool_cancel_alarm
                0x10001004       0x74 CMakeFiles/key_latency.dir/pico-sdk/src/common/pico_time/time.c.obj
                0x10001004                alarm_pool_cancel_alarm
 .text.alarm_pool_core_num
                0x10001078        0x4 CMakeFiles/key_latency.dir/pico-sdk/src/common/pico_time/time.c.obj
                0x10001078                alarm_pool_core_num
 .text.sleep_ms
                0x1000107c       0xfc CMakeFiles/key_latency.dir/pico-sdk/src/common/pico_time/time.c.obj
                0x1000107c                sleep_ms
 .text.best_effort_wfe_or_timeout
                0x10001178      0x10c CMakeFiles/key_latency.dir/pico-sdk/src/common/pico_time/time.c.obj
                0x10001178                best_effort_wfe_or_timeout
 .text.timer_hardware_alarm_claim
                0x10001284       0x14 CMakeFiles/key_latency.dir/pico-sdk/src/rp2_common/hardware_timer/timer.c.obj
                0x10001284                timer_hardware_alarm_claim
 .text.timer_time_us_64
                0x10001298       0x10 CMakeFiles/key_latency.dir/pico-sdk/src/rp2_common/hardware_timer/timer.c.obj
                0x10001298                timer_time_us_64
 .text.time_us_64
                0x100012a8       0x14 CMakeFiles/key_latency.dir/pico-sdk/src/rp2_common/hardware_timer/timer.c.obj
                0x100012a8                time_us_64
 .text.busy_wait_until
                0x100012bc       0x20 CMakeFiles/key_latency.dir/pico-sdk/src/rp2_common/hardware_timer/timer.c.obj
                0x100012bc                busy_wait_until
 .text.clock_configure_int_divider
                0x100012dc       0xf4 CMakeFiles/key_latency.dir/pico-sdk/src/rp2_common/hardware_clocks/clocks.c.obj
                0x100012dc                clock_configure_int_divider
 .text.clock_configure_undivided
                0x100013d0       0xe8 CMakeFiles/key_latency.dir/pico-sdk/src/rp2_common/hardware_clocks/clocks.c.obj
                0x100013d0                clock_configure_undivided
 .text.clock_get_hz
                0x100014b8        0xc CMakeFiles/key_latency.dir/pico-sdk/src/rp2_common/hardware_clocks/clocks.c.obj
                0x100014b8                clock_get_hz
 .text.pll_init
                0x100014c4       0xa4 CMakeFiles/key_latency.dir/pico-sdk/src/rp2_common/hardware_pll/pll.c.obj
                0x100014c4                pll_init
 .text.watchdog_reboot
                0x10001568       0x9c CMakeFiles/key_latency.dir/pico-sdk/src/rp2_common/hardware_watchdog/watchdog.c.obj
                0x10001568                watchdog_reboot
 .text.tick_start
                0x10001604       0x10 CMakeFiles/key_latency.dir/pico-sdk/src/rp2_common/hardware_ticks/ticks.c.obj
                0x10001604                tick_start
 .text.rom_func_lookup
                0x10001614       0x10 CMakeFiles/key_latency.dir/pico-sdk/src/rp2_common/pico_bootrom/bootrom.c.obj
                0x10001614                rom_func_lookup
 .text.rom_data_lookup
                0x10001624       0x10 CMakeFiles/key_latency.dir/pico-sdk/src/rp2_common/pico_bootrom/bootrom.c.obj
                0x10001624                rom_data_lookup
 .text.rom_funcs_lookup
                0x10001634       0x44 CMakeFiles/key_latency.dir/pico-sdk/src/rp2_common/pico_bootrom/bootrom.c.obj
                0x10001634                rom_funcs_lookup
 .text.rom_reset_usb_boot_extra
                0x10001678       0x24 CMakeFiles/key_latency.dir/pico-sdk/src/rp2_common/pico_bootrom/bootrom.c.obj
                0x10001678                rom_reset_usb_boot_extra
 .text.xosc_init
                0x1000169c       0x28 CMakeFiles/key_latency.dir/pico-sdk/src/rp2_common/hardware_xosc/xosc.c.obj
                0x1000169c                xosc_init
 .text.first_per_core_initializer
                0x100016c4        0x4 CMakeFiles/key_latency.dir/pico-sdk/src/rp2_common/pico_runtime/runtime.c.obj
 .text.hard_assertion_failure
                0x100016c8        0xc CMakeFiles/key_latency.dir/pico-sdk/src/rp2_common/pico_runtime/runtime.c.obj
                0x100016c8                hard_assertion_failure
 .text.runtime_run_initializers
                0x100016d4       0x28 CMakeFiles/key_latency.dir/pico-sdk/src/rp2_common/pico_runtime/runtime.c.obj
                0x100016d4                runtime_run_initializers
 .text.runtime_init_early_resets
                0x100016fc       0x2c CMakeFiles/key_latency.dir/pico-sdk/src/rp2_common/pico_runtime_init/runtime_init.c.obj
                0x100016fc                runtime_init_early_resets
 .text.runtime_init_usb_power_down
                0x10001728       0x1c CMakeFiles/key_latency.dir/pico-sdk/src/rp2_common/pico_runtime_init/runtime_init.c.obj
                0x10001728                runtime_init_usb_power_down
 .text.runtime_init_post_clock_resets
                0x10001744       0x20 CMakeFiles/key_latency.dir/pico-sdk/src/rp2_common/pico_runtime_init/runtime_init.c.obj
                0x10001744                runtime_init_post_clock_resets
 .text.runtime_init_rp2040_gpio_ie_disable
                0x10001764       0x14 CMakeFiles/key_latency.dir/pico-sdk/src/rp2_common/pico_runtime_init/runtime_init.c.obj
                0x10001764                runtime_init_rp2040_gpio_ie_disable
 .text.runtime_init_spin_locks_reset
                0x10001778        0x8 CMakeFiles/key_latency.dir/pico-sdk/src/rp2_common/pico_runtime_init/runtime_init.c.obj
                0x10001778                runtime_init_spin_locks_reset
 .text.runtime_init_install_ram_vector_table
                0x10001780       0xb4 CMakeFiles/key_latency.dir/pico-sdk/src/rp2_common/pico_runtime_init/runtime_init.c.obj
                0x10001780                runtime_init_install_ram_vector_table
 .text.runtime_init_clocks
                0x10001834       0xd8 CMakeFiles/key_latency.dir/pico-sdk/src/rp2_common/pico_runtime_init/runtime_init_clocks.c.obj
                0x10001834                runtime_init_clocks
 .text          0x1000190c       0x10 CMakeFiles/key_latency.dir/pico-sdk/src/rp2_common/pico_bit_ops/bit_ops_aeabi.S.obj
 .text.__wrap___aeabi_idiv
                0x1000191c       0x50 CMakeFiles/key_latency.dir/pico-sdk/src/rp2_common/pico_divider/divider_hardware.S.obj
                0x1000191c                __wrap___aeabi_idivmod
                0x1000191c                divmod_s32s32
                0x1000191c                div_s32s32
                0x1000191c                __wrap___aeabi_idiv
                0x10001924                divmod_s32s32_unsafe
                0x10001950                divmod_s32s32_savestate
 .text.__wrap___aeabi_uidiv
                0x1000196c       0x4c CMakeFiles/key_latency.dir/pico-sdk/src/rp2_common/pico_divider/divider_hardware.S.obj
                0x1000196c                __wrap___aeabi_uidiv
                0x1000196c                __wrap___aeabi_uidivmod
                0x1000196c                div_u32u32
                0x1000196c                divmod_u32u32
                0x10001974                divmod_u32u32_unsafe
                0x1000199c                divmod_u32u32_savestate
 .text.__wrap___aeabi_ldiv
                0x100019b8      0x424 CMakeFiles/key_latency.dir/pico-sdk/src/rp2_common/pico_divider/divider_hardware.S.obj
                0x100019b8                div_s64s64
                0x100019b8                divmod_s64s64
                0x100019b8                __wrap___aeabi_ldivmod
                0x100019e8                divmod_u64u64
                0x100019e8                div_u64u64
                0x100019e8                __wrap___aeabi_uldivmod
                0x100019f8                divmod_u64u64_savestate
                0x10001a18                divmod_s64s64_unsafe
                0x10001aa0                divmod_u64u64_unsafe
 .text.__wrap___aeabi_darithmetic
                0x10001ddc       0x80 CMakeFiles/key_latency.dir/pico-sdk/src/rp2_common/pico_double/double_aeabi_rp2040.S.obj
                0x10001ddc                __wrap___aeabi_drsub
                0x10001de2                __wrap___aeabi_dsub
                0x10001df4                __wrap___aeabi_dadd
                0x10001e06                __wrap___aeabi_ddiv
                0x10001e42                __wrap___aeabi_dmul
 .text.__wrap___aeabi_cdcmple
                0x10001e5c       0x6c CMakeFiles/key_latency.dir/pico-sdk/src/rp2_common/pico_double/double_aeabi_rp2040.S.obj
                0x10001e5c                __wrap___aeabi_cdrcmple
                0x10001e6c                __wrap___aeabi_cdcmpeq
                0x10001e6c                __wrap___aeabi_cdcmple
 .text.__wrap___aeabi_dcmplt
                0x10001ec8        0xc CMakeFiles/key_latency.dir/pico-sdk/src/rp2_common/pico_double/double_aeabi_rp2040.S.obj
                0x10001ec8                __wrap___aeabi_dcmplt
 .text.__wrap___aeabi_dcmple
                0x10001ed4       0x10 CMakeFiles/key_latency.dir/pico-sdk/src/rp2_common/pico_double/double_aeabi_rp2040.S.obj
                0x10001ed4                __wrap___aeabi_dcmple
 .text.__wrap___aeabi_dcmpge
                0x10001ee4       0x10 CMakeFiles/key_latency.dir/pico-sdk/src/rp2_common/pico_double/double_aeabi_rp2040.S.obj
                0x10001ee4                __wrap___aeabi_dcmpge
 .text.__wrap___aeabi_dcmpgt
                0x10001ef4        0xa CMakeFiles/key_latency.dir/pico-sdk/src/rp2_common/pico_double/double_aeabi_rp2040.S.obj
                0x10001ef4                __wrap___aeabi_dcmpgt
 .text.__wrap___aeabi_dcmpun
                0x10001efe       0x18 CMakeFiles/key_latency.dir/pico-sdk/src/rp2_common/pico_double/double_aeabi_rp2040.S.obj
                0x10001efe                __wrap___aeabi_dcmpun
 *fill*         0x10001f16        0x2 
 .text.__wrap___aeabi_i2d
                0x10001f18       0x38 CMakeFiles/key_latency.dir/pico-sdk/src/rp2_common/pico_double/double_aeabi_rp2040.S.obj
                0x10001f18                uint2double
                0x10001f18                __wrap___aeabi_ui2d
                0x10001f20                int2double
                0x10001f20                __wrap___aeabi_i2d
 .text.__wrap___aeabi_d2iz
                0x10001f50       0x48 CMakeFiles/key_latency.dir/pico-sdk/src/rp2_common/pico_double/double_aeabi_rp2040.S.obj
                0x10001f50                double2int_z
                0x10001f50                __wrap___aeabi_d2iz
 .text.__wrap___aeabi_d2uiz
                0x10001f98       0x18 CMakeFiles/key_latency.dir/pico-sdk/src/rp2_common/pico_double/double_aeabi_rp2040.S.obj
                0x10001f98                double2uint
                0x10001f98                __wrap___aeabi_d2uiz
                0x10001f98                double2uint_z
 .text.__aeabi_double_init
                0x10001fb0       0xa4 CMakeFiles/key_latency.dir/pico-sdk/src/rp2_common/pico_double/double_init_rom_rp2040.c.obj
                0x10001fb0                __aeabi_double_init
 .text.double_table_shim_on_use_helper
                0x10002054       0x2c CMakeFiles/key_latency.dir/pico-sdk/src/rp2_common/pico_double/double_v1_rom_shim_rp2040.S.obj
                0x10002054                double_table_shim_on_use_helper
 .text.__wrap___aeabi_dsub
                0x10002080       0x10 CMakeFiles/key_latency.dir/pico-sdk/src/rp2_common/pico_double/double_v1_rom_shim_rp2040.S.obj
                0x10002080                drsub_shim
                0x10002086                dsub_shim
 .text.dadd_shim
                0x10002090      0x15c CMakeFiles/key_latency.dir/pico-sdk/src/rp2_common/pico_double/double_v1_rom_shim_rp2040.S.obj
                0x10002090                dadd_shim
 .text.dmul_shim
                0x100021ec      0x15c CMakeFiles/key_latency.dir/pico-sdk/src/rp2_common/pico_double/double_v1_rom_shim_rp2040.S.obj
                0x100021ec                dmul_shim
 .text.ddiv_shim
                0x10002348      0x1b0 CMakeFiles/key_latency.dir/pico-sdk/src/rp2_common/pico_double/double_v1_rom_shim_rp2040.S.obj
                0x10002348                ddiv_shim
 .text.double2uint_shim
                0x100024f8        0xe CMakeFiles/key_latency.dir/pico-sdk/src/rp2_common/pico_double/double_v1_rom_shim_rp2040.S.obj
                0x100024f8                double2uint_shim
                0x100024fa                double2ufix_shim
 *fill*         0x10002506        0x2 
 .text.double2uint64_shim
                0x10002508       0x70 CMakeFiles/key_latency.dir/pico-sdk/src/rp2_common/pico_double/double_v1_rom_shim_rp2040.S.obj
                0x10002508                double2uint64_shim
                0x1000250a                double2ufix64_shim
                0x1000252a                d2fix_a
 .text.dunpacks
                0x10002578       0x3c CMakeFiles/key_latency.dir/pico-sdk/src/rp2_common/pico_double/double_v1_rom_shim_rp2040.S.obj
                0x10002578                dunpacks
 .text.__aeabi_lmul
                0x100025b4       0x32 CMakeFiles/key_latency.dir/pico-sdk/src/rp2_common/pico_int64_ops/pico_int64_ops_aeabi.S.obj
                0x100025b4                __wrap___aeabi_lmul
 *fill*         0x100025e6        0x2 
 .text.__aeabi_float_init
                0x100025e8       0x64 CMakeFiles/key_latency.dir/pico-sdk/src/rp2_common/pico_float/float_init_rom_rp2040.c.obj
                0x100025e8                __aeabi_float_init
 .text.float_table_shim_on_use_helper
                0x1000264c       0x2c CMakeFiles/key_latency.dir/pico-sdk/src/rp2_common/pico_float/float_v1_rom_shim_rp2040.S.obj
                0x1000264c                float_table_shim_on_use_helper
 .text          0x10002678       0x10 CMakeFiles/key_latency.dir/pico-sdk/src/rp2_common/pico_mem_ops/mem_ops_aeabi.S.obj
                0x10002678                __aeabi_mem_init
 .text.memset   0x10002688        0xc CMakeFiles/key_latency.dir/pico-sdk/src/rp2_common/pico_mem_ops/mem_ops_aeabi.S.obj
                0x10002688                __wrap_memset
 .text.memcpy   0x10002694        0xc CMakeFiles/key_latency.dir/pico-sdk/src/rp2_common/pico_mem_ops/mem_ops_aeabi.S.obj
                0x10002694                __wrap_memcpy
                0x10002694                __wrap___aeabi_memcpy
 .text._out_null
                0x100026a0        0x4 CMakeFiles/key_latency.dir/pico-sdk/src/rp2_common/pico_printf/printf.c.obj
 .text._out_rev
                0x100026a4       0xac CMakeFiles/key_latency.dir/pico-sdk/src/rp2_common/pico_printf/printf.c.obj
 .text._ntoa_format
                0x10002750      0x1cc CMakeFiles/key_latency.dir/pico-sdk/src/rp2_common/pico_printf/printf.c.obj
 .text._out_char
                0x1000291c       0x10 CMakeFiles/key_latency.dir/pico-sdk/src/rp2_common/pico_printf/printf.c.obj
 .text._out_fct
                0x1000292c       0x10 CMakeFiles/key_latency.dir/pico-sdk/src/rp2_common/pico_printf/printf.c.obj
 .text._ftoa    0x1000293c      0x4a8 CMakeFiles/key_latency.dir/pico-sdk/src/rp2_common/pico_printf/printf.c.obj
 .text._etoa    0x10002de4      0x57c CMakeFiles/key_latency.dir/pico-sdk/src/rp2_common/pico_printf/printf.c.obj
 .text._vsnprintf
                0x10003360      0xbe0 CMakeFiles/key_latency.dir/pico-sdk/src/rp2_common/pico_printf/printf.c.obj
 .text.vfctprintf
                0x10003f40       0x24 CMakeFiles/key_latency.dir/pico-sdk/src/rp2_common/pico_printf/printf.c.obj
                0x10003f40                vfctprintf
 .text.weak_raw_vprintf
                0x10003f64       0x30 CMakeFiles/key_latency.dir/pico-sdk/src/rp2_common/pico_printf/printf.c.obj
                0x10003f64                weak_raw_vprintf
 .text._exit    0x10003f94        0x4 CMakeFiles/key_latency.dir/pico-sdk/src/rp2_common/pico_clib_interface/newlib_interface.c.obj
                0x10003f94                _exit
 .text.exit     0x10003f98        0x8 CMakeFiles/key_latency.dir/pico-sdk/src/rp2_common/pico_clib_interface/newlib_interface.c.obj
                0x10003f98                exit
 .text.runtime_init
                0x10003fa0       0x2c CMakeFiles/key_latency.dir/pico-sdk/src/rp2_common/pico_clib_interface/newlib_interface.c.obj
                0x10003fa0                runtime_init
 .text.stdio_out_chars_no_crlf
                0x10003fcc       0x10 CMakeFiles/key_latency.dir/pico-sdk/src/rp2_common/pico_stdio/stdio.c.obj
 .text.stdio_out_chars_crlf
                0x10003fdc       0xb0 CMakeFiles/key_latency.dir/pico-sdk/src/rp2_common/pico_stdio/stdio.c.obj
 .text.stdio_buffered_printer
                0x1000408c       0x64 CMakeFiles/key_latency.dir/pico-sdk/src/rp2_common/pico_stdio/stdio.c.obj
 .text.stdio_put_string
                0x100040f0       0xfc CMakeFiles/key_latency.dir/pico-sdk/src/rp2_common/pico_stdio/stdio.c.obj
                0x100040f0                stdio_put_string
 .text.stdio_set_driver_enabled
                0x100041ec       0x30 CMakeFiles/key_latency.dir/pico-sdk/src/rp2_common/pico_stdio/stdio.c.obj
                0x100041ec                stdio_set_driver_enabled
 .text.stdio_init_all
                0x1000421c        0x8 CMakeFiles/key_latency.dir/pico-sdk/src/rp2_common/pico_stdio/stdio.c.obj
                0x1000421c                stdio_init_all
 .text.__wrap_putchar
                0x10004224       0x94 CMakeFiles/key_latency.dir/pico-sdk/src/rp2_common/pico_stdio/stdio.c.obj
                0x10004224                __wrap_putchar
                0x10004224                stdio_putchar
 .text.__wrap_puts
                0x100042b8       0x3c CMakeFiles/key_latency.dir/pico-sdk/src/rp2_common/pico_stdio/stdio.c.obj
                0x100042b8                stdio_puts
                0x100042b8                __wrap_puts
 .text.__wrap_vprintf
                0x100042f4       0xcc CMakeFiles/key_latency.dir/pico-sdk/src/rp2_common/pico_stdio/stdio.c.obj
                0x100042f4                stdio_vprintf
                0x100042f4                __wrap_vprintf
 .text.__wrap_printf
                0x100043c0       0x18 CMakeFiles/key_latency.dir/pico-sdk/src/rp2_common/pico_stdio/stdio.c.obj
                0x100043c0                __wrap_printf
                0x100043c0                stdio_printf
 .text.resetd_init
                0x100043d8        0x4 CMakeFiles/key_latency.dir/pico-sdk/src/rp2_common/pico_stdio_usb/reset_interface.c.obj
 .text.resetd_reset
                0x100043dc        0xc CMakeFiles/key_latency.dir/pico-sdk/src/rp2_common/pico_stdio_usb/reset_interface.c.obj
 .text.resetd_open
                0x100043e8       0x28 CMakeFiles/key_latency.dir/pico-sdk/src/rp2_common/pico_stdio_usb/reset_interface.c.obj
 .text.resetd_xfer_cb
                0x10004410        0x4 CMakeFiles/key_latency.dir/pico-sdk/src/rp2_common/pico_stdio_usb/reset_interface.c.obj
 .text.resetd_control_xfer_cb
                0x10004414       0x54 CMakeFiles/key_latency.dir/pico-sdk/src/rp2_common/pico_stdio_usb/reset_interface.c.obj
 .text.tud_descriptor_bos_cb
                0x10004468        0x8 CMakeFiles/key_latency.dir/pico-sdk/src/rp2_common/pico_stdio_usb/reset_interface.c.obj
                0x10004468                tud_descriptor_bos_cb
 .text.tud_vendor_control_xfer_cb
                0x10004470       0x34 CMakeFiles/key_latency.dir/pico-sdk/src/rp2_common/pico_stdio_usb/reset_interface.c.obj
                0x10004470                tud_vendor_control_xfer_cb
 .text.usbd_app_driver_get_cb
                0x100044a4        0xc CMakeFiles/key_latency.dir/pico-sdk/src/rp2_common/pico_stdio_usb/reset_interface.c.obj
                0x100044a4                usbd_app_driver_get_cb
 .text.tud_cdc_line_coding_cb
                0x100044b0       0x2c CMakeFiles/key_latency.dir/pico-sdk/src/rp2_common/pico_stdio_usb/reset_interface.c.obj
                0x100044b0                tud_cdc_line_coding_cb
 .text.stdio_usb_set_chars_available_callback
                0x100044dc       0x14 CMakeFiles/key_latency.dir/pico-sdk/src/rp2_common/pico_stdio_usb/stdio_usb.c.obj
                0x100044dc                stdio_usb_set_chars_available_callback
 .text.usb_irq  0x100044f0       0x10 CMakeFiles/key_latency.dir/pico-sdk/src/rp2_common/pico_stdio_usb/stdio_usb.c.obj
 .text.timer_task
                0x10004500       0x64 CMakeFiles/key_latency.dir/pico-sdk/src/rp2_common/pico_stdio_usb/stdio_usb.c.obj
 .text.stdio_usb_in_chars
                0x10004564       0x8c CMakeFiles/key_latency.dir/pico-sdk/src/rp2_common/pico_stdio_usb/stdio_usb.c.obj
                0x10004564                stdio_usb_in_chars
 .text.stdio_usb_out_flush
                0x100045f0       0x4c CMakeFiles/key_latency.dir/pico-sdk/src/rp2_common/pico_stdio_usb/stdio_usb.c.obj
 .text.stdio_usb_out_chars
                0x1000463c      0x100 CMakeFiles/key_latency.dir/pico-sdk/src/rp2_common/pico_stdio_usb/stdio_usb.c.obj
 .text.low_priority_worker_irq
                0x1000473c       0xc8 CMakeFiles/key_latency.dir/pico-sdk/src/rp2_common/pico_stdio_usb/stdio_usb.c.obj
 .text.stdio_usb_init
                0x10004804       0xe8 CMakeFiles/key_latency.dir/pico-sdk/src/rp2_common/pico_stdio_usb/stdio_usb.c.obj
                0x10004804                stdio_usb_init
 .text.tud_descriptor_device_cb
                0x100048ec        0x8 CMakeFiles/key_latency.dir/pico-sdk/src/rp2_common/pico_stdio_usb/stdio_usb_descriptors.c.obj
                0x100048ec                tud_descriptor_device_cb
 .text.tud_descriptor_configuration_cb
                0x100048f4        0x8 CMakeFiles/key_latency.dir/pico-sdk/src/rp2_common/pico_stdio_usb/stdio_usb_descriptors.c.obj
                0x100048f4                tud_descriptor_configuration_cb
 .text.tud_descriptor_string_cb
                0x100048fc       0x78 CMakeFiles/key_latency.dir/pico-sdk/src/rp2_common/pico_stdio_usb/stdio_usb_descriptors.c.obj
                0x100048fc                tud_descriptor_string_cb
 .text.startup._retrieve_unique_id_on_boot
                0x10004974       0x10 CMakeFiles/key_latency.dir/pico-sdk/src/rp2_common/pico_unique_id/unique_id.c.obj
 .text.pico_get_unique_board_id_string
                0x10004984      0x1a8 CMakeFiles/key_latency.dir/pico-sdk/src/rp2_common/pico_unique_id/unique_id.c.obj
                0x10004984                pico_get_unique_board_id_string
 .text.flash_get_unique_id
                0x10004b2c       0x3c CMakeFiles/key_latency.dir/pico-sdk/src/rp2_common/hardware_flash/flash.c.obj
                0x10004b2c                flash_get_unique_id
 .text.dcd_init
                0x10004b68       0x90 CMakeFiles/key_latency.dir/pico-sdk/lib/tinyusb/src/portable/raspberrypi/rp2040/dcd_rp2040.c.obj
                0x10004b68                dcd_init
 .text.dcd_int_enable
                0x10004bf8        0xc CMakeFiles/key_latency.dir/pico-sdk/lib/tinyusb/src/portable/raspberrypi/rp2040/dcd_rp2040.c.obj
                0x10004bf8                dcd_int_enable
 .text.dcd_set_address
                0x10004c04       0x14 CMakeFiles/key_latency.dir/pico-sdk/lib/tinyusb/src/portable/raspberrypi/rp2040/dcd_rp2040.c.obj
                0x10004c04                dcd_set_address
 .text.dcd_sof_enable
                0x10004c18       0x1c CMakeFiles/key_latency.dir/pico-sdk/lib/tinyusb/src/portable/raspberrypi/rp2040/dcd_rp2040.c.obj
                0x10004c18                dcd_sof_enable
 .text.dcd_edpt0_status_complete
                0x10004c34       0x1c CMakeFiles/key_latency.dir/pico-sdk/lib/tinyusb/src/portable/raspberrypi/rp2040/dcd_rp2040.c.obj
                0x10004c34                dcd_edpt0_status_complete
 .text.dcd_edpt_open
                0x10004c50      0x114 CMakeFiles/key_latency.dir/pico-sdk/lib/tinyusb/src/portable/raspberrypi/rp2040/dcd_rp2040.c.obj
                0x10004c50                dcd_edpt_open
 .text.dcd_edpt_close_all
                0x10004d64        0x8 CMakeFiles/key_latency.dir/pico-sdk/lib/tinyusb/src/portable/raspberrypi/rp2040/dcd_rp2040.c.obj
                0x10004d64                dcd_edpt_close_all
 .text.dcd_edpt_xfer
                0x10004d6c       0x24 CMakeFiles/key_latency.dir/pico-sdk/lib/tinyusb/src/portable/raspberrypi/rp2040/dcd_rp2040.c.obj
                0x10004d6c                dcd_edpt_xfer
 .text.dcd_edpt_stall
                0x10004d90       0x3c CMakeFiles/key_latency.dir/pico-sdk/lib/tinyusb/src/portable/raspberrypi/rp2040/dcd_rp2040.c.obj
                0x10004d90                dcd_edpt_stall
 .text.dcd_edpt_clear_stall
                0x10004dcc       0x30 CMakeFiles/key_latency.dir/pico-sdk/lib/tinyusb/src/portable/raspberrypi/rp2040/dcd_rp2040.c.obj
                0x10004dcc                dcd_edpt_clear_stall
 .text.rp2040_usb_init
                0x10004dfc       0x40 CMakeFiles/key_latency.dir/pico-sdk/lib/tinyusb/src/portable/raspberrypi/rp2040/rp2040_usb.c.obj
                0x10004dfc                rp2040_usb_init
 .text.hw_endpoint_xfer_start
                0x10004e3c       0x40 CMakeFiles/key_latency.dir/pico-sdk/lib/tinyusb/src/portable/raspberrypi/rp2040/rp2040_usb.c.obj
                0x10004e3c                hw_endpoint_xfer_start
 .text.tud_event_hook_cb
                0x10004e7c        0x4 CMakeFiles/key_latency.dir/pico-sdk/lib/tinyusb/src/device/usbd.c.obj
                0x10004e7c                tud_event_hook_cb
 .text.tud_sof_cb
                0x10004e80        0x4 CMakeFiles/key_latency.dir/pico-sdk/lib/tinyusb/src/device/usbd.c.obj
                0x10004e80                tud_sof_cb
 .text.tud_descriptor_device_qualifier_cb
                0x10004e84        0x4 CMakeFiles/key_latency.dir/pico-sdk/lib/tinyusb/src/device/usbd.c.obj
                0x10004e84                tud_descriptor_device_qualifier_cb
 .text.tud_descriptor_other_speed_configuration_cb
                0x10004e88        0x4 CMakeFiles/key_latency.dir/pico-sdk/lib/tinyusb/src/device/usbd.c.obj
                0x10004e88                tud_descriptor_other_speed_configuration_cb
 .text.tud_mount_cb
                0x10004e8c        0x4 CMakeFiles/key_latency.dir/pico-sdk/lib/tinyusb/src/device/usbd.c.obj
                0x10004e8c                tud_mount_cb
 .text.tud_umount_cb
                0x10004e90        0x4 CMakeFiles/key_latency.dir/pico-sdk/lib/tinyusb/src/device/usbd.c.obj
                0x10004e90                tud_umount_cb
 .text.tud_suspend_cb
                0x10004e94        0x4 CMakeFiles/key_latency.dir/pico-sdk/lib/tinyusb/src/device/usbd.c.obj
                0x10004e94                tud_suspend_cb
 .text.tud_resume_cb
                0x10004e98        0x4 CMakeFiles/key_latency.dir/pico-sdk/lib/tinyusb/src/device/usbd.c.obj
                0x10004e98                tud_resume_cb
 .text.tud_mounted
                0x10004e9c       0x10 CMakeFiles/key_latency.dir/pico-sdk/lib/tinyusb/src/device/usbd.c.obj
                0x10004e9c                tud_mounted
 .text.tud_suspended
                0x10004eac       0x10 CMakeFiles/key_latency.dir/pico-sdk/lib/tinyusb/src/device/usbd.c.obj
                0x10004eac                tud_suspended
 .text.tud_rhport_init
                0x10004ebc       0xf4 CMakeFiles/key_latency.dir/pico-sdk/lib/tinyusb/src/device/usbd.c.obj
                0x10004ebc                tud_rhport_init
 .text.tud_task_ext
                0x10004fb0      0x800 CMakeFiles/key_latency.dir/pico-sdk/lib/tinyusb/src/device/usbd.c.obj
                0x10004fb0                tud_task_ext
 .text.usbd_open_edpt_pair
                0x100057b0       0x9c CMakeFiles/key_latency.dir/pico-sdk/lib/tinyusb/src/device/usbd.c.obj
                0x100057b0                usbd_open_edpt_pair
 .text.usbd_edpt_open
                0x1000584c       0x34 CMakeFiles/key_latency.dir/pico-sdk/lib/tinyusb/src/device/usbd.c.obj
                0x1000584c                usbd_edpt_open
 .text.usbd_edpt_claim
                0x10005880       0x28 CMakeFiles/key_latency.dir/pico-sdk/lib/tinyusb/src/device/usbd.c.obj
                0x10005880                usbd_edpt_claim
 .text.usbd_edpt_release
                0x100058a8       0x28 CMakeFiles/key_latency.dir/pico-sdk/lib/tinyusb/src/device/usbd.c.obj
                0x100058a8                usbd_edpt_release
 .text.usbd_edpt_xfer
                0x100058d0       0x4c CMakeFiles/key_latency.dir/pico-sdk/lib/tinyusb/src/device/usbd.c.obj
                0x100058d0                usbd_edpt_xfer
 .text.tud_control_status
                0x1000591c       0x2c CMakeFiles/key_latency.dir/pico-sdk/lib/tinyusb/src/device/usbd_control.c.obj
                0x1000591c                tud_control_status
 .text.tud_control_xfer
                0x10005948       0xa8 CMakeFiles/key_latency.dir/pico-sdk/lib/tinyusb/src/device/usbd_control.c.obj
                0x10005948                tud_control_xfer
 .text.usbd_control_reset
                0x100059f0       0x14 CMakeFiles/key_latency.dir/pico-sdk/lib/tinyusb/src/device/usbd_control.c.obj
                0x100059f0                usbd_control_reset
 .text.usbd_control_set_complete_callback
                0x10005a04        0xc CMakeFiles/key_latency.dir/pico-sdk/lib/tinyusb/src/device/usbd_control.c.obj
                0x10005a04                usbd_control_set_complete_callback
 .text.usbd_control_set_request
                0x10005a10       0x1c CMakeFiles/key_latency.dir/pico-sdk/lib/tinyusb/src/device/usbd_control.c.obj
                0x10005a10                usbd_control_set_request
 .text.usbd_control_xfer_cb
                0x10005a2c       0xec CMakeFiles/key_latency.dir/pico-sdk/lib/tinyusb/src/device/usbd_control.c.obj
                0x10005a2c                usbd_control_xfer_cb
 .text._prep_out_transaction.isra.0
                0x10005b18       0x6c CMakeFiles/key_latency.dir/pico-sdk/lib/tinyusb/src/class/cdc/cdc_device.c.obj
 .text.tud_cdc_n_connected
                0x10005b84       0x2c CMakeFiles/key_latency.dir/pico-sdk/lib/tinyusb/src/class/cdc/cdc_device.c.obj
                0x10005b84                tud_cdc_n_connected
 .text.tud_cdc_n_available
                0x10005bb0       0x14 CMakeFiles/key_latency.dir/pico-sdk/lib/tinyusb/src/class/cdc/cdc_device.c.obj
                0x10005bb0                tud_cdc_n_available
 .text.tud_cdc_n_read
                0x10005bc4       0x88 CMakeFiles/key_latency.dir/pico-sdk/lib/tinyusb/src/class/cdc/cdc_device.c.obj
                0x10005bc4                tud_cdc_n_read
 .text.tud_cdc_n_write_flush
                0x10005c4c       0x74 CMakeFiles/key_latency.dir/pico-sdk/lib/tinyusb/src/class/cdc/cdc_device.c.obj
                0x10005c4c                tud_cdc_n_write_flush
 .text.tud_cdc_n_write
                0x10005cc0       0x40 CMakeFiles/key_latency.dir/pico-sdk/lib/tinyusb/src/class/cdc/cdc_device.c.obj
                0x10005cc0                tud_cdc_n_write
 .text.tud_cdc_n_write_available
                0x10005d00       0x14 CMakeFiles/key_latency.dir/pico-sdk/lib/tinyusb/src/class/cdc/cdc_device.c.obj
                0x10005d00                tud_cdc_n_write_available
 .text.cdcd_init
                0x10005d14       0x70 CMakeFiles/key_latency.dir/pico-sdk/lib/tinyusb/src/class/cdc/cdc_device.c.obj
                0x10005d14                cdcd_init
 .text.cdcd_deinit
                0x10005d84       0x30 CMakeFiles/key_latency.dir/pico-sdk/lib/tinyusb/src/class/cdc/cdc_device.c.obj
                0x10005d84                cdcd_deinit
 .text.cdcd_reset
                0x10005db4       0x4c CMakeFiles/key_latency.dir/pico-sdk/lib/tinyusb/src/class/cdc/cdc_device.c.obj
                0x10005db4                cdcd_reset
 .text.cdcd_open
                0x10005e00       0xa4 CMakeFiles/key_latency.dir/pico-sdk/lib/tinyusb/src/class/cdc/cdc_device.c.obj
                0x10005e00                cdcd_open
 .text.cdcd_control_xfer_cb
                0x10005ea4       0xe8 CMakeFiles/key_latency.dir/pico-sdk/lib/tinyusb/src/class/cdc/cdc_device.c.obj
                0x10005ea4                cdcd_control_xfer_cb
 .text.cdcd_xfer_cb
                0x10005f8c      0x100 CMakeFiles/key_latency.dir/pico-sdk/lib/tinyusb/src/class/cdc/cdc_device.c.obj
                0x10005f8c                cdcd_xfer_cb
 .text.vendord_init
                0x1000608c       0x5c CMakeFiles/key_latency.dir/pico-sdk/lib/tinyusb/src/class/vendor/vendor_device.c.obj
                0x1000608c                vendord_init
 .text.vendord_deinit
                0x100060e8       0x1c CMakeFiles/key_latency.dir/pico-sdk/lib/tinyusb/src/class/vendor/vendor_device.c.obj
                0x100060e8                vendord_deinit
 .text.vendord_reset
                0x10006104       0x28 CMakeFiles/key_latency.dir/pico-sdk/lib/tinyusb/src/class/vendor/vendor_device.c.obj
                0x10006104                vendord_reset
 .text.vendord_open
                0x1000612c      0x120 CMakeFiles/key_latency.dir/pico-sdk/lib/tinyusb/src/class/vendor/vendor_device.c.obj
                0x1000612c                vendord_open
 .text.vendord_xfer_cb
                0x1000624c       0x9c CMakeFiles/key_latency.dir/pico-sdk/lib/tinyusb/src/class/vendor/vendor_device.c.obj
                0x1000624c                vendord_xfer_cb
 .text.tusb_rhport_init
                0x100062e8       0x4c CMakeFiles/key_latency.dir/pico-sdk/lib/tinyusb/src/tusb.c.obj
                0x100062e8                tusb_rhport_init
 .text.tu_edpt_claim
                0x10006334       0x50 CMakeFiles/key_latency.dir/pico-sdk/lib/tinyusb/src/tusb.c.obj
                0x10006334                tu_edpt_claim
 .text.tu_edpt_release
                0x10006384       0x38 CMakeFiles/key_latency.dir/pico-sdk/lib/tinyusb/src/tusb.c.obj
                0x10006384                tu_edpt_release
 .text.tu_edpt_validate
                0x100063bc       0x7c CMakeFiles/key_latency.dir/pico-sdk/lib/tinyusb/src/tusb.c.obj
                0x100063bc                tu_edpt_validate
 .text.tu_edpt_bind_driver
                0x10006438       0x34 CMakeFiles/key_latency.dir/pico-sdk/lib/tinyusb/src/tusb.c.obj
                0x10006438                tu_edpt_bind_driver
 .text.tu_edpt_stream_init
                0x1000646c       0x6c CMakeFiles/key_latency.dir/pico-sdk/lib/tinyusb/src/tusb.c.obj
                0x1000646c                tu_edpt_stream_init
 .text.tu_edpt_stream_deinit
                0x100064d8        0x4 CMakeFiles/key_latency.dir/pico-sdk/lib/tinyusb/src/tusb.c.obj
                0x100064d8                tu_edpt_stream_deinit
 .text.tu_edpt_stream_write_zlp_if_needed
                0x100064dc       0x68 CMakeFiles/key_latency.dir/pico-sdk/lib/tinyusb/src/tusb.c.obj
                0x100064dc                tu_edpt_stream_write_zlp_if_needed
 .text.tu_edpt_stream_write_xfer
                0x10006544       0x68 CMakeFiles/key_latency.dir/pico-sdk/lib/tinyusb/src/tusb.c.obj
                0x10006544                tu_edpt_stream_write_xfer
 .text.tu_edpt_stream_read_xfer
                0x100065ac       0xd8 CMakeFiles/key_latency.dir/pico-sdk/lib/tinyusb/src/tusb.c.obj
                0x100065ac                tu_edpt_stream_read_xfer
 .text.tu_fifo_config
                0x10006684       0x6c CMakeFiles/key_latency.dir/pico-sdk/lib/tinyusb/src/common/tusb_fifo.c.obj
                0x10006684                tu_fifo_config
 .text.tu_fifo_count
                0x100066f0       0x2c CMakeFiles/key_latency.dir/pico-sdk/lib/tinyusb/src/common/tusb_fifo.c.obj
                0x100066f0                tu_fifo_count
 .text.tu_fifo_empty
                0x1000671c       0x10 CMakeFiles/key_latency.dir/pico-sdk/lib/tinyusb/src/common/tusb_fifo.c.obj
                0x1000671c                tu_fifo_empty
 .text.tu_fifo_remaining
                0x1000672c       0x2c CMakeFiles/key_latency.dir/pico-sdk/lib/tinyusb/src/common/tusb_fifo.c.obj
                0x1000672c                tu_fifo_remaining
 .text.tu_fifo_read
                0x10006758       0x9c CMakeFiles/key_latency.dir/pico-sdk/lib/tinyusb/src/common/tusb_fifo.c.obj
                0x10006758                tu_fifo_read
 .text.tu_fifo_read_n
                0x100067f4       0xe8 CMakeFiles/key_latency.dir/pico-sdk/lib/tinyusb/src/common/tusb_fifo.c.obj
                0x100067f4                tu_fifo_read_n
 .text.tu_fifo_write
                0x100068dc       0xa4 CMakeFiles/key_latency.dir/pico-sdk/lib/tinyusb/src/common/tusb_fifo.c.obj
                0x100068dc                tu_fifo_write
 .text.tu_fifo_write_n
                0x10006980      0x178 CMakeFiles/key_latency.dir/pico-sdk/lib/tinyusb/src/common/tusb_fifo.c.obj
                0x10006980                tu_fifo_write_n
 .text.tu_fifo_clear
                0x10006af8       0x40 CMakeFiles/key_latency.dir/pico-sdk/lib/tinyusb/src/common/tusb_fifo.c.obj
                0x10006af8                tu_fifo_clear
 .text.tu_fifo_set_overwritable
                0x10006b38       0x48 CMakeFiles/key_latency.dir/pico-sdk/lib/tinyusb/src/common/tusb_fifo.c.obj
                0x10006b38                tu_fifo_set_overwritable
 .text.strlen   0x10006b80       0x5c C:/gcc-arm/bin/../lib/gcc/arm-none-eabi/14.2.1/thumb/v6-m/nofp\libg.a(libc_a-strlen-stub.o)
                0x10006b80                strlen
 *(.fini)
 .fini          0x10006bdc        0x4 C:/gcc-arm/bin/../lib/gcc/arm-none-eabi/14.2.1/thumb/v6-m/nofp/crti.o
                0x10006bdc                _fini
 .fini.__stub   0x10006be0       0xc0 linker stubs
 *crtbegin.o(.ctors)
 *crtbegin?.o(.ctors)
 *(EXCLUDE_FILE(*crtend.o *crtend?.o) .ctors)
 *(SORT_BY_NAME(.ctors.*))
 *(.ctors)
 *crtbegin.o(.dtors)
 *crtbegin?.o(.dtors)
 *(EXCLUDE_FILE(*crtend.o *crtend?.o) .dtors)
 *(SORT_BY_NAME(.dtors.*))
 *(.dtors)
                0x10006ca0                        . = ALIGN (0x4)
                0x10006ca0                        PROVIDE (__preinit_array_start = .)
 *(SORT_BY_NAME(.preinit_array.*))
 .preinit_array.00100
                0x10006ca0        0x4 CMakeFiles/key_latency.dir/pico-sdk/src/rp2_common/pico_runtime_init/runtime_init.c.obj
                0x10006ca0                __pre_init_runtime_init_early_resets
 .preinit_array.00101
                0x10006ca4        0x4 CMakeFiles/key_latency.dir/pico-sdk/src/rp2_common/pico_runtime_init/runtime_init.c.obj
                0x10006ca4                __pre_init_runtime_init_usb_power_down
 .preinit_array.00275
                0x10006ca8        0x4 CMakeFiles/key_latency.dir/pico-sdk/src/rp2_common/pico_bit_ops/bit_ops_aeabi.S.obj
 .preinit_array.00300
                0x10006cac        0x4 CMakeFiles/key_latency.dir/pico-sdk/src/rp2_common/pico_mem_ops/mem_ops_aeabi.S.obj
 .preinit_array.00350
                0x10006cb0        0x4 CMakeFiles/key_latency.dir/pico-sdk/src/rp2_common/pico_double/double_aeabi_rp2040.S.obj
 .preinit_array.00350
                0x10006cb4        0x4 CMakeFiles/key_latency.dir/pico-sdk/src/rp2_common/pico_float/float_aeabi_rp2040.S.obj
 .preinit_array.00500
                0x10006cb8        0x4 CMakeFiles/key_latency.dir/pico-sdk/src/rp2_common/pico_runtime_init/runtime_init.c.obj
                0x10006cb8                __pre_init_runtime_init_clocks
 .preinit_array.00600
                0x10006cbc        0x4 CMakeFiles/key_latency.dir/pico-sdk/src/rp2_common/pico_runtime_init/runtime_init.c.obj
                0x10006cbc                __pre_init_runtime_init_post_clock_resets
 .preinit_array.00700
                0x10006cc0        0x4 CMakeFiles/key_latency.dir/pico-sdk/src/rp2_common/pico_runtime_init/runtime_init.c.obj
                0x10006cc0                __pre_init_runtime_init_rp2040_gpio_ie_disable
 .preinit_array.01000
                0x10006cc4        0x4 CMakeFiles/key_latency.dir/pico-sdk/src/rp2_common/pico_runtime_init/runtime_init.c.obj
                0x10006cc4                __pre_init_runtime_init_spin_locks_reset
 .preinit_array.01100
                0x10006cc8        0x4 CMakeFiles/key_latency.dir/pico-sdk/src/common/pico_sync/mutex.c.obj
                0x10006cc8                __pre_init_runtime_init_mutex
 .preinit_array.10080
                0x10006ccc        0x4 CMakeFiles/key_latency.dir/pico-sdk/src/rp2_common/pico_runtime_init/runtime_init.c.obj
                0x10006ccc                __pre_init_runtime_init_install_ram_vector_table
 .preinit_array.11000
                0x10006cd0        0x4 CMakeFiles/key_latency.dir/pico-sdk/src/common/pico_time/time.c.obj
                0x10006cd0                __pre_init_runtime_init_default_alarm_pool
 .preinit_array.YYYYY
                0x10006cd4        0x4 CMakeFiles/key_latency.dir/pico-sdk/src/rp2_common/pico_runtime/runtime.c.obj
                0x10006cd4                __pre_init_first_per_core_initializer
 .preinit_array.ZZZZZ.01200
                0x10006cd8        0x4 CMakeFiles/key_latency.dir/pico-sdk/src/rp2_common/hardware_irq/irq.c.obj
                0x10006cd8                __pre_init_runtime_init_per_core_irq_priorities
 *(.preinit_array)
                0x10006cdc                        PROVIDE (__preinit_array_end = .)
                0x10006cdc                        . = ALIGN (0x4)
                0x10006cdc                        PROVIDE (__init_array_start = .)
 *(SORT_BY_NAME(.init_array.*))
 .init_array.01000
                0x10006cdc        0x4 CMakeFiles/key_latency.dir/pico-sdk/src/rp2_common/pico_unique_id/unique_id.c.obj
 *(.init_array)
 .init_array    0x10006ce0        0x4 C:/gcc-arm/bin/../lib/gcc/arm-none-eabi/14.2.1/thumb/v6-m/nofp/crtbegin.o
                0x10006ce4                        PROVIDE (__init_array_end = .)
                0x10006ce4                        . = ALIGN (0x4)
                [!provide]                        PROVIDE (__fini_array_start = .)
 *(SORT_BY_NAME(.fini_array.*))
 *(.fini_array)
                [!provide]                        PROVIDE (__fini_array_end = .)
 *(.eh_frame*)
 .eh_frame      0x10006ce4        0x0 C:/gcc-arm/bin/../lib/gcc/arm-none-eabi/14.2.1/thumb/v6-m/nofp/crtbegin.o
                0x10006ce4                        . = ALIGN (0x4)

.glue_7         0x10006ce4        0x0
 .glue_7        0x10006ce4        0x0 linker stubs

.glue_7t        0x10006ce4        0x0
 .glue_7t       0x10006ce4        0x0 linker stubs

.vfp11_veneer   0x10006ce4        0x0
 .vfp11_veneer  0x10006ce4        0x0 linker stubs

.v4_bx          0x10006ce4        0x0
 .v4_bx         0x10006ce4        0x0 linker stubs

.iplt           0x10006ce4        0x0
 .iplt          0x10006ce4        0x0 C:/gcc-arm/bin/../lib/gcc/arm-none-eabi/14.2.1/thumb/v6-m/nofp/crtbegin.o

.rodata         0x10006ce8      0x68c
 *(EXCLUDE_FILE(*libm.a: *libc.a:*lib_a-mem*.o *libgcc.a:) .rodata*)
 .rodata.main.str1.4
                0x10006ce8      0x1e4 CMakeFiles/key_latency.dir/main.c.obj
                                 0x74 (size before relaxing)
 .rodata.panic.str1.4
                0x10006ecc       0x12 CMakeFiles/key_latency.dir/pico-sdk/src/rp2_common/pico_platform_panic/panic.c.obj
 .rodata.spin_lock_claim_unused.str1.4
                0x10006ecc       0x1b CMakeFiles/key_latency.dir/pico-sdk/src/rp2_common/hardware_sync/sync.c.obj
 .rodata.user_irq_claim_unused.str1.4
                0x10006ecc       0x1b CMakeFiles/key_latency.dir/pico-sdk/src/rp2_common/hardware_irq/irq.c.obj
 .rodata.timer_hardware_alarm_claim.str1.4
                0x10006ecc       0x22 CMakeFiles/key_latency.dir/pico-sdk/src/rp2_common/hardware_timer/timer.c.obj
 .rodata.hard_assertion_failure.str1.4
                0x10006ecc        0xc CMakeFiles/key_latency.dir/pico-sdk/src/rp2_common/pico_runtime/runtime.c.obj
 .rodata.str1.4
                0x10006ecc       0x40 CMakeFiles/key_latency.dir/pico-sdk/src/rp2_common/pico_standard_binary_info/standard_binary_info.c.obj
 .rodata.__bi_84
                0x10006ecc        0xc CMakeFiles/key_latency.dir/pico-sdk/src/rp2_common/pico_standard_binary_info/standard_binary_info.c.obj
 .rodata.__bi_78
                0x10006ed8        0xc CMakeFiles/key_latency.dir/pico-sdk/src/rp2_common/pico_standard_binary_info/standard_binary_info.c.obj
 .rodata.__bi_54
                0x10006ee4        0xc CMakeFiles/key_latency.dir/pico-sdk/src/rp2_common/pico_standard_binary_info/standard_binary_info.c.obj
 .rodata.__bi_48
                0x10006ef0        0xc CMakeFiles/key_latency.dir/pico-sdk/src/rp2_common/pico_standard_binary_info/standard_binary_info.c.obj
 .rodata.__bi_42
                0x10006efc        0xc CMakeFiles/key_latency.dir/pico-sdk/src/rp2_common/pico_standard_binary_info/standard_binary_info.c.obj
 .rodata.__bi_34
                0x10006f08        0xc CMakeFiles/key_latency.dir/pico-sdk/src/rp2_common/pico_standard_binary_info/standard_binary_info.c.obj
 .rodata.__bi_26
                0x10006f14        0xc CMakeFiles/key_latency.dir/pico-sdk/src/rp2_common/pico_standard_binary_info/standard_binary_info.c.obj
 .rodata._ftoa.str1.4
                0x10006f20       0x15 CMakeFiles/key_latency.dir/pico-sdk/src/rp2_common/pico_printf/printf.c.obj
 .rodata._vsnprintf
                0x10006f20      0x19c CMakeFiles/key_latency.dir/pico-sdk/src/rp2_common/pico_printf/printf.c.obj
 *fill*         0x100070bc        0x4 
 .rodata.pow10.0
                0x100070c0       0x50 CMakeFiles/key_latency.dir/pico-sdk/src/rp2_common/pico_printf/printf.c.obj
 .rodata.crlf_str.0
                0x10007110        0x2 CMakeFiles/key_latency.dir/pico-sdk/src/rp2_common/pico_stdio/stdio.c.obj
 *fill*         0x10007112        0x2 
 .rodata._resetd_driver
                0x10007114       0x20 CMakeFiles/key_latency.dir/pico-sdk/src/rp2_common/pico_stdio_usb/reset_interface.c.obj
 .rodata.desc_ms_os_20
                0x10007134       0xa6 CMakeFiles/key_latency.dir/pico-sdk/src/rp2_common/pico_stdio_usb/reset_interface.c.obj
 *fill*         0x100071da        0x2 
 .rodata.desc_bos
                0x100071dc       0x21 CMakeFiles/key_latency.dir/pico-sdk/src/rp2_common/pico_stdio_usb/reset_interface.c.obj
                0x100071dc                desc_bos
 .rodata.str1.4
                0x100071fd       0x13 CMakeFiles/key_latency.dir/pico-sdk/src/rp2_common/pico_stdio_usb/stdio_usb.c.obj
 *fill*         0x100071fd        0x3 
 .rodata.__bi_202.0
                0x10007200        0xc CMakeFiles/key_latency.dir/pico-sdk/src/rp2_common/pico_stdio_usb/stdio_usb.c.obj
 .rodata.str1.4
                0x1000720c       0x2a CMakeFiles/key_latency.dir/pico-sdk/src/rp2_common/pico_stdio_usb/stdio_usb_descriptors.c.obj
 .rodata.usbd_desc_str
                0x1000720c       0x18 CMakeFiles/key_latency.dir/pico-sdk/src/rp2_common/pico_stdio_usb/stdio_usb_descriptors.c.obj
 .rodata.usbd_desc_cfg
                0x10007224       0x54 CMakeFiles/key_latency.dir/pico-sdk/src/rp2_common/pico_stdio_usb/stdio_usb_descriptors.c.obj
 .rodata.usbd_desc_device
                0x10007278       0x12 CMakeFiles/key_latency.dir/pico-sdk/src/rp2_common/pico_stdio_usb/stdio_usb_descriptors.c.obj
 .rodata.str1.4
                0x1000728a       0x14 CMakeFiles/key_latency.dir/pico-sdk/lib/tinyusb/src/portable/raspberrypi/rp2040/dcd_rp2040.c.obj
 .rodata.str1.4
                0x1000728a       0x48 CMakeFiles/key_latency.dir/pico-sdk/lib/tinyusb/src/portable/raspberrypi/rp2040/rp2040_usb.c.obj
 *fill*         0x1000728a        0x2 
 .rodata.tud_task_ext
                0x1000728c       0x8c CMakeFiles/key_latency.dir/pico-sdk/lib/tinyusb/src/device/usbd.c.obj
 .rodata        0x10007318       0x1c CMakeFiles/key_latency.dir/pico-sdk/lib/tinyusb/src/device/usbd.c.obj
 .rodata._usbd_driver
                0x10007334       0x40 CMakeFiles/key_latency.dir/pico-sdk/lib/tinyusb/src/device/usbd.c.obj
                0x10007374                        . = ALIGN (0x4)
 *(SORT_BY_ALIGNMENT(SORT_BY_NAME(.flashdata*)))
                0x10007374                        . = ALIGN (0x4)

.ARM.extab
 *(.ARM.extab* .gnu.linkonce.armextab.*)
                0x10007374                        __exidx_start = .

.ARM.exidx
 *(.ARM.exidx* .gnu.linkonce.armexidx.*)
                0x10007374                        __exidx_end = .
                0x10007374                        . = ALIGN (0x4)
                0x10007374                        __binary_info_start = .

.binary_info    0x10007374       0x20
 *(.binary_info.keep.*)
 .binary_info.keep.__bi_ptr84
                0x10007374        0x4 CMakeFiles/key_latency.dir/pico-sdk/src/rp2_common/pico_standard_binary_info/standard_binary_info.c.obj
 .binary_info.keep.__bi_ptr78
                0x10007378        0x4 CMakeFiles/key_latency.dir/pico-sdk/src/rp2_common/pico_standard_binary_info/standard_binary_info.c.obj
 .binary_info.keep.__bi_ptr54
                0x1000737c        0x4 CMakeFiles/key_latency.dir/pico-sdk/src/rp2_common/pico_standard_binary_info/standard_binary_info.c.obj
 .binary_info.keep.__bi_ptr48
                0x10007380        0x4 CMakeFiles/key_latency.dir/pico-sdk/src/rp2_common/pico_standard_binary_info/standard_binary_info.c.obj
 .binary_info.keep.__bi_ptr42
                0x10007384        0x4 CMakeFiles/key_latency.dir/pico-sdk/src/rp2_common/pico_standard_binary_info/standard_binary_info.c.obj
 .binary_info.keep.__bi_ptr34
                0x10007388        0x4 CMakeFiles/key_latency.dir/pico-sdk/src/rp2_common/pico_standard_binary_info/standard_binary_info.c.obj
 .binary_info.keep.__bi_ptr26
                0x1000738c        0x4 CMakeFiles/key_latency.dir/pico-sdk/src/rp2_common/pico_standard_binary_info/standard_binary_info.c.obj
 *(.binary_info.*)
 .binary_info.__bi_ptr202
                0x10007390        0x4 CMakeFiles/key_latency.dir/pico-sdk/src/rp2_common/pico_stdio_usb/stdio_usb.c.obj
                0x10007394                        __binary_info_end = .
                0x10007394                        . = ALIGN (0x4)

.ram_vector_table
                0x20000000       0xc0
 *(.ram_vector_table)
 .ram_vector_table
                0x20000000       0xc0 CMakeFiles/key_latency.dir/pico-sdk/src/rp2_common/pico_runtime_init/runtime_init.c.obj
                0x20000000                ram_vector_table

.uninitialized_data
                0x200000c0        0x0
                0x200000c0                        . = ALIGN (0x4)
 *(.uninitialized_data*)

.data           0x200000c0      0xff0 load address 0x10007394
                0x200000c0                        __data_start__ = .
 *(vtable)
 *(.time_critical*)
 .time_critical.mutex_try_enter
                0x200000c0       0x40 CMakeFiles/key_latency.dir/pico-sdk/src/common/pico_sync/mutex.c.obj
                0x200000c0                mutex_try_enter
 .time_critical.mutex_try_enter_block_until
                0x20000100       0x98 CMakeFiles/key_latency.dir/pico-sdk/src/common/pico_sync/mutex.c.obj
                0x20000100                mutex_try_enter_block_until
 .time_critical.mutex_enter_timeout_ms
                0x20000198       0x8c CMakeFiles/key_latency.dir/pico-sdk/src/common/pico_sync/mutex.c.obj
                0x20000198                mutex_enter_timeout_ms
 .time_critical.mutex_exit
                0x20000224       0x28 CMakeFiles/key_latency.dir/pico-sdk/src/common/pico_sync/mutex.c.obj
                0x20000224                mutex_exit
 .time_critical.flash_init_boot2_copyout
                0x2000024c       0x30 CMakeFiles/key_latency.dir/pico-sdk/src/rp2_common/hardware_flash/flash.c.obj
 .time_critical.flash_enable_xip_via_boot2
                0x2000027c        0xc CMakeFiles/key_latency.dir/pico-sdk/src/rp2_common/hardware_flash/flash.c.obj
 .time_critical.flash_save_hardware_state
                0x20000288       0x20 CMakeFiles/key_latency.dir/pico-sdk/src/rp2_common/hardware_flash/flash.c.obj
 .time_critical.flash_restore_hardware_state
                0x200002a8       0x20 CMakeFiles/key_latency.dir/pico-sdk/src/rp2_common/hardware_flash/flash.c.obj
 .time_critical.flash_cs_force
                0x200002c8       0x38 CMakeFiles/key_latency.dir/pico-sdk/src/rp2_common/hardware_flash/flash.c.obj
 .time_critical.flash_do_cmd
                0x20000300      0x13c CMakeFiles/key_latency.dir/pico-sdk/src/rp2_common/hardware_flash/flash.c.obj
                0x20000300                flash_do_cmd
 .time_critical.reset_non_control_endpoints
                0x2000043c       0x68 CMakeFiles/key_latency.dir/pico-sdk/lib/tinyusb/src/portable/raspberrypi/rp2040/dcd_rp2040.c.obj
 .time_critical.hw_handle_buff_status
                0x200004a4       0xa0 CMakeFiles/key_latency.dir/pico-sdk/lib/tinyusb/src/portable/raspberrypi/rp2040/dcd_rp2040.c.obj
 .time_critical.dcd_rp2040_irq
                0x20000544      0x548 CMakeFiles/key_latency.dir/pico-sdk/lib/tinyusb/src/portable/raspberrypi/rp2040/dcd_rp2040.c.obj
 .time_critical.prepare_ep_buffer
                0x20000a8c       0xc8 CMakeFiles/key_latency.dir/pico-sdk/lib/tinyusb/src/portable/raspberrypi/rp2040/rp2040_usb.c.obj
 .time_critical.sync_ep_buffer
                0x20000b54       0x9c CMakeFiles/key_latency.dir/pico-sdk/lib/tinyusb/src/portable/raspberrypi/rp2040/rp2040_usb.c.obj
 .time_critical._hw_endpoint_xfer_sync
                0x20000bf0       0x28 CMakeFiles/key_latency.dir/pico-sdk/lib/tinyusb/src/portable/raspberrypi/rp2040/rp2040_usb.c.obj
 .time_critical.e15_is_bulkin_ep
                0x20000c18       0x28 CMakeFiles/key_latency.dir/pico-sdk/lib/tinyusb/src/portable/raspberrypi/rp2040/rp2040_usb.c.obj
 .time_critical.e15_is_critical_frame_period
                0x20000c40       0x34 CMakeFiles/key_latency.dir/pico-sdk/lib/tinyusb/src/portable/raspberrypi/rp2040/rp2040_usb.c.obj
 .time_critical.hw_endpoint_reset_transfer
                0x20000c74        0xc CMakeFiles/key_latency.dir/pico-sdk/lib/tinyusb/src/portable/raspberrypi/rp2040/rp2040_usb.c.obj
                0x20000c74                hw_endpoint_reset_transfer
 .time_critical._hw_endpoint_buffer_control_update32
                0x20000c80       0x50 CMakeFiles/key_latency.dir/pico-sdk/lib/tinyusb/src/portable/raspberrypi/rp2040/rp2040_usb.c.obj
                0x20000c80                _hw_endpoint_buffer_control_update32
 .time_critical.hw_endpoint_start_next_buffer
                0x20000cd0       0x68 CMakeFiles/key_latency.dir/pico-sdk/lib/tinyusb/src/portable/raspberrypi/rp2040/rp2040_usb.c.obj
                0x20000cd0                hw_endpoint_start_next_buffer
 .time_critical.hw_endpoint_xfer_continue
                0x20000d38       0x40 CMakeFiles/key_latency.dir/pico-sdk/lib/tinyusb/src/portable/raspberrypi/rp2040/rp2040_usb.c.obj
                0x20000d38                hw_endpoint_xfer_continue
 .time_critical.tinyusb
                0x20000d78      0x1e4 CMakeFiles/key_latency.dir/pico-sdk/lib/tinyusb/src/device/usbd.c.obj
                0x20000d78                dcd_event_handler
 *(.text*)
 .text          0x20000f5c        0x4 C:/gcc-arm/bin/../lib/gcc/arm-none-eabi/14.2.1/thumb/v6-m/nofp\libgcc.a(_dvmd_tls.o)
                0x20000f5c                __aeabi_idiv0
                0x20000f5c                __aeabi_ldiv0
 .text.__stub   0x20000f60       0x80 linker stubs
                0x20000fe0                        . = ALIGN (0x4)
 *(.rodata*)
                0x20000fe0                        . = ALIGN (0x4)
 *(.data*)
 .data.striped_spin_lock_num
                0x20000fe0        0x1 CMakeFiles/key_latency.dir/pico-sdk/src/rp2_common/hardware_sync/sync.c.obj
 *fill*         0x20000fe1        0x3 
 .data          0x20000fe4       0x48 CMakeFiles/key_latency.dir/pico-sdk/src/rp2_common/hardware_irq/irq_handler_chain.S.obj
                0x20000fe4                irq_handler_chain_slots
                0x20001014                irq_handler_chain_first_slot
                0x2000101e                irq_handler_chain_remove_tail
 .data.default_alarm_pool
                0x2000102c       0x18 CMakeFiles/key_latency.dir/pico-sdk/src/common/pico_time/time.c.obj
 *fill*         0x20001044        0xc 
 .data.aeabi_bits_funcs
                0x20001050       0x10 CMakeFiles/key_latency.dir/pico-sdk/src/rp2_common/pico_bit_ops/bit_ops_aeabi.S.obj
                0x20001050                aeabi_bits_funcs
                0x20001060                aeabi_bits_funcs_end
 .data.aeabi_mem_funcs
                0x20001060       0x10 CMakeFiles/key_latency.dir/pico-sdk/src/rp2_common/pico_mem_ops/mem_ops_aeabi.S.obj
                0x20001060                aeabi_mem_funcs
                0x20001070                aeabi_mem_funcs_end
 .data.stdio_usb
                0x20001070       0x18 CMakeFiles/key_latency.dir/pico-sdk/src/rp2_common/pico_stdio_usb/stdio_usb.c.obj
                0x20001070                stdio_usb
 .data._usbd_qdef
                0x20001088       0x1c CMakeFiles/key_latency.dir/pico-sdk/lib/tinyusb/src/device/usbd.c.obj
                0x20001088                _usbd_qdef
 .data._usbd_rhport
                0x200010a4        0x1 CMakeFiles/key_latency.dir/pico-sdk/lib/tinyusb/src/device/usbd.c.obj
                0x200010a8                        . = ALIGN (0x4)
 *fill*         0x200010a5        0x3 
 *(.after_data.*)
                0x200010a8                        . = ALIGN (0x4)
                0x200010a8                        PROVIDE (__mutex_array_start = .)
 *(SORT_BY_NAME(.mutex_array.*))
 *(.mutex_array)
 .mutex_array   0x200010a8        0x8 CMakeFiles/key_latency.dir/pico-sdk/src/rp2_common/pico_stdio/stdio.c.obj
                0x200010b0                        PROVIDE (__mutex_array_end = .)
                0x200010b0                        . = ALIGN (0x4)
 *(.jcr)
                0x200010b0                        . = ALIGN (0x4)

.tm_clone_table
                0x200010b0        0x0 load address 0x10008384
 .tm_clone_table
                0x200010b0        0x0 C:/gcc-arm/bin/../lib/gcc/arm-none-eabi/14.2.1/thumb/v6-m/nofp/crtbegin.o
 .tm_clone_table
                0x200010b0        0x0 C:/gcc-arm/bin/../lib/gcc/arm-none-eabi/14.2.1/thumb/v6-m/nofp/crtend.o

.igot.plt       0x200010b0        0x0 load address 0x10008384
 .igot.plt      0x200010b0        0x0 C:/gcc-arm/bin/../lib/gcc/arm-none-eabi/14.2.1/thumb/v6-m/nofp/crtbegin.o

.tdata          0x200010b0        0x0 load address 0x10008384
                0x200010b0                        . = ALIGN (0x4)
 *(.tdata .tdata.* .gnu.linkonce.td.*)
                0x200010b0                        __tdata_end = .
                0x200010b0                        PROVIDE (__data_end__ = .)
                0x10007394                        __etext = LOADADDR (.data)

.tbss           0x200010b0        0x0 load address 0x10008384
                0x200010b0                        . = ALIGN (0x4)
                0x200010b0                        __bss_start__ = .
                0x200010b0                        __tls_base = .
 *(.tbss .tbss.* .gnu.linkonce.tb.*)
 *(.tcommon)
                0x200010b0                        __tls_end = .

.bss            0x200010b0     0x1308 load address 0x10008384
                0x200010b0                        . = ALIGN (0x4)
                0x200010b0                        __tbss_end = .
 *(SORT_BY_ALIGNMENT(SORT_BY_NAME(.bss*)))
 .bss.default_alarm_pool_entries
                0x200010b0      0x180 CMakeFiles/key_latency.dir/pico-sdk/src/common/pico_time/time.c.obj
 .bss.event_queue
                0x20001230      0x400 CMakeFiles/key_latency.dir/main.c.obj
 .bss.last_avail_time.1
                0x20001630        0x8 CMakeFiles/key_latency.dir/pico-sdk/src/rp2_common/pico_stdio_usb/stdio_usb.c.obj
 .bss.sd_table  0x20001638      0x100 CMakeFiles/key_latency.dir/pico-sdk/src/rp2_common/pico_double/double_init_rom_rp2040.c.obj
                0x20001638                sd_table
 .bss.sf_table  0x20001738      0x100 CMakeFiles/key_latency.dir/pico-sdk/src/rp2_common/pico_float/float_init_rom_rp2040.c.obj
                0x20001738                sf_table
 .bss._app_driver
                0x20001838        0x4 CMakeFiles/key_latency.dir/pico-sdk/lib/tinyusb/src/device/usbd.c.obj
 .bss._cdcd_epbuf
                0x2000183c       0x80 CMakeFiles/key_latency.dir/pico-sdk/lib/tinyusb/src/class/cdc/cdc_device.c.obj
 .bss._cdcd_fifo_cfg
                0x200018bc        0x1 CMakeFiles/key_latency.dir/pico-sdk/lib/tinyusb/src/class/cdc/cdc_device.c.obj
 *fill*         0x200018bd        0x3 
 .bss._cdcd_itf
                0x200018c0       0xc8 CMakeFiles/key_latency.dir/pico-sdk/lib/tinyusb/src/class/cdc/cdc_device.c.obj
 .bss._ctrl_epbuf
                0x20001988       0x40 CMakeFiles/key_latency.dir/pico-sdk/lib/tinyusb/src/device/usbd_control.c.obj
 .bss._ctrl_xfer
                0x200019c8       0x14 CMakeFiles/key_latency.dir/pico-sdk/lib/tinyusb/src/device/usbd_control.c.obj
 .bss._tusb_rhport_role
                0x200019dc        0x2 CMakeFiles/key_latency.dir/pico-sdk/lib/tinyusb/src/tusb.c.obj
                0x200019dc                _tusb_rhport_role
 *fill*         0x200019de        0x2 
 .bss._ubsd_mutexdef
                0x200019e0        0x8 CMakeFiles/key_latency.dir/pico-sdk/lib/tinyusb/src/device/usbd.c.obj
 .bss._usbd_dev
                0x200019e8       0x54 CMakeFiles/key_latency.dir/pico-sdk/lib/tinyusb/src/device/usbd.c.obj
 .bss._usbd_mutex
                0x20001a3c        0x4 CMakeFiles/key_latency.dir/pico-sdk/lib/tinyusb/src/device/usbd.c.obj
 .bss._usbd_q   0x20001a40        0x4 CMakeFiles/key_latency.dir/pico-sdk/lib/tinyusb/src/device/usbd.c.obj
 .bss._usbd_qdef_buf
                0x20001a44       0xc0 CMakeFiles/key_latency.dir/pico-sdk/lib/tinyusb/src/device/usbd.c.obj
                0x20001a44                _usbd_qdef_buf
 .bss._vendord_epbuf
                0x20001b04       0x80 CMakeFiles/key_latency.dir/pico-sdk/lib/tinyusb/src/class/vendor/vendor_device.c.obj
 .bss._vendord_itf
                0x20001b84      0x24c CMakeFiles/key_latency.dir/pico-sdk/lib/tinyusb/src/class/vendor/vendor_device.c.obj
 .bss.boot2_copyout
                0x20001dd0      0x100 CMakeFiles/key_latency.dir/pico-sdk/src/rp2_common/hardware_flash/flash.c.obj
 .bss.chars_available_callback
                0x20001ed0        0x4 CMakeFiles/key_latency.dir/pico-sdk/src/rp2_common/pico_stdio_usb/stdio_usb.c.obj
 .bss.chars_available_param
                0x20001ed4        0x4 CMakeFiles/key_latency.dir/pico-sdk/src/rp2_common/pico_stdio_usb/stdio_usb.c.obj
 .bss.claimed   0x20001ed8        0x4 CMakeFiles/key_latency.dir/pico-sdk/src/rp2_common/hardware_sync/sync.c.obj
 .bss.claimed   0x20001edc        0x1 CMakeFiles/key_latency.dir/pico-sdk/src/rp2_common/hardware_timer/timer.c.obj
 *fill*         0x20001edd        0x3 
 .bss.configured_freq
                0x20001ee0       0x28 CMakeFiles/key_latency.dir/pico-sdk/src/rp2_common/hardware_clocks/clocks.c.obj
 .bss.desc_str.0
                0x20001f08       0x28 CMakeFiles/key_latency.dir/pico-sdk/src/rp2_common/pico_stdio_usb/stdio_usb_descriptors.c.obj
 .bss.drivers   0x20001f30        0x4 CMakeFiles/key_latency.dir/pico-sdk/src/rp2_common/pico_stdio/stdio.c.obj
 .bss.dropped   0x20001f34        0x4 CMakeFiles/key_latency.dir/main.c.obj
 .bss.e15_last_sof
                0x20001f38        0x4 CMakeFiles/key_latency.dir/pico-sdk/lib/tinyusb/src/portable/raspberrypi/rp2040/rp2040_usb.c.obj
                0x20001f38                e15_last_sof
 .bss.filter    0x20001f3c        0x4 CMakeFiles/key_latency.dir/pico-sdk/src/rp2_common/pico_stdio/stdio.c.obj
 .bss.hw_endpoints
                0x20001f40      0x400 CMakeFiles/key_latency.dir/pico-sdk/lib/tinyusb/src/portable/raspberrypi/rp2040/dcd_rp2040.c.obj
 .bss.lazy_vsnprintf
                0x20002340        0x4 CMakeFiles/key_latency.dir/pico-sdk/src/rp2_common/pico_printf/printf.c.obj
 .bss.load_value
                0x20002344        0x4 CMakeFiles/key_latency.dir/pico-sdk/src/rp2_common/hardware_watchdog/watchdog.c.obj
 .bss.next_buffer_ptr
                0x20002348        0x4 CMakeFiles/key_latency.dir/pico-sdk/lib/tinyusb/src/portable/raspberrypi/rp2040/dcd_rp2040.c.obj
 .bss.object.0  0x2000234c       0x18 C:/gcc-arm/bin/../lib/gcc/arm-none-eabi/14.2.1/thumb/v6-m/nofp/crtbegin.o
 .bss.one_shot_timer_crit_sec
                0x20002364        0x8 CMakeFiles/key_latency.dir/pico-sdk/src/rp2_common/pico_stdio_usb/stdio_usb.c.obj
 .bss.pools     0x2000236c       0x10 CMakeFiles/key_latency.dir/pico-sdk/src/common/pico_time/time.c.obj
 .bss.q_read    0x2000237c        0x4 CMakeFiles/key_latency.dir/main.c.obj
 .bss.q_write   0x20002380        0x4 CMakeFiles/key_latency.dir/main.c.obj
 .bss.retrieved_id
                0x20002384        0x8 CMakeFiles/key_latency.dir/pico-sdk/src/rp2_common/pico_unique_id/unique_id.c.obj
 .bss.sf_clz_func
                0x2000238c        0x4 CMakeFiles/key_latency.dir/pico-sdk/src/rp2_common/pico_double/double_init_rom_rp2040.c.obj
                0x2000238c                sf_clz_func
 .bss.sleep_notifier
                0x20002390        0x4 CMakeFiles/key_latency.dir/pico-sdk/src/common/pico_time/time.c.obj
 .bss.stdio_usb_mutex
                0x20002394        0x8 CMakeFiles/key_latency.dir/pico-sdk/src/rp2_common/pico_stdio_usb/stdio_usb.c.obj
 .bss.usbd_serial_str
                0x2000239c       0x11 CMakeFiles/key_latency.dir/pico-sdk/src/rp2_common/pico_stdio_usb/stdio_usb_descriptors.c.obj
 .bss._app_driver_count
                0x200023ad        0x1 CMakeFiles/key_latency.dir/pico-sdk/lib/tinyusb/src/device/usbd.c.obj
 .bss._sof_enable
                0x200023ae        0x1 CMakeFiles/key_latency.dir/pico-sdk/lib/tinyusb/src/portable/raspberrypi/rp2040/dcd_rp2040.c.obj
 .bss._usbd_queued_setup
                0x200023af        0x1 CMakeFiles/key_latency.dir/pico-sdk/lib/tinyusb/src/device/usbd.c.obj
 .bss.boot2_copyout_valid
                0x200023b0        0x1 CMakeFiles/key_latency.dir/pico-sdk/src/rp2_common/hardware_flash/flash.c.obj
 .bss.irq_handler_chain_free_slot_head
                0x200023b1        0x1 CMakeFiles/key_latency.dir/pico-sdk/src/rp2_common/hardware_irq/irq.c.obj
 .bss.itf_num   0x200023b2        0x1 CMakeFiles/key_latency.dir/pico-sdk/src/rp2_common/pico_stdio_usb/reset_interface.c.obj
 .bss.low_priority_irq_num
                0x200023b3        0x1 CMakeFiles/key_latency.dir/pico-sdk/src/rp2_common/pico_stdio_usb/stdio_usb.c.obj
 .bss.one_shot_timer_pending
                0x200023b4        0x1 CMakeFiles/key_latency.dir/pico-sdk/src/rp2_common/pico_stdio_usb/stdio_usb.c.obj
 .bss.user_irq_claimed
                0x200023b5        0x1 CMakeFiles/key_latency.dir/pico-sdk/src/rp2_common/hardware_irq/irq.c.obj
 *(COMMON)
                0x200023b8                        . = ALIGN (0x4)
 *fill*         0x200023b6        0x2 
                0x200023b8                        __bss_end__ = .

.heap           0x200023b8      0x800 load address 0x10008384
                0x200023b8                        __end__ = .
                0x200023b8                        end = __end__
 *(.heap*)
 .heap          0x200023b8      0x800 CMakeFiles/key_latency.dir/pico-sdk/src/rp2_common/pico_crt0/crt0.S.obj
                0x20040000                        __HeapLimit = (ORIGIN (RAM) + LENGTH (RAM))

.scratch_x      0x20040000        0x0 load address 0x10008384
                0x20040000                        __scratch_x_start__ = .
 *(.scratch_x.*)
                0x20040000                        . = ALIGN (0x4)
                0x20040000                        __scratch_x_end__ = .
                0x10008384                        __scratch_x_source__ = LOADADDR (.scratch_x)

.scratch_y      0x20041000        0x0 load address 0x10008384
                0x20041000                        __scratch_y_start__ = .
 *(.scratch_y.*)
                0x20041000                        . = ALIGN (0x4)
                0x20041000                        __scratch_y_end__ = .
                0x10008384                        __scratch_y_source__ = LOADADDR (.scratch_y)

.stack1_dummy
 *(.stack1*)

.stack_dummy    0x20041000      0x800
 *(.stack*)
 .stack         0x20041000      0x800 CMakeFiles/key_latency.dir/pico-sdk/src/rp2_common/pico_crt0/crt0.S.obj

.rel.dyn        0x20041800        0x0
 .rel.iplt      0x20041800        0x0 C:/gcc-arm/bin/../lib/gcc/arm-none-eabi/14.2.1/thumb/v6-m/nofp/crtbegin.o

.flash_end      0x10008384        0x0
 *(.embedded_end_block*)
                0x10008384                        PROVIDE (__flash_binary_end = .)
                0x20040000                        __StackLimit = (ORIGIN (RAM) + LENGTH (RAM))
                0x20041000                        __StackOneTop = (ORIGIN (SCRATCH_X) + LENGTH (SCRATCH_X))
                0x20042000                        __StackTop = (ORIGIN (SCRATCH_Y) + LENGTH (SCRATCH_Y))
                0x20041000                        __StackOneBottom = (__StackOneTop - SIZEOF (.stack1_dummy))
                0x20041800                        __StackBottom = (__StackTop - SIZEOF (.stack_dummy))
                0x20042000                        PROVIDE (__stack = __StackTop)
                [!provide]                        PROVIDE (__heap_start = __end__)
                [!provide]                        PROVIDE (__heap_end = __HeapLimit)
                [!provide]                        PROVIDE (__tls_align = MAX (ALIGNOF (.tdata), ALIGNOF (.tbss)))
                [!provide]                        PROVIDE (__tls_size_align = (((__tls_size + __tls_align) - 0x1) & ~ ((__tls_align - 0x1))))
                [!provide]                        PROVIDE (__arm32_tls_tcb_offset = MAX (0x8, __tls_align))
                [!provide]                        PROVIDE (_end = __end__)
                [!provide]                        PROVIDE (__llvm_libc_heap_limit = __HeapLimit)
                0x00000001                        ASSERT ((__StackLimit >= __HeapLimit), region RAM overflowed)
                0x00000001                        ASSERT (((__binary_info_header_end - __logical_binary_start) <= 0x100), Binary info must be in first 256 bytes of the binary)
LOAD CMakeFiles/key_latency.dir/main.c.obj
LOAD CMakeFiles/key_latency.dir/pico-sdk/src/rp2_common/pico_stdlib/stdlib.c.obj
LOAD CMakeFiles/key_latency.dir/pico-sdk/src/rp2_common/hardware_gpio/gpio.c.obj
LOAD CMakeFiles/key_latency.dir/pico-sdk/src/rp2040/pico_platform/platform.c.obj
LOAD CMakeFiles/key_latency.dir/pico-sdk/src/rp2_common/pico_platform_common/common.c.obj
LOAD CMakeFiles/key_latency.dir/pico-sdk/src/rp2_common/pico_platform_panic/panic.c.obj
LOAD CMakeFiles/key_latency.dir/pico-sdk/src/common/hardware_claim/claim.c.obj
LOAD CMakeFiles/key_latency.dir/pico-sdk/src/rp2_common/hardware_sync/sync.c.obj
LOAD CMakeFiles/key_latency.dir/pico-sdk/src/rp2_common/hardware_sync_spin_lock/sync_spin_lock.c.obj
LOAD CMakeFiles/key_latency.dir/pico-sdk/src/rp2_common/hardware_irq/irq.c.obj
LOAD CMakeFiles/key_latency.dir/pico-sdk/src/rp2_common/hardware_irq/irq_handler_chain.S.obj
LOAD CMakeFiles/key_latency.dir/pico-sdk/src/common/pico_sync/sem.c.obj
LOAD CMakeFiles/key_latency.dir/pico-sdk/src/common/pico_sync/lock_core.c.obj
LOAD CMakeFiles/key_latency.dir/pico-sdk/src/common/pico_sync/mutex.c.obj
LOAD CMakeFiles/key_latency.dir/pico-sdk/src/common/pico_sync/critical_section.c.obj
LOAD CMakeFiles/key_latency.dir/pico-sdk/src/common/pico_time/time.c.obj
LOAD CMakeFiles/key_latency.dir/pico-sdk/src/common/pico_time/timeout_helper.c.obj
LOAD CMakeFiles/key_latency.dir/pico-sdk/src/rp2_common/hardware_timer/timer.c.obj
LOAD CMakeFiles/key_latency.dir/pico-sdk/src/common/pico_util/datetime.c.obj
LOAD CMakeFiles/key_latency.dir/pico-sdk/src/common/pico_util/pheap.c.obj
LOAD CMakeFiles/key_latency.dir/pico-sdk/src/common/pico_util/queue.c.obj
LOAD CMakeFiles/key_latency.dir/pico-sdk/src/rp2_common/hardware_uart/uart.c.obj
LOAD CMakeFiles/key_latency.dir/pico-sdk/src/rp2_common/hardware_clocks/clocks.c.obj
LOAD CMakeFiles/key_latency.dir/pico-sdk/src/rp2_common/hardware_pll/pll.c.obj
LOAD CMakeFiles/key_latency.dir/pico-sdk/src/rp2_common/hardware_vreg/vreg.c.obj
LOAD CMakeFiles/key_latency.dir/pico-sdk/src/rp2_common/hardware_watchdog/watchdog.c.obj
LOAD CMakeFiles/key_latency.dir/pico-sdk/src/rp2_common/hardware_ticks/ticks.c.obj
LOAD CMakeFiles/key_latency.dir/pico-sdk/src/rp2_common/pico_bootrom/bootrom.c.obj
LOAD CMakeFiles/key_latency.dir/pico-sdk/src/rp2_common/pico_bootrom/bootrom_lock.c.obj
LOAD CMakeFiles/key_latency.dir/pico-sdk/src/rp2_common/hardware_boot_lock/boot_lock.c.obj
LOAD CMakeFiles/key_latency.dir/pico-sdk/src/rp2_common/pico_flash/flash.c.obj
LOAD CMakeFiles/key_latency.dir/pico-sdk/src/rp2_common/hardware_xosc/xosc.c.obj
LOAD CMakeFiles/key_latency.dir/pico-sdk/src/rp2_common/hardware_divider/divider.S.obj
LOAD CMakeFiles/key_latency.dir/pico-sdk/src/rp2_common/pico_runtime/runtime.c.obj
LOAD CMakeFiles/key_latency.dir/pico-sdk/src/rp2_common/pico_runtime_init/runtime_init.c.obj
LOAD CMakeFiles/key_latency.dir/pico-sdk/src/rp2_common/pico_runtime_init/runtime_init_clocks.c.obj
LOAD CMakeFiles/key_latency.dir/pico-sdk/src/rp2_common/pico_runtime_init/runtime_init_stack_guard.c.obj
LOAD CMakeFiles/key_latency.dir/pico-sdk/src/rp2_common/pico_bit_ops/bit_ops_aeabi.S.obj
LOAD CMakeFiles/key_latency.dir/pico-sdk/src/rp2_common/pico_divider/divider_hardware.S.obj
LOAD CMakeFiles/key_latency.dir/pico-sdk/src/rp2_common/pico_double/double_aeabi_rp2040.S.obj
LOAD CMakeFiles/key_latency.dir/pico-sdk/src/rp2_common/pico_double/double_init_rom_rp2040.c.obj
LOAD CMakeFiles/key_latency.dir/pico-sdk/src/rp2_common/pico_double/double_math.c.obj
LOAD CMakeFiles/key_latency.dir/pico-sdk/src/rp2_common/pico_double/double_v1_rom_shim_rp2040.S.obj
LOAD CMakeFiles/key_latency.dir/pico-sdk/src/rp2_common/pico_int64_ops/pico_int64_ops_aeabi.S.obj
LOAD CMakeFiles/key_latency.dir/pico-sdk/src/rp2_common/pico_float/float_aeabi_rp2040.S.obj
LOAD CMakeFiles/key_latency.dir/pico-sdk/src/rp2_common/pico_float/float_init_rom_rp2040.c.obj
LOAD CMakeFiles/key_latency.dir/pico-sdk/src/rp2_common/pico_float/float_math.c.obj
LOAD CMakeFiles/key_latency.dir/pico-sdk/src/rp2_common/pico_float/float_v1_rom_shim_rp2040.S.obj
LOAD CMakeFiles/key_latency.dir/pico-sdk/src/rp2_common/pico_malloc/malloc.c.obj
LOAD CMakeFiles/key_latency.dir/pico-sdk/src/rp2_common/pico_mem_ops/mem_ops_aeabi.S.obj
LOAD CMakeFiles/key_latency.dir/pico-sdk/src/rp2_common/pico_atomic/atomic.c.obj
LOAD CMakeFiles/key_latency.dir/pico-sdk/src/rp2_common/pico_cxx_options/new_delete.cpp.obj
LOAD CMakeFiles/key_latency.dir/pico-sdk/src/rp2_common/pico_standard_binary_info/standard_binary_info.c.obj
LOAD CMakeFiles/key_latency.dir/pico-sdk/src/rp2_common/pico_printf/printf.c.obj
LOAD CMakeFiles/key_latency.dir/pico-sdk/src/rp2_common/pico_crt0/crt0.S.obj
LOAD CMakeFiles/key_latency.dir/pico-sdk/src/rp2_common/pico_clib_interface/newlib_interface.c.obj
LOAD CMakeFiles/key_latency.dir/pico-sdk/src/rp2_common/pico_stdio/stdio.c.obj
LOAD CMakeFiles/key_latency.dir/pico-sdk/src/rp2_common/pico_stdio_usb/reset_interface.c.obj
LOAD CMakeFiles/key_latency.dir/pico-sdk/src/rp2_common/pico_stdio_usb/stdio_usb.c.obj
LOAD CMakeFiles/key_latency.dir/pico-sdk/src/rp2_common/pico_stdio_usb/stdio_usb_descriptors.c.obj
LOAD CMakeFiles/key_latency.dir/pico-sdk/src/rp2_common/pico_unique_id/unique_id.c.obj
LOAD CMakeFiles/key_latency.dir/pico-sdk/src/rp2_common/hardware_flash/flash.c.obj
LOAD CMakeFiles/key_latency.dir/pico-sdk/src/rp2_common/hardware_xip_cache/xip_cache.c.obj
LOAD CMakeFiles/key_latency.dir/pico-sdk/lib/tinyusb/src/portable/raspberrypi/rp2040/dcd_rp2040.c.obj
LOAD CMakeFiles/key_latency.dir/pico-sdk/lib/tinyusb/src/portable/raspberrypi/rp2040/rp2040_usb.c.obj
LOAD CMakeFiles/key_latency.dir/pico-sdk/lib/tinyusb/src/device/usbd.c.obj
LOAD CMakeFiles/key_latency.dir/pico-sdk/lib/tinyusb/src/device/usbd_control.c.obj
LOAD CMakeFiles/key_latency.dir/pico-sdk/lib/tinyusb/src/class/audio/audio_device.c.obj
LOAD CMakeFiles/key_latency.dir/pico-sdk/lib/tinyusb/src/class/cdc/cdc_device.c.obj
LOAD CMakeFiles/key_latency.dir/pico-sdk/lib/tinyusb/src/class/dfu/dfu_device.c.obj
LOAD CMakeFiles/key_latency.dir/pico-sdk/lib/tinyusb/src/class/dfu/dfu_rt_device.c.obj
LOAD CMakeFiles/key_latency.dir/pico-sdk/lib/tinyusb/src/class/hid/hid_device.c.obj
LOAD CMakeFiles/key_latency.dir/pico-sdk/lib/tinyusb/src/class/midi/midi_device.c.obj
LOAD CMakeFiles/key_latency.dir/pico-sdk/lib/tinyusb/src/class/msc/msc_device.c.obj
LOAD CMakeFiles/key_latency.dir/pico-sdk/lib/tinyusb/src/class/net/ecm_rndis_device.c.obj
LOAD CMakeFiles/key_latency.dir/pico-sdk/lib/tinyusb/src/class/net/ncm_device.c.obj
LOAD CMakeFiles/key_latency.dir/pico-sdk/lib/tinyusb/src/class/usbtmc/usbtmc_device.c.obj
LOAD CMakeFiles/key_latency.dir/pico-sdk/lib/tinyusb/src/class/vendor/vendor_device.c.obj
LOAD CMakeFiles/key_latency.dir/pico-sdk/lib/tinyusb/src/class/video/video_device.c.obj
LOAD CMakeFiles/key_latency.dir/pico-sdk/lib/tinyusb/src/tusb.c.obj
LOAD CMakeFiles/key_latency.dir/pico-sdk/lib/tinyusb/src/common/tusb_fifo.c.obj
LOAD CMakeFiles/key_latency.dir/pico-sdk/src/rp2_common/pico_fix/rp2040_usb_device_enumeration/rp2040_usb_device_enumeration.c.obj
LOAD pico-sdk/src/rp2040/boot_stage2/CMakeFiles/bs2_default_library.dir/./bs2_default_padded_checksummed.S.obj
LOAD C:/gcc-arm/bin/../lib/gcc/arm-none-eabi/14.2.1/thumb/v6-m/nofp\libstdc++.a
LOAD C:/gcc-arm/bin/../lib/gcc/arm-none-eabi/14.2.1/thumb/v6-m/nofp\libm.a
START GROUP
LOAD C:/gcc-arm/bin/../lib/gcc/arm-none-eabi/14.2.1/thumb/v6-m/nofp\libgcc.a
LOAD C:/gcc-arm/bin/../lib/gcc/arm-none-eabi/14.2.1/thumb/v6-m/nofp\libg.a
LOAD C:/gcc-arm/bin/../lib/gcc/arm-none-eabi/14.2.1/thumb/v6-m/nofp\libc.a
END GROUP
START GROUP
LOAD C:/gcc-arm/bin/../lib/gcc/arm-none-eabi/14.2.1/thumb/v6-m/nofp\libgcc.a
LOAD C:/gcc-arm/bin/../lib/gcc/arm-none-eabi/14.2.1/thumb/v6-m/nofp\libc.a
LOAD C:/gcc-arm/bin/../lib/gcc/arm-none-eabi/14.2.1/thumb/v6-m/nofp\libnosys.a
END GROUP
LOAD C:/gcc-arm/bin/../lib/gcc/arm-none-eabi/14.2.1/thumb/v6-m/nofp/crtend.o
LOAD C:/gcc-arm/bin/../lib/gcc/arm-none-eabi/14.2.1/thumb/v6-m/nofp/crtn.o
OUTPUT(key_latency.elf elf32-littlearm)
LOAD linker stubs

.ARM.attributes
                0x00000000       0x28
 .ARM.attributes
                0x00000000       0x1e C:/gcc-arm/bin/../lib/gcc/arm-none-eabi/14.2.1/thumb/v6-m/nofp/crti.o
 .ARM.attributes
                0x0000001e       0x2c C:/gcc-arm/bin/../lib/gcc/arm-none-eabi/14.2.1/thumb/v6-m/nofp/crtbegin.o
 .ARM.attributes
                0x0000004a       0x2c CMakeFiles/key_latency.dir/main.c.obj
 .ARM.attributes
                0x00000076       0x2c CMakeFiles/key_latency.dir/pico-sdk/src/rp2_common/hardware_gpio/gpio.c.obj
 .ARM.attributes
                0x000000a2       0x2c CMakeFiles/key_latency.dir/pico-sdk/src/rp2040/pico_platform/platform.c.obj
 .ARM.attributes
                0x000000ce       0x2c CMakeFiles/key_latency.dir/pico-sdk/src/rp2_common/pico_platform_panic/panic.c.obj
 .ARM.attributes
                0x000000fa       0x2c CMakeFiles/key_latency.dir/pico-sdk/src/common/hardware_claim/claim.c.obj
 .ARM.attributes
                0x00000126       0x2c CMakeFiles/key_latency.dir/pico-sdk/src/rp2_common/hardware_sync/sync.c.obj
 .ARM.attributes
                0x00000152       0x2c CMakeFiles/key_latency.dir/pico-sdk/src/rp2_common/hardware_sync_spin_lock/sync_spin_lock.c.obj
 .ARM.attributes
                0x0000017e       0x2c CMakeFiles/key_latency.dir/pico-sdk/src/rp2_common/hardware_irq/irq.c.obj
 .ARM.attributes
                0x000001aa       0x22 CMakeFiles/key_latency.dir/pico-sdk/src/rp2_common/hardware_irq/irq_handler_chain.S.obj
 .ARM.attributes
                0x000001cc       0x2c CMakeFiles/key_latency.dir/pico-sdk/src/common/pico_sync/lock_core.c.obj
 .ARM.attributes
                0x000001f8       0x2c CMakeFiles/key_latency.dir/pico-sdk/src/common/pico_sync/mutex.c.obj
 .ARM.attributes
                0x00000224       0x2c CMakeFiles/key_latency.dir/pico-sdk/src/common/pico_sync/critical_section.c.obj
 .ARM.attributes
                0x00000250       0x2c CMakeFiles/key_latency.dir/pico-sdk/src/common/pico_time/time.c.obj
 .ARM.attributes
                0x0000027c       0x2c CMakeFiles/key_latency.dir/pico-sdk/src/rp2_common/hardware_timer/timer.c.obj
 .ARM.attributes
                0x000002a8       0x2c CMakeFiles/key_latency.dir/pico-sdk/src/rp2_common/hardware_clocks/clocks.c.obj
 .ARM.attributes
                0x000002d4       0x2c CMakeFiles/key_latency.dir/pico-sdk/src/rp2_common/hardware_pll/pll.c.obj
 .ARM.attributes
                0x00000300       0x2c CMakeFiles/key_latency.dir/pico-sdk/src/rp2_common/hardware_watchdog/watchdog.c.obj
 .ARM.attributes
                0x0000032c       0x2c CMakeFiles/key_latency.dir/pico-sdk/src/rp2_common/hardware_ticks/ticks.c.obj
 .ARM.attributes
                0x00000358       0x2c CMakeFiles/key_latency.dir/pico-sdk/src/rp2_common/pico_bootrom/bootrom.c.obj
 .ARM.attributes
                0x00000384       0x2c CMakeFiles/key_latency.dir/pico-sdk/src/rp2_common/hardware_xosc/xosc.c.obj
 .ARM.attributes
                0x000003b0       0x2c CMakeFiles/key_latency.dir/pico-sdk/src/rp2_common/pico_runtime/runtime.c.obj
 .ARM.attributes
                0x000003dc       0x2c CMakeFiles/key_latency.dir/pico-sdk/src/rp2_common/pico_runtime_init/runtime_init.c.obj
 .ARM.attributes
                0x00000408       0x2c CMakeFiles/key_latency.dir/pico-sdk/src/rp2_common/pico_runtime_init/runtime_init_clocks.c.obj
 .ARM.attributes
                0x00000434       0x22 CMakeFiles/key_latency.dir/pico-sdk/src/rp2_common/pico_bit_ops/bit_ops_aeabi.S.obj
 .ARM.attributes
                0x00000456       0x22 CMakeFiles/key_latency.dir/pico-sdk/src/rp2_common/pico_divider/divider_hardware.S.obj
 .ARM.attributes
                0x00000478       0x22 CMakeFiles/key_latency.dir/pico-sdk/src/rp2_common/pico_double/double_aeabi_rp2040.S.obj
 .ARM.attributes
                0x0000049a       0x2c CMakeFiles/key_latency.dir/pico-sdk/src/rp2_common/pico_double/double_init_rom_rp2040.c.obj
 .ARM.attributes
                0x000004c6       0x22 CMakeFiles/key_latency.dir/pico-sdk/src/rp2_common/pico_double/double_v1_rom_shim_rp2040.S.obj
 .ARM.attributes
                0x000004e8       0x22 CMakeFiles/key_latency.dir/pico-sdk/src/rp2_common/pico_int64_ops/pico_int64_ops_aeabi.S.obj
 .ARM.attributes
                0x0000050a       0x22 CMakeFiles/key_latency.dir/pico-sdk/src/rp2_common/pico_float/float_aeabi_rp2040.S.obj
 .ARM.attributes
                0x0000052c       0x2c CMakeFiles/key_latency.dir/pico-sdk/src/rp2_common/pico_float/float_init_rom_rp2040.c.obj
 .ARM.attributes
                0x00000558       0x22 CMakeFiles/key_latency.dir/pico-sdk/src/rp2_common/pico_float/float_v1_rom_shim_rp2040.S.obj
 .ARM.attributes
                0x0000057a       0x22 CMakeFiles/key_latency.dir/pico-sdk/src/rp2_common/pico_mem_ops/mem_ops_aeabi.S.obj
 .ARM.attributes
                0x0000059c       0x2c CMakeFiles/key_latency.dir/pico-sdk/src/rp2_common/pico_standard_binary_info/standard_binary_info.c.obj
 .ARM.attributes
                0x000005c8       0x2c CMakeFiles/key_latency.dir/pico-sdk/src/rp2_common/pico_printf/printf.c.obj
 .ARM.attributes
                0x000005f4       0x22 CMakeFiles/key_latency.dir/pico-sdk/src/rp2_common/pico_crt0/crt0.S.obj
 .ARM.attributes
                0x00000616       0x2c CMakeFiles/key_latency.dir/pico-sdk/src/rp2_common/pico_clib_interface/newlib_interface.c.obj
 .ARM.attributes
                0x00000642       0x2c CMakeFiles/key_latency.dir/pico-sdk/src/rp2_common/pico_stdio/stdio.c.obj
 .ARM.attributes
                0x0000066e       0x2c CMakeFiles/key_latency.dir/pico-sdk/src/rp2_common/pico_stdio_usb/reset_interface.c.obj
 .ARM.attributes
                0x0000069a       0x2c CMakeFiles/key_latency.dir/pico-sdk/src/rp2_common/pico_stdio_usb/stdio_usb.c.obj
 .ARM.attributes
                0x000006c6       0x2c CMakeFiles/key_latency.dir/pico-sdk/src/rp2_common/pico_stdio_usb/stdio_usb_descriptors.c.obj
 .ARM.attributes
                0x000006f2       0x2c CMakeFiles/key_latency.dir/pico-sdk/src/rp2_common/pico_unique_id/unique_id.c.obj
 .ARM.attributes
                0x0000071e       0x2c CMakeFiles/key_latency.dir/pico-sdk/src/rp2_common/hardware_flash/flash.c.obj
 .ARM.attributes