Archive member included to satisfy reference by file (symbol)

C:/gcc-arm/bin/../lib/gcc/arm-none-eabi/14.2.1/thumb/v6-m/nofp\libgcc.a(_dvmd_tls.o)
                              CMakeFiles/key_latency.dir/pico-sdk/src/rp2_common/pico_divider/divider_hardware.S.obj (__aeabi_idiv0)
C:/gcc-arm/bin/../lib/gcc/arm-none-eabi/14.2.1/thumb/v6-m/nofp\libg.a(libc_a-calloc.o)
                              CMakeFiles/key_latency.dir/pico-sdk/src/rp2_common/pico_malloc/malloc.c.obj (calloc)
C:/gcc-arm/bin/../lib/gcc/arm-none-eabi/14.2.1/thumb/v6-m/nofp\libg.a(libc_a-callocr.o)
                              C:/gcc-arm/bin/../lib/gcc/arm-none-eabi/14.2.1/thumb/v6-m/nofp\libg.a(libc_a-calloc.o) (_calloc_r)
C:/gcc-arm/bin/../lib/gcc/arm-none-eabi/14.2.1/thumb/v6-m/nofp\libg.a(libc_a-malloc.o)
                              CMakeFiles/key_latency.dir/pico-sdk/src/rp2_common/pico_malloc/malloc.c.obj (malloc)
C:/gcc-arm/bin/../lib/gcc/arm-none-eabi/14.2.1/thumb/v6-m/nofp\libg.a(libc_a-mallocr.o)
                              C:/gcc-arm/bin/../lib/gcc/arm-none-eabi/14.2.1/thumb/v6-m/nofp\libg.a(libc_a-callocr.o) (_malloc_r)
C:/gcc-arm/bin/../lib/gcc/arm-none-eabi/14.2.1/thumb/v6-m/nofp\libg.a(libc_a-mlock.o)
                              C:/gcc-arm/bin/../lib/gcc/arm-none-eabi/14.2.1/thumb/v6-m/nofp\libg.a(libc_a-mallocr.o) (__malloc_lock)
C:/gcc-arm/bin/../lib/gcc/arm-none-eabi/14.2.1/thumb/v6-m/nofp\libg.a(libc_a-realloc.o)
                              CMakeFiles/key_latency.dir/pico-sdk/src/rp2_common/pico_malloc/malloc.c.obj (realloc)
C:/gcc-arm/bin/../lib/gcc/arm-none-eabi/14.2.1/thumb/v6-m/nofp\libg.a(libc_a-reallocr.o)
                              C:/gcc-arm/bin/../lib/gcc/arm-none-eabi/14.2.1/thumb/v6-m/nofp\libg.a(libc_a-realloc.o) (_realloc_r)
C:/gcc-arm/bin/../lib/gcc/arm-none-eabi/14.2.1/thumb/v6-m/nofp\libg.a(libc_a-memcmp.o)
                              CMakeFiles/key_latency.dir/pico-sdk/src/rp2_common/pico_atomic/atomic.c.obj (memcmp)
C:/gcc-arm/bin/../lib/gcc/arm-none-eabi/14.2.1/thumb/v6-m/nofp\libg.a(libc_a-memmove.o)
                              C:/gcc-arm/bin/../lib/gcc/arm-none-eabi/14.2.1/thumb/v6-m/nofp\libg.a(libc_a-reallocr.o) (memmove)
C:/gcc-arm/bin/../lib/gcc/arm-none-eabi/14.2.1/thumb/v6-m/nofp\libg.a(libc_a-lcltime_r.o)
                              CMakeFiles/key_latency.dir/pico-sdk/src/common/pico_util/datetime.c.obj (localtime_r)
C:/gcc-arm/bin/../lib/gcc/arm-none-eabi/14.2.1/thumb/v6-m/nofp\libg.a(libc_a-mktime.o)
                              CMakeFiles/key_latency.dir/pico-sdk/src/common/pico_util/datetime.c.obj (mktime)
C:/gcc-arm/bin/../lib/gcc/arm-none-eabi/14.2.1/thumb/v6-m/nofp\libg.a(libc_a-month_lengths.o)
                              C:/gcc-arm/bin/../lib/gcc/arm-none-eabi/14.2.1/thumb/v6-m/nofp\libg.a(libc_a-lcltime_r.o) (__month_lengths)
C:/gcc-arm/bin/../lib/gcc/arm-none-eabi/14.2.1/thumb/v6-m/nofp\libg.a(libc_a-tzcalc_limits.o)
                              C:/gcc-arm/bin/../lib/gcc/arm-none-eabi/14.2.1/thumb/v6-m/nofp\libg.a(libc_a-lcltime_r.o) (__tzcalc_limits)
C:/gcc-arm/bin/../lib/gcc/arm-none-eabi/14.2.1/thumb/v6-m/nofp\libg.a(libc_a-tzlock.o)
                              C:/gcc-arm/bin/../lib/gcc/arm-none-eabi/14.2.1/thumb/v6-m/nofp\libg.a(libc_a-lcltime_r.o) (__tz_lock)
C:/gcc-arm/bin/../lib/gcc/arm-none-eabi/14.2.1/thumb/v6-m/nofp\libg.a(libc_a-tzset.o)
                              C:/gcc-arm/bin/../lib/gcc/arm-none-eabi/14.2.1/thumb/v6-m/nofp\libg.a(libc_a-lcltime_r.o) (_tzset_unlocked)
C:/gcc-arm/bin/../lib/gcc/arm-none-eabi/14.2.1/thumb/v6-m/nofp\libg.a(libc_a-tzset_r.o)
                              C:/gcc-arm/bin/../lib/gcc/arm-none-eabi/14.2.1/thumb/v6-m/nofp\libg.a(libc_a-tzset.o) (_tzset_unlocked_r)
C:/gcc-arm/bin/../lib/gcc/arm-none-eabi/14.2.1/thumb/v6-m/nofp\libg.a(libc_a-tzvars.o)
                              C:/gcc-arm/bin/../lib/gcc/arm-none-eabi/14.2.1/thumb/v6-m/nofp\libg.a(libc_a-tzset_r.o) (_timezone)
C:/gcc-arm/bin/../lib/gcc/arm-none-eabi/14.2.1/thumb/v6-m/nofp\libg.a(libc_a-impure.o)
                              C:/gcc-arm/bin/../lib/gcc/arm-none-eabi/14.2.1/thumb/v6-m/nofp\libg.a(libc_a-calloc.o) (_impure_ptr)
C:/gcc-arm/bin/../lib/gcc/arm-none-eabi/14.2.1/thumb/v6-m/nofp\libg.a(libc_a-sbrkr.o)
                              C:/gcc-arm/bin/../lib/gcc/arm-none-eabi/14.2.1/thumb/v6-m/nofp\libg.a(libc_a-mallocr.o) (_sbrk_r)
C:/gcc-arm/bin/../lib/gcc/arm-none-eabi/14.2.1/thumb/v6-m/nofp\libg.a(libc_a-errno.o)
                              C:/gcc-arm/bin/../lib/gcc/arm-none-eabi/14.2.1/thumb/v6-m/nofp\libg.a(libc_a-callocr.o) (__errno)
C:/gcc-arm/bin/../lib/gcc/arm-none-eabi/14.2.1/thumb/v6-m/nofp\libg.a(libc_a-init.o)
                              C:/gcc-arm/bin/../lib/gcc/arm-none-eabi/14.2.1/thumb/v6-m/nofp/crt0.o (__libc_init_array)
C:/gcc-arm/bin/../lib/gcc/arm-none-eabi/14.2.1/thumb/v6-m/nofp\libg.a(libc_a-lock.o)
[...]
Memory Configuration

Name             Origin             Length             Attributes
FLASH            0x10000000         0x00200000         xr
RAM              0x20000000         0x00040000         xrw
SCRATCH_X        0x20040000         0x00001000         xrw
SCRATCH_Y        0x20041000         0x00001000         xrw
*default*        0x00000000         0xffffffff

Linker script and memory map

LOAD C:/gcc-arm/bin/../lib/gcc/arm-none-eabi/14.2.1/thumb/v6-m/nofp/crti.o
LOAD C:/gcc-arm/bin/../lib/gcc/arm-none-eabi/14.2.1/thumb/v6-m/nofp/crtbegin.o
LOAD C:/gcc-arm/bin/../lib/gcc/arm-none-eabi/14.2.1/thumb/v6-m/nofp/crt0.o

.flash_begin    0x10000000        0x0
                0x10000000                        __flash_binary_start = .

.boot2          0x10000000      0x100
                0x10000000                        __boot2_start__ = .
 *(.boot2)
 .boot2         0x10000000      0x100 pico-sdk/src/rp2040/boot_stage2/CMakeFiles/bs2_default_library.dir/./bs2_default_padded_checksummed.S.obj
                0x10000100                        __boot2_end__ = .
                0x00000001                        ASSERT (((__boot2_end__ - __boot2_start__) == 0x100), ERROR: Pico second stage bootloader must be 256 bytes in size)

.text           0x10000100     0x6f24
                0x10000100                        __logical_binary_start = .
 *(.vectors)
 .vectors       0x10000100       0xd4 CMakeFiles/key_latency.dir/pico-sdk/src/rp2_common/pico_crt0/crt0.S.obj
                0x10000100                __VECTOR_TABLE
                0x10000100                __vectors
                0x100001c0                isr_irq13
                0x100001c0                isr_irq27
                0x100001c0                isr_irq31
                0x100001c0                isr_irq12
                0x100001c0                isr_irq5
                0x100001c0                isr_irq11
                0x100001c0                isr_irq3
                0x100001c0                isr_irq23
                0x100001c0                __unhandled_user_irq
                0x100001c0                isr_irq26
                0x100001c0                isr_irq28
                0x100001c0                isr_irq19
                0x100001c0                isr_irq0
                0x100001c0                isr_irq6
                0x100001c0                isr_irq29
                0x100001c0                isr_irq16
                0x100001c0                isr_irq22
                0x100001c0                isr_irq18
                0x100001c0                isr_irq17
                0x100001c0                isr_irq14
                0x100001c0                __vectors_end
                0x100001c0                __default_isrs_start
                0x100001c0                isr_irq2
                0x100001c0                isr_irq10
                0x100001c0                isr_irq8
                0x100001c0                isr_irq24
                0x100001c0                isr_irq1
                0x100001c0                isr_irq7
                0x100001c0                isr_irq21
                0x100001c0                isr_irq20
                0x100001c0                isr_irq15
                0x100001c0                isr_irq25
                0x100001c0                isr_irq4
                0x100001c0                isr_irq30
                0x100001c0                isr_irq9
                0x100001c6                unhandled_user_irq_num_in_r0
                0x100001c8                isr_invalid
                0x100001ca                isr_nmi
                0x100001cc                isr_hardfault
                0x100001ce                isr_svcall
                0x100001d0                isr_pendsv
                0x100001d2                isr_systick
                0x100001d4                __default_isrs_end
 *(.binary_info_header)
 .binary_info_header
                0x100001d4       0x14 CMakeFiles/key_latency.dir/pico-sdk/src/rp2_common/pico_crt0/crt0.S.obj
                0x100001e8                        __binary_info_header_end = .
 *(.embedded_block)
                0x100001e8                        __embedded_block_end = .
 *(.reset)
 .reset         0x100001e8       0x9c CMakeFiles/key_latency.dir/pico-sdk/src/rp2_common/pico_crt0/crt0.S.obj
                0x100001e8                _entry_point
 *(.init)
 .init          0x10000284        0x4 C:/gcc-arm/bin/../lib/gcc/arm-none-eabi/14.2.1/thumb/v6-m/nofp/crti.o
                0x10000284                _init
 *(EXCLUDE_FILE(*libm.a: *libc.a:*lib_a-mem*.o *libgcc.a:) .text*)
 .text.register_tm_clones
                0x10000288       0x28 C:/gcc-arm/bin/../lib/gcc/arm-none-eabi/14.2.1/thumb/v6-m/nofp/crtbegin.o
 .text.frame_dummy
                0x100002b0       0x24 C:/gcc-arm/bin/../lib/gcc/arm-none-eabi/14.2.1/thumb/v6-m/nofp/crtbegin.o
 .text.gpio_callback
                0x100002d4       0x24 CMakeFiles/key_latency.dir/main.c.obj
                0x100002d4                gpio_callback
 .text.startup.main
                0x100002f8       0x34 CMakeFiles/key_latency.dir/main.c.obj
                0x100002f8                main
 .text.gpio_default_irq_handler
                0x1000032c      0x2c8 CMakeFiles/key_latency.dir/pico-sdk/src/rp2_common/hardware_gpio/gpio.c.obj
 .text.gpio_set_pulls
                0x100005f4       0x28 CMakeFiles/key_latency.dir/pico-sdk/src/rp2_common/hardware_gpio/gpio.c.obj
                0x100005f4                gpio_set_pulls
 .text.gpio_set_irq_enabled_with_callback
                0x1000061c       0xd0 CMakeFiles/key_latency.dir/pico-sdk/src/rp2_common/hardware_gpio/gpio.c.obj
                0x1000061c                gpio_set_irq_enabled_with_callback
 .text.gpio_init
                0x100006ec       0x40 CMakeFiles/key_latency.dir/pico-sdk/src/rp2_common/hardware_gpio/gpio.c.obj
                0x100006ec                gpio_init
 .text.rp2040_chip_version
                0x1000072c        0xc CMakeFiles/key_latency.dir/pico-sdk/src/rp2040/pico_platform/platform.c.obj
                0x1000072c                rp2040_chip_version
 .text.panic    0x10000738       0x30 CMakeFiles/key_latency.dir/pico-sdk/src/rp2_common/pico_platform_panic/panic.c.obj
                0x10000738                panic
 .text.hw_claim_or_assert
                0x10000768       0x44 CMakeFiles/key_latency.dir/pico-sdk/src/common/hardware_claim/claim.c.obj
                0x10000768                hw_claim_or_assert
 .text.hw_claim_unused_from_range
                0x100007ac       0x88 CMakeFiles/key_latency.dir/pico-sdk/src/common/hardware_claim/claim.c.obj
                0x100007ac                hw_claim_unused_from_range
 .text.next_striped_spin_lock_num
                0x10000834       0x18 CMakeFiles/key_latency.dir/pico-sdk/src/rp2_common/hardware_sync/sync.c.obj
                0x10000834                next_striped_spin_lock_num
 .text.spin_lock_claim_unused
                0x1000084c       0x24 CMakeFiles/key_latency.dir/pico-sdk/src/rp2_common/hardware_sync/sync.c.obj
                0x1000084c                spin_lock_claim_unused
 .text.spin_locks_reset
                0x10000870       0x1c CMakeFiles/key_latency.dir/pico-sdk/src/rp2_common/hardware_sync_spin_lock/sync_spin_lock.c.obj
                0x10000870                spin_locks_reset
 .text.runtime_init_per_core_irq_priorities
                0x1000088c       0x24 CMakeFiles/key_latency.dir/pico-sdk/src/rp2_common/hardware_irq/irq.c.obj
                0x1000088c                runtime_init_per_core_irq_priorities
 .text.irq_set_enabled
                0x100008b0       0x24 CMakeFiles/key_latency.dir/pico-sdk/src/rp2_common/hardware_irq/irq.c.obj
                0x100008b0                irq_set_enabled
 .text.irq_is_enabled
                0x100008d4       0x18 CMakeFiles/key_latency.dir/pico-sdk/src/rp2_common/hardware_irq/irq.c.obj
                0x100008d4                irq_is_enabled
 .text.irq_set_pending
                0x100008ec       0x10 CMakeFiles/key_latency.dir/pico-sdk/src/rp2_common/hardware_irq/irq.c.obj
                0x100008ec                irq_set_pending
 .text.irq_has_shared_handler
                0x100008fc       0x24 CMakeFiles/key_latency.dir/pico-sdk/src/rp2_common/hardware_irq/irq.c.obj
                0x100008fc                irq_has_shared_handler
 .text.irq_set_exclusive_handler
                0x10000920       0x54 CMakeFiles/key_latency.dir/pico-sdk/src/rp2_common/hardware_irq/irq.c.obj
                0x10000920                irq_set_exclusive_handler
 .text.irq_add_shared_handler
                0x10000974      0x1f4 CMakeFiles/key_latency.dir/pico-sdk/src/rp2_common/hardware_irq/irq.c.obj
                0x10000974                irq_add_shared_handler
 .text.irq_remove_handler
                0x10000b68      0x1d4 CMakeFiles/key_latency.dir/pico-sdk/src/rp2_common/hardware_irq/irq.c.obj
                0x10000b68                irq_remove_handler
 .text.irq_add_tail_to_free_list
                0x10000d3c       0xb4 CMakeFiles/key_latency.dir/pico-sdk/src/rp2_common/hardware_irq/irq.c.obj
                0x10000d3c                irq_add_tail_to_free_list
 .text.user_irq_claim_unused
                0x10000df0       0x2c CMakeFiles/key_latency.dir/pico-sdk/src/rp2_common/hardware_irq/irq.c.obj
                0x10000df0                user_irq_claim_unused
 .text.lock_init
                0x10000e1c       0x10 CMakeFiles/key_latency.dir/pico-sdk/src/common/pico_sync/lock_core.c.obj
                0x10000e1c                lock_init
 .text.runtime_init_mutex
                0x10000e2c       0x50 CMakeFiles/key_latency.dir/pico-sdk/src/common/pico_sync/mutex.c.obj
                0x10000e2c                runtime_init_mutex
 .text.mutex_init
                0x10000e7c       0x1c CMakeFiles/key_latency.dir/pico-sdk/src/common/pico_sync/mutex.c.obj
                0x10000e7c                mutex_init
 .text.critical_section_init
                0x10000e98       0x1c CMakeFiles/key_latency.dir/pico-sdk/src/common/pico_sync/critical_section.c.obj
                0x10000e98                critical_section_init
 .text.critical_section_init_with_lock_num
                0x10000eb4       0x14 CMakeFiles/key_latency.dir/pico-sdk/src/common/pico_sync/critical_section.c.obj
                0x10000eb4                critical_section_init_with_lock_num
 .text.sleep_until_callback
                0x10000ec8       0x30 CMakeFiles/key_latency.dir/pico-sdk/src/common/pico_time/time.c.obj
 .text.alarm_pool_irq_handler
                0x10000ef8      0x300 CMakeFiles/key_latency.dir/pico-sdk/src/common/pico_time/time.c.obj
 .text.runtime_init_default_alarm_pool
                0x100011f8       0xdc CMakeFiles/key_latency.dir/pico-sdk/src/common/pico_time/time.c.obj
                0x100011f8                runtime_init_default_alarm_pool
 .text.alarm_pool_get_default
                0x100012d4        0x8 CMakeFiles/key_latency.dir/pico-sdk/src/common/pico_time/time.c.obj
                0x100012d4                alarm_pool_get_default
 .text.alarm_pool_add_alarm_at
                0x100012dc       0xd0 CMakeFiles/key_latency.dir/pico-sdk/src/common/pico_time/time.c.obj
                0x100012dc                alarm_pool_add_alarm_at
 .text.alarm_pool_add_alarm_at_force_in_context
                0x100013ac       0xb0 CMakeFiles/key_latency.dir/pico-sdk/src/common/pico_time/time.c.obj
                0x100013ac                alarm_pool_add_alarm_at_force_in_context
 .text.alarm_pool_cancel_alarm
                0x1000145c       0x74 CMakeFiles/key_latency.dir/pico-sdk/src/common/pico_time/time.c.obj
                0x1000145c                alarm_pool_cancel_alarm
 .text.alarm_pool_core_num
                0x100014d0        0x4 CMakeFiles/key_latency.dir/pico-sdk/src/common/pico_time/time.c.obj
                0x100014d0                alarm_pool_core_num
 .text.best_effort_wfe_or_timeout
                0x100014d4      0x10c CMakeFiles/key_latency.dir/pico-sdk/src/common/pico_time/time.c.obj
                0x100014d4                best_effort_wfe_or_timeout
 .text.timer_hardware_alarm_claim
                0x100015e0       0x14 CMakeFiles/key_latency.dir/pico-sdk/src/rp2_common/hardware_timer/timer.c.obj
                0x100015e0                timer_hardware_alarm_claim
 .text.timer_time_us_64
                0x100015f4       0x10 CMakeFiles/key_latency.dir/pico-sdk/src/rp2_common/hardware_timer/timer.c.obj
                0x100015f4                timer_time_us_64
 .text.time_us_64
                0x10001604       0x14 CMakeFiles/key_latency.dir/pico-sdk/src/rp2_common/hardware_timer/timer.c.obj
                0x10001604                time_us_64
 .text.clock_configure_int_divider
                0x10001618       0xf4 CMakeFiles/key_latency.dir/pico-sdk/src/rp2_common/hardware_clocks/clocks.c.obj
                0x10001618                clock_configure_int_divider
 .text.clock_configure_undivided
                0x1000170c       0xe8 CMakeFiles/key_latency.dir/pico-sdk/src/rp2_common/hardware_clocks/clocks.c.obj
                0x1000170c                clock_configure_undivided
 .text.clock_get_hz
                0x100017f4        0xc CMakeFiles/key_latency.dir/pico-sdk/src/rp2_common/hardware_clocks/clocks.c.obj
                0x100017f4                clock_get_hz
 .text.pll_init
                0x10001800       0xa4 CMakeFiles/key_latency.dir/pico-sdk/src/rp2_common/hardware_pll/pll.c.obj
                0x10001800                pll_init
 .text.watchdog_reboot
                0x100018a4       0x9c CMakeFiles/key_latency.dir/pico-sdk/src/rp2_common/hardware_watchdog/watchdog.c.obj
                0x100018a4                watchdog_reboot
 .text.tick_start
                0x10001940       0x10 CMakeFiles/key_latency.dir/pico-sdk/src/rp2_common/hardware_ticks/ticks.c.obj
                0x10001940                tick_start
 .text.rom_func_lookup
                0x10001950       0x10 CMakeFiles/key_latency.dir/pico-sdk/src/rp2_common/pico_bootrom/bootrom.c.obj
                0x10001950                rom_func_lookup
 .text.rom_data_lookup
                0x10001960       0x10 CMakeFiles/key_latency.dir/pico-sdk/src/rp2_common/pico_bootrom/bootrom.c.obj
                0x10001960                rom_data_lookup
 .text.rom_funcs_lookup
                0x10001970       0x44 CMakeFiles/key_latency.dir/pico-sdk/src/rp2_common/pico_bootrom/bootrom.c.obj
                0x10001970                rom_funcs_lookup
 .text.rom_reset_usb_boot_extra
                0x100019b4       0x24 CMakeFiles/key_latency.dir/pico-sdk/src/rp2_common/pico_bootrom/bootrom.c.obj
                0x100019b4                rom_reset_usb_boot_extra
 .text.xosc_init
                0x100019d8       0x28 CMakeFiles/key_latency.dir/pico-sdk/src/rp2_common/hardware_xosc/xosc.c.obj
                0x100019d8                xosc_init
 .text.first_per_core_initializer
                0x10001a00        0x4 CMakeFiles/key_latency.dir/pico-sdk/src/rp2_common/pico_runtime/runtime.c.obj
 .text.hard_assertion_failure
                0x10001a04        0xc CMakeFiles/key_latency.dir/pico-sdk/src/rp2_common/pico_runtime/runtime.c.obj
                0x10001a04                hard_assertion_failure
 .text.runtime_run_initializers
                0x10001a10       0x28 CMakeFiles/key_latency.dir/pico-sdk/src/rp2_common/pico_runtime/runtime.c.obj
                0x10001a10                runtime_run_initializers
 .text.runtime_init_early_resets
                0x10001a38       0x2c CMakeFiles/key_latency.dir/pico-sdk/src/rp2_common/pico_runtime_init/runtime_init.c.obj
                0x10001a38                runtime_init_early_resets
 .text.runtime_init_usb_power_down
                0x10001a64       0x1c CMakeFiles/key_latency.dir/pico-sdk/src/rp2_common/pico_runtime_init/runtime_init.c.obj
                0x10001a64                runtime_init_usb_power_down
 .text.runtime_init_post_clock_resets
                0x10001a80       0x20 CMakeFiles/key_latency.dir/pico-sdk/src/rp2_common/pico_runtime_init/runtime_init.c.obj
                0x10001a80                runtime_init_post_clock_resets
 .text.runtime_init_rp2040_gpio_ie_disable
                0x10001aa0       0x14 CMakeFiles/key_latency.dir/pico-sdk/src/rp2_common/pico_runtime_init/runtime_init.c.obj
                0x10001aa0                runtime_init_rp2040_gpio_ie_disable
 .text.runtime_init_spin_locks_reset
                0x10001ab4        0x8 CMakeFiles/key_latency.dir/pico-sdk/src/rp2_common/pico_runtime_init/runtime_init.c.obj
                0x10001ab4                runtime_init_spin_locks_reset
 .text.runtime_init_install_ram_vector_table
                0x10001abc       0xb4 CMakeFiles/key_latency.dir/pico-sdk/src/rp2_common/pico_runtime_init/runtime_init.c.obj
                0x10001abc                runtime_init_install_ram_vector_table
 .text.runtime_init_clocks
                0x10001b70       0xd8 CMakeFiles/key_latency.dir/pico-sdk/src/rp2_common/pico_runtime_init/runtime_init_clocks.c.obj
                0x10001b70                runtime_init_clocks
 .text          0x10001c48       0x10 CMakeFiles/key_latency.dir/pico-sdk/src/rp2_common/pico_bit_ops/bit_ops_aeabi.S.obj
 .text.__wrap___aeabi_idiv
                0x10001c58       0x50 CMakeFiles/key_latency.dir/pico-sdk/src/rp2_common/pico_divider/divider_hardware.S.obj
                0x10001c58                __wrap___aeabi_idivmod
                0x10001c58                divmod_s32s32
                0x10001c58                div_s32s32
                0x10001c58                __wrap___aeabi_idiv
                0x10001c60                divmod_s32s32_unsafe
                0x10001c8c                divmod_s32s32_savestate
 .text.__wrap___aeabi_uidiv
                0x10001ca8       0x4c CMakeFiles/key_latency.dir/pico-sdk/src/rp2_common/pico_divider/divider_hardware.S.obj
                0x10001ca8                __wrap___aeabi_uidiv
                0x10001ca8                __wrap___aeabi_uidivmod
                0x10001ca8                div_u32u32
                0x10001ca8                divmod_u32u32
                0x10001cb0                divmod_u32u32_unsafe
                0x10001cd8                divmod_u32u32_savestate
 .text.__wrap___aeabi_ldiv
                0x10001cf4      0x424 CMakeFiles/key_latency.dir/pico-sdk/src/rp2_common/pico_divider/divider_hardware.S.obj
                0x10001cf4                div_s64s64
                0x10001cf4                divmod_s64s64
                0x10001cf4                __wrap___aeabi_ldivmod
                0x10001d24                divmod_u64u64
                0x10001d24                div_u64u64
                0x10001d24                __wrap___aeabi_uldivmod
                0x10001d34                divmod_u64u64_savestate
                0x10001d54                divmod_s64s64_unsafe
                0x10001ddc                divmod_u64u64_unsafe
 .text.__wrap___aeabi_darithmetic
                0x10002118       0x80 CMakeFiles/key_latency.dir/pico-sdk/src/rp2_common/pico_double/double_aeabi_rp2040.S.obj
                0x10002118                __wrap___aeabi_drsub
                0x1000211e                __wrap___aeabi_dsub
                0x10002130                __wrap___aeabi_dadd
                0x10002142                __wrap___aeabi_ddiv
                0x1000217e                __wrap___aeabi_dmul
 .text.__wrap___aeabi_cdcmple
                0x10002198       0x6c CMakeFiles/key_latency.dir/pico-sdk/src/rp2_common/pico_double/double_aeabi_rp2040.S.obj
                0x10002198                __wrap___aeabi_cdrcmple
                0x100021a8                __wrap___aeabi_cdcmpeq
                0x100021a8                __wrap___aeabi_cdcmple
 .text.__wrap___aeabi_dcmplt
                0x10002204        0xc CMakeFiles/key_latency.dir/pico-sdk/src/rp2_common/pico_double/double_aeabi_rp2040.S.obj
                0x10002204                __wrap___aeabi_dcmplt
 .text.__wrap___aeabi_dcmple
                0x10002210       0x10 CMakeFiles/key_latency.dir/pico-sdk/src/rp2_common/pico_double/double_aeabi_rp2040.S.obj
                0x10002210                __wrap___aeabi_dcmple
 .text.__wrap___aeabi_dcmpge
                0x10002220       0x10 CMakeFiles/key_latency.dir/pico-sdk/src/rp2_common/pico_double/double_aeabi_rp2040.S.obj
                0x10002220                __wrap___aeabi_dcmpge
 .text.__wrap___aeabi_dcmpgt
                0x10002230        0xa CMakeFiles/key_latency.dir/pico-sdk/src/rp2_common/pico_double/double_aeabi_rp2040.S.obj
                0x10002230                __wrap___aeabi_dcmpgt
 .text.__wrap___aeabi_dcmpun
                0x1000223a       0x18 CMakeFiles/key_latency.dir/pico-sdk/src/rp2_common/pico_double/double_aeabi_rp2040.S.obj
                0x1000223a                __wrap___aeabi_dcmpun
 *fill*         0x10002252        0x2 
 .text.__wrap___aeabi_i2d
                0x10002254       0x38 CMakeFiles/key_latency.dir/pico-sdk/src/rp2_common/pico_double/double_aeabi_rp2040.S.obj
                0x10002254                uint2double
                0x10002254                __wrap___aeabi_ui2d
                0x1000225c                int2double
                0x1000225c                __wrap___aeabi_i2d
 .text.__wrap___aeabi_d2iz
                0x1000228c       0x48 CMakeFiles/key_latency.dir/pico-sdk/src/rp2_common/pico_double/double_aeabi_rp2040.S.obj
                0x1000228c                double2int_z
                0x1000228c                __wrap___aeabi_d2iz
 .text.__wrap___aeabi_d2uiz
                0x100022d4       0x18 CMakeFiles/key_latency.dir/pico-sdk/src/rp2_common/pico_double/double_aeabi_rp2040.S.obj
                0x100022d4                double2uint
                0x100022d4                __wrap___aeabi_d2uiz
                0x100022d4                double2uint_z
 .text.__aeabi_double_init
                0x100022ec       0xa4 CMakeFiles/key_latency.dir/pico-sdk/src/rp2_common/pico_double/double_init_rom_rp2040.c.obj
                0x100022ec                __aeabi_double_init
 .text.double_table_shim_on_use_helper
                0x10002390       0x2c CMakeFiles/key_latency.dir/pico-sdk/src/rp2_common/pico_double/double_v1_rom_shim_rp2040.S.obj
                0x10002390                double_table_shim_on_use_helper
 .text.__wrap___aeabi_dsub
                0x100023bc       0x10 CMakeFiles/key_latency.dir/pico-sdk/src/rp2_common/pico_double/double_v1_rom_shim_rp2040.S.obj
                0x100023bc                drsub_shim
                0x100023c2                dsub_shim
 .text.dadd_shim
                0x100023cc      0x15c CMakeFiles/key_latency.dir/pico-sdk/src/rp2_common/pico_double/double_v1_rom_shim_rp2040.S.obj
                0x100023cc                dadd_shim
 .text.dmul_shim
                0x10002528      0x15c CMakeFiles/key_latency.dir/pico-sdk/src/rp2_common/pico_double/double_v1_rom_shim_rp2040.S.obj
                0x10002528                dmul_shim
 .text.ddiv_shim
                0x10002684      0x1b0 CMakeFiles/key_latency.dir/pico-sdk/src/rp2_common/pico_double/double_v1_rom_shim_rp2040.S.obj
                0x10002684                ddiv_shim
 .text.double2uint_shim
                0x10002834        0xe CMakeFiles/key_latency.dir/pico-sdk/src/rp2_common/pico_double/double_v1_rom_shim_rp2040.S.obj
                0x10002834                double2uint_shim
                0x10002836                double2ufix_shim
 *fill*         0x10002842        0x2 
 .text.double2uint64_shim
                0x10002844       0x70 CMakeFiles/key_latency.dir/pico-sdk/src/rp2_common/pico_double/double_v1_rom_shim_rp2040.S.obj
                0x10002844                double2uint64_shim
                0x10002846                double2ufix64_shim
                0x10002866                d2fix_a
 .text.dunpacks
                0x100028b4       0x3c CMakeFiles/key_latency.dir/pico-sdk/src/rp2_common/pico_double/double_v1_rom_shim_rp2040.S.obj
                0x100028b4                dunpacks
 .text.__aeabi_lmul
                0x100028f0       0x32 CMakeFiles/key_latency.dir/pico-sdk/src/rp2_common/pico_int64_ops/pico_int64_ops_aeabi.S.obj
                0x100028f0                __wrap___aeabi_lmul
 *fill*         0x10002922        0x2 
 .text.__aeabi_float_init
                0x10002924       0x64 CMakeFiles/key_latency.dir/pico-sdk/src/rp2_common/pico_float/float_init_rom_rp2040.c.obj
                0x10002924                __aeabi_float_init
 .text.float_table_shim_on_use_helper
                0x10002988       0x2c CMakeFiles/key_latency.dir/pico-sdk/src/rp2_common/pico_float/float_v1_rom_shim_rp2040.S.obj
                0x10002988                float_table_shim_on_use_helper
 .text          0x100029b4       0x10 CMakeFiles/key_latency.dir/pico-sdk/src/rp2_common/pico_mem_ops/mem_ops_aeabi.S.obj
                0x100029b4                __aeabi_mem_init
 .text.memset   0x100029c4        0xc CMakeFiles/key_latency.dir/pico-sdk/src/rp2_common/pico_mem_ops/mem_ops_aeabi.S.obj
                0x100029c4                __wrap_memset
 .text.memcpy   0x100029d0        0xc CMakeFiles/key_latency.dir/pico-sdk/src/rp2_common/pico_mem_ops/mem_ops_aeabi.S.obj
                0x100029d0                __wrap_memcpy
                0x100029d0                __wrap___aeabi_memcpy
 .text._out_null
                0x100029dc        0x4 CMakeFiles/key_latency.dir/pico-sdk/src/rp2_common/pico_printf/printf.c.obj
 .text._out_rev
                0x100029e0       0xac CMakeFiles/key_latency.dir/pico-sdk/src/rp2_common/pico_printf/printf.c.obj
 .text._ntoa_format
                0x10002a8c      0x1cc CMakeFiles/key_latency.dir/pico-sdk/src/rp2_common/pico_printf/printf.c.obj
 .text._out_char
                0x10002c58       0x10 CMakeFiles/key_latency.dir/pico-sdk/src/rp2_common/pico_printf/printf.c.obj
 .text._out_fct
                0x10002c68       0x10 CMakeFiles/key_latency.dir/pico-sdk/src/rp2_common/pico_printf/printf.c.obj
 .text._ftoa    0x10002c78      0x4a8 CMakeFiles/key_latency.dir/pico-sdk/src/rp2_common/pico_printf/printf.c.obj
 .text._etoa    0x10003120      0x57c CMakeFiles/key_latency.dir/pico-sdk/src/rp2_common/pico_printf/printf.c.obj
 .text._vsnprintf
                0x1000369c      0xbe0 CMakeFiles/key_latency.dir/pico-sdk/src/rp2_common/pico_printf/printf.c.obj
 .text.vfctprintf
                0x1000427c       0x24 CMakeFiles/key_latency.dir/pico-sdk/src/rp2_common/pico_printf/printf.c.obj
                0x1000427c                vfctprintf
 .text.weak_raw_vprintf
                0x100042a0       0x30 CMakeFiles/key_latency.dir/pico-sdk/src/rp2_common/pico_printf/printf.c.obj
                0x100042a0                weak_raw_vprintf
 .text._exit    0x100042d0        0x4 CMakeFiles/key_latency.dir/pico-sdk/src/rp2_common/pico_clib_interface/newlib_interface.c.obj
                0x100042d0                _exit
 .text.exit     0x100042d4        0x8 CMakeFiles/key_latency.dir/pico-sdk/src/rp2_common/pico_clib_interface/newlib_interface.c.obj
                0x100042d4                exit
 .text.runtime_init
                0x100042dc       0x2c CMakeFiles/key_latency.dir/pico-sdk/src/rp2_common/pico_clib_interface/newlib_interface.c.obj
                0x100042dc                runtime_init
 .text.stdio_out_chars_no_crlf
                0x10004308       0x10 CMakeFiles/key_latency.dir/pico-sdk/src/rp2_common/pico_stdio/stdio.c.obj
 .text.stdio_out_chars_crlf
                0x10004318       0xb0 CMakeFiles/key_latency.dir/pico-sdk/src/rp2_common/pico_stdio/stdio.c.obj
 .text.stdio_buffered_printer
                0x100043c8       0x64 CMakeFiles/key_latency.dir/pico-sdk/src/rp2_common/pico_stdio/stdio.c.obj
 .text.stdio_put_string
                0x1000442c       0xfc CMakeFiles/key_latency.dir/pico-sdk/src/rp2_common/pico_stdio/stdio.c.obj
                0x1000442c                stdio_put_string
 .text.stdio_set_driver_enabled
                0x10004528       0x30 CMakeFiles/key_latency.dir/pico-sdk/src/rp2_common/pico_stdio/stdio.c.obj
                0x10004528                stdio_set_driver_enabled
 .text.stdio_init_all
                0x10004558        0x8 CMakeFiles/key_latency.dir/pico-sdk/src/rp2_common/pico_stdio/stdio.c.obj
                0x10004558                stdio_init_all
 .text.__wrap_putchar
                0x10004560       0x94 CMakeFiles/key_latency.dir/pico-sdk/src/rp2_common/pico_stdio/stdio.c.obj
                0x10004560                __wrap_putchar
                0x10004560                stdio_putchar
 .text.__wrap_puts
                0x100045f4       0x3c CMakeFiles/key_latency.dir/pico-sdk/src/rp2_common/pico_stdio/stdio.c.obj
                0x100045f4                stdio_puts
                0x100045f4                __wrap_puts
 .text.__wrap_vprintf
                0x10004630       0xcc CMakeFiles/key_latency.dir/pico-sdk/src/rp2_common/pico_stdio/stdio.c.obj
                0x10004630                stdio_vprintf
                0x10004630                __wrap_vprintf
 .text.__wrap_printf
                0x100046fc       0x18 CMakeFiles/key_latency.dir/pico-sdk/src/rp2_common/pico_stdio/stdio.c.obj
                0x100046fc                __wrap_printf
                0x100046fc                stdio_printf
 .text.resetd_init
                0x10004714        0x4 CMakeFiles/key_latency.dir/pico-sdk/src/rp2_common/pico_stdio_usb/reset_interface.c.obj
 .text.resetd_reset
                0x10004718        0xc CMakeFiles/key_latency.dir/pico-sdk/src/rp2_common/pico_stdio_usb/reset_interface.c.obj
 .text.resetd_open
                0x10004724       0x28 CMakeFiles/key_latency.dir/pico-sdk/src/rp2_common/pico_stdio_usb/reset_interface.c.obj
 .text.resetd_xfer_cb
                0x1000474c        0x4 CMakeFiles/key_latency.dir/pico-sdk/src/rp2_common/pico_stdio_usb/reset_interface.c.obj
 .text.resetd_control_xfer_cb
                0x10004750       0x54 CMakeFiles/key_latency.dir/pico-sdk/src/rp2_common/pico_stdio_usb/reset_interface.c.obj
 .text.tud_descriptor_bos_cb
                0x100047a4        0x8 CMakeFiles/key_latency.dir/pico-sdk/src/rp2_common/pico_stdio_usb/reset_interface.c.obj
                0x100047a4                tud_descriptor_bos_cb
 .text.tud_vendor_control_xfer_cb
                0x100047ac       0x34 CMakeFiles/key_latency.dir/pico-sdk/src/rp2_common/pico_stdio_usb/reset_interface.c.obj
                0x100047ac                tud_vendor_control_xfer_cb
 .text.usbd_app_driver_get_cb
                0x100047e0        0xc CMakeFiles/key_latency.dir/pico-sdk/src/rp2_common/pico_stdio_usb/reset_interface.c.obj
                0x100047e0                usbd_app_driver_get_cb
 .text.tud_cdc_line_coding_cb
                0x100047ec       0x2c CMakeFiles/key_latency.dir/pico-sdk/src/rp2_common/pico_stdio_usb/reset_interface.c.obj
                0x100047ec                tud_cdc_line_coding_cb
 .text.stdio_usb_set_chars_available_callback
                0x10004818       0x14 CMakeFiles/key_latency.dir/pico-sdk/src/rp2_common/pico_stdio_usb/stdio_usb.c.obj
                0x10004818                stdio_usb_set_chars_available_callback
 .text.usb_irq  0x1000482c       0x10 CMakeFiles/key_latency.dir/pico-sdk/src/rp2_common/pico_stdio_usb/stdio_usb.c.obj
 .text.timer_task
                0x1000483c       0x64 CMakeFiles/key_latency.dir/pico-sdk/src/rp2_common/pico_stdio_usb/stdio_usb.c.obj
 .text.stdio_usb_in_chars
                0x100048a0       0x8c CMakeFiles/key_latency.dir/pico-sdk/src/rp2_common/pico_stdio_usb/stdio_usb.c.obj
                0x100048a0                stdio_usb_in_chars
 .text.stdio_usb_out_flush
                0x1000492c       0x4c CMakeFiles/key_latency.dir/pico-sdk/src/rp2_common/pico_stdio_usb/stdio_usb.c.obj
 .text.stdio_usb_out_chars
                0x10004978      0x100 CMakeFiles/key_latency.dir/pico-sdk/src/rp2_common/pico_stdio_usb/stdio_usb.c.obj
 .text.low_priority_worker_irq
                0x10004a78       0xc8 CMakeFiles/key_latency.dir/pico-sdk/src/rp2_common/pico_stdio_usb/stdio_usb.c.obj
 .text.stdio_usb_init
                0x10004b40       0xe8 CMakeFiles/key_latency.dir/pico-sdk/src/rp2_common/pico_stdio_usb/stdio_usb.c.obj
                0x10004b40                stdio_usb_init
 .text.tud_descriptor_device_cb
                0x10004c28        0x8 CMakeFiles/key_latency.dir/pico-sdk/src/rp2_common/pico_stdio_usb/stdio_usb_descriptors.c.obj
                0x10004c28                tud_descriptor_device_cb
 .text.tud_descriptor_configuration_cb
                0x10004c30        0x8 CMakeFiles/key_latency.dir/pico-sdk/src/rp2_common/pico_stdio_usb/stdio_usb_descriptors.c.obj
                0x10004c30                tud_descriptor_configuration_cb
 .text.tud_descriptor_string_cb
                0x10004c38       0x78 CMakeFiles/key_latency.dir/pico-sdk/src/rp2_common/pico_stdio_usb/stdio_usb_descriptors.c.obj
                0x10004c38                tud_descriptor_string_cb
 .text.startup._retrieve_unique_id_on_boot
                0x10004cb0       0x10 CMakeFiles/key_latency.dir/pico-sdk/src/rp2_common/pico_unique_id/unique_id.c.obj
 .text.pico_get_unique_board_id_string
                0x10004cc0      0x1a8 CMakeFiles/key_latency.dir/pico-sdk/src/rp2_common/pico_unique_id/unique_id.c.obj
                0x10004cc0                pico_get_unique_board_id_string
 .text.flash_get_unique_id
                0x10004e68       0x3c CMakeFiles/key_latency.dir/pico-sdk/src/rp2_common/hardware_flash/flash.c.obj
                0x10004e68                flash_get_unique_id
 .text.dcd_init
                0x10004ea4       0x90 CMakeFiles/key_latency.dir/pico-sdk/lib/tinyusb/src/portable/raspberrypi/rp2040/dcd_rp2040.c.obj
                0x10004ea4                dcd_init
 .text.dcd_int_enable
                0x10004f34        0xc CMakeFiles/key_latency.dir/pico-sdk/lib/tinyusb/src/portable/raspberrypi/rp2040/dcd_rp2040.c.obj
                0x10004f34                dcd_int_enable
 .text.dcd_set_address
                0x10004f40       0x14 CMakeFiles/key_latency.dir/pico-sdk/lib/tinyusb/src/portable/raspberrypi/rp2040/dcd_rp2040.c.obj
                0x10004f40                dcd_set_address
 .text.dcd_sof_enable
                0x10004f54       0x1c CMakeFiles/key_latency.dir/pico-sdk/lib/tinyusb/src/portable/raspberrypi/rp2040/dcd_rp2040.c.obj
                0x10004f54                dcd_sof_enable
 .text.dcd_edpt0_status_complete
                0x10004f70       0x1c CMakeFiles/key_latency.dir/pico-sdk/lib/tinyusb/src/portable/raspberrypi/rp2040/dcd_rp2040.c.obj
                0x10004f70                dcd_edpt0_status_complete
 .text.dcd_edpt_open
                0x10004f8c      0x114 CMakeFiles/key_latency.dir/pico-sdk/lib/tinyusb/src/portable/raspberrypi/rp2040/dcd_rp2040.c.obj
                0x10004f8c                dcd_edpt_open
 .text.dcd_edpt_close_all
                0x100050a0        0x8 CMakeFiles/key_latency.dir/pico-sdk/lib/tinyusb/src/portable/raspberrypi/rp2040/dcd_rp2040.c.obj
                0x100050a0                dcd_edpt_close_all
 .text.dcd_edpt_xfer
                0x100050a8       0x24 CMakeFiles/key_latency.dir/pico-sdk/lib/tinyusb/src/portable/raspberrypi/rp2040/dcd_rp2040.c.obj
                0x100050a8                dcd_edpt_xfer
 .text.dcd_edpt_stall
                0x100050cc       0x3c CMakeFiles/key_latency.dir/pico-sdk/lib/tinyusb/src/portable/raspberrypi/rp2040/dcd_rp2040.c.obj
                0x100050cc                dcd_edpt_stall
 .text.dcd_edpt_clear_stall
                0x10005108       0x30 CMakeFiles/key_latency.dir/pico-sdk/lib/tinyusb/src/portable/raspberrypi/rp2040/dcd_rp2040.c.obj
                0x10005108                dcd_edpt_clear_stall
 .text.rp2040_usb_init
                0x10005138       0x40 CMakeFiles/key_latency.dir/pico-sdk/lib/tinyusb/src/portable/raspberrypi/rp2040/rp2040_usb.c.obj
                0x10005138                rp2040_usb_init
 .text.hw_endpoint_xfer_start
                0x10005178       0x40 CMakeFiles/key_latency.dir/pico-sdk/lib/tinyusb/src/portable/raspberrypi/rp2040/rp2040_usb.c.obj
                0x10005178                hw_endpoint_xfer_start
 .text.tud_event_hook_cb
                0x100051b8        0x4 CMakeFiles/key_latency.dir/pico-sdk/lib/tinyusb/src/device/usbd.c.obj
                0x100051b8                tud_event_hook_cb
 .text.tud_sof_cb
                0x100051bc        0x4 CMakeFiles/key_latency.dir/pico-sdk/lib/tinyusb/src/device/usbd.c.obj
                0x100051bc                tud_sof_cb
 .text.tud_descriptor_device_qualifier_cb
                0x100051c0        0x4 CMakeFiles/key_latency.dir/pico-sdk/lib/tinyusb/src/device/usbd.c.obj
                0x100051c0                tud_descriptor_device_qualifier_cb
 .text.tud_descriptor_other_speed_configuration_cb
                0x100051c4        0x4 CMakeFiles/key_latency.dir/pico-sdk/lib/tinyusb/src/device/usbd.c.obj
                0x100051c4                tud_descriptor_other_speed_configuration_cb
 .text.tud_mount_cb
                0x100051c8        0x4 CMakeFiles/key_latency.dir/pico-sdk/lib/tinyusb/src/device/usbd.c.obj
                0x100051c8                tud_mount_cb
 .text.tud_umount_cb
                0x100051cc        0x4 CMakeFiles/key_latency.dir/pico-sdk/lib/tinyusb/src/device/usbd.c.obj
                0x100051cc                tud_umount_cb
 .text.tud_suspend_cb
                0x100051d0        0x4 CMakeFiles/key_latency.dir/pico-sdk/lib/tinyusb/src/device/usbd.c.obj
                0x100051d0                tud_suspend_cb
 .text.tud_resume_cb
                0x100051d4        0x4 CMakeFiles/key_latency.dir/pico-sdk/lib/tinyusb/src/device/usbd.c.obj
                0x100051d4                tud_resume_cb
 .text.tud_mounted
                0x100051d8       0x10 CMakeFiles/key_latency.dir/pico-sdk/lib/tinyusb/src/device/usbd.c.obj
                0x100051d8                tud_mounted
 .text.tud_suspended
                0x100051e8       0x10 CMakeFiles/key_latency.dir/pico-sdk/lib/tinyusb/src/device/usbd.c.obj
                0x100051e8                tud_suspended
 .text.tud_rhport_init
                0x100051f8       0xf4 CMakeFiles/key_latency.dir/pico-sdk/lib/tinyusb/src/device/usbd.c.obj
                0x100051f8                tud_rhport_init
 .text.tud_task_ext
                0x100052ec      0x800 CMakeFiles/key_latency.dir/pico-sdk/lib/tinyusb/src/device/usbd.c.obj
                0x100052ec                tud_task_ext
 .text.usbd_open_edpt_pair
                0x10005aec       0x9c CMakeFiles/key_latency.dir/pico-sdk/lib/tinyusb/src/device/usbd.c.obj
                0x10005aec                usbd_open_edpt_pair
 .text.usbd_edpt_open
                0x10005b88       0x34 CMakeFiles/key_latency.dir/pico-sdk/lib/tinyusb/src/device/usbd.c.obj
                0x10005b88                usbd_edpt_open
 .text.usbd_edpt_claim
                0x10005bbc       0x28 CMakeFiles/key_latency.dir/pico-sdk/lib/tinyusb/src/device/usbd.c.obj
                0x10005bbc                usbd_edpt_claim
 .text.usbd_edpt_release
                0x10005be4       0x28 CMakeFiles/key_latency.dir/pico-sdk/lib/tinyusb/src/device/usbd.c.obj
                0x10005be4                usbd_edpt_release
 .text.usbd_edpt_xfer
                0x10005c0c       0x4c CMakeFiles/key_latency.dir/pico-sdk/lib/tinyusb/src/device/usbd.c.obj
                0x10005c0c                usbd_edpt_xfer
 .text.tud_control_status
                0x10005c58       0x2c CMakeFiles/key_latency.dir/pico-sdk/lib/tinyusb/src/device/usbd_control.c.obj
                0x10005c58                tud_control_status
 .text.tud_control_xfer
                0x10005c84       0xa8 CMakeFiles/key_latency.dir/pico-sdk/lib/tinyusb/src/device/usbd_control.c.obj
                0x10005c84                tud_control_xfer
 .text.usbd_control_reset
                0x10005d2c       0x14 CMakeFiles/key_latency.dir/pico-sdk/lib/tinyusb/src/device/usbd_control.c.obj
                0x10005d2c                usbd_control_reset
 .text.usbd_control_set_complete_callback
                0x10005d40        0xc CMakeFiles/key_latency.dir/pico-sdk/lib/tinyusb/src/device/usbd_control.c.obj
                0x10005d40                usbd_control_set_complete_callback
 .text.usbd_control_set_request
                0x10005d4c       0x1c CMakeFiles/key_latency.dir/pico-sdk/lib/tinyusb/src/device/usbd_control.c.obj
                0x10005d4c                usbd_control_set_request
 .text.usbd_control_xfer_cb
                0x10005d68       0xec CMakeFiles/key_latency.dir/pico-sdk/lib/tinyusb/src/device/usbd_control.c.obj
                0x10005d68                usbd_control_xfer_cb
 .text._prep_out_transaction.isra.0
                0x10005e54       0x6c CMakeFiles/key_latency.dir/pico-sdk/lib/tinyusb/src/class/cdc/cdc_device.c.obj
 .text.tud_cdc_n_connected
                0x10005ec0       0x2c CMakeFiles/key_latency.dir/pico-sdk/lib/tinyusb/src/class/cdc/cdc_device.c.obj
                0x10005ec0                tud_cdc_n_connected
 .text.tud_cdc_n_available
                0x10005eec       0x14 CMakeFiles/key_latency.dir/pico-sdk/lib/tinyusb/src/class/cdc/cdc_device.c.obj
                0x10005eec                tud_cdc_n_available
 .text.tud_cdc_n_read
                0x10005f00       0x88 CMakeFiles/key_latency.dir/pico-sdk/lib/tinyusb/src/class/cdc/cdc_device.c.obj
                0x10005f00                tud_cdc_n_read
 .text.tud_cdc_n_write_flush
                0x10005f88       0x74 CMakeFiles/key_latency.dir/pico-sdk/lib/tinyusb/src/class/cdc/cdc_device.c.obj
                0x10005f88                tud_cdc_n_write_flush
 .text.tud_cdc_n_write
                0x10005ffc       0x40 CMakeFiles/key_latency.dir/pico-sdk/lib/tinyusb/src/class/cdc/cdc_device.c.obj
                0x10005ffc                tud_cdc_n_write
 .text.tud_cdc_n_write_available
                0x1000603c       0x14 CMakeFiles/key_latency.dir/pico-sdk/lib/tinyusb/src/class/cdc/cdc_device.c.obj
                0x1000603c                tud_cdc_n_write_available
 .text.cdcd_init
                0x10006050       0x70 CMakeFiles/key_latency.dir/pico-sdk/lib/tinyusb/src/class/cdc/cdc_device.c.obj
                0x10006050                cdcd_init
 .text.cdcd_deinit
                0x100060c0       0x30 CMakeFiles/key_latency.dir/pico-sdk/lib/tinyusb/src/class/cdc/cdc_device.c.obj
                0x100060c0                cdcd_deinit
 .text.cdcd_reset
                0x100060f0       0x4c CMakeFiles/key_latency.dir/pico-sdk/lib/tinyusb/src/class/cdc/cdc_device.c.obj
                0x100060f0                cdcd_reset
 .text.cdcd_open
                0x1000613c       0xa4 CMakeFiles/key_latency.dir/pico-sdk/lib/tinyusb/src/class/cdc/cdc_device.c.obj
                0x1000613c                cdcd_open
 .text.cdcd_control_xfer_cb
                0x100061e0       0xe8 CMakeFiles/key_latency.dir/pico-sdk/lib/tinyusb/src/class/cdc/cdc_device.c.obj
                0x100061e0                cdcd_control_xfer_cb
 .text.cdcd_xfer_cb
                0x100062c8      0x100 CMakeFiles/key_latency.dir/pico-sdk/lib/tinyusb/src/class/cdc/cdc_device.c.obj
                0x100062c8                cdcd_xfer_cb
 .text.vendord_init
                0x100063c8       0x5c CMakeFiles/key_latency.dir/pico-sdk/lib/tinyusb/src/class/vendor/vendor_device.c.obj
                0x100063c8                vendord_init
 .text.vendord_deinit
                0x10006424       0x1c CMakeFiles/key_latency.dir/pico-sdk/lib/tinyusb/src/class/vendor/vendor_device.c.obj
                0x10006424                vendord_deinit
 .text.vendord_reset
                0x10006440       0x28 CMakeFiles/key_latency.dir/pico-sdk/lib/tinyusb/src/class/vendor/vendor_device.c.obj
                0x10006440                vendord_reset
 .text.vendord_open
                0x10006468      0x120 CMakeFiles/key_latency.dir/pico-sdk/lib/tinyusb/src/class/vendor/vendor_device.c.obj
                0x10006468                vendord_open
 .text.vendord_xfer_cb
                0x10006588       0x9c CMakeFiles/key_latency.dir/pico-sdk/lib/tinyusb/src/class/vendor/vendor_device.c.obj
                0x10006588                vendord_xfer_cb
 .text.tusb_rhport_init
                0x10006624       0x4c CMakeFiles/key_latency.dir/pico-sdk/lib/tinyusb/src/tusb.c.obj
                0x10006624                tusb_rhport_init
 .text.tu_edpt_claim
                0x10006670       0x50 CMakeFiles/key_latency.dir/pico-sdk/lib/tinyusb/src/tusb.c.obj
                0x10006670                tu_edpt_claim
 .text.tu_edpt_release
                0x100066c0       0x38 CMakeFiles/key_latency.dir/pico-sdk/lib/tinyusb/src/tusb.c.obj
                0x100066c0                tu_edpt_release
 .text.tu_edpt_validate
                0x100066f8       0x7c CMakeFiles/key_latency.dir/pico-sdk/lib/tinyusb/src/tusb.c.obj
                0x100066f8                tu_edpt_validate
 .text.tu_edpt_bind_driver
                0x10006774       0x34 CMakeFiles/key_latency.dir/pico-sdk/lib/tinyusb/src/tusb.c.obj
                0x10006774                tu_edpt_bind_driver
 .text.tu_edpt_stream_init
                0x100067a8       0x6c CMakeFiles/key_latency.dir/pico-sdk/lib/tinyusb/src/tusb.c.obj
                0x100067a8                tu_edpt_stream_init
 .text.tu_edpt_stream_deinit
                0x10006814        0x4 CMakeFiles/key_latency.dir/pico-sdk/lib/tinyusb/src/tusb.c.obj
                0x10006814                tu_edpt_stream_deinit
 .text.tu_edpt_stream_write_zlp_if_needed
                0x10006818       0x68 CMakeFiles/key_latency.dir/pico-sdk/lib/tinyusb/src/tusb.c.obj
                0x10006818                tu_edpt_stream_write_zlp_if_needed
 .text.tu_edpt_stream_write_xfer
                0x10006880       0x68 CMakeFiles/key_latency.dir/pico-sdk/lib/tinyusb/src/tusb.c.obj
                0x10006880                tu_edpt_stream_write_xfer
 .text.tu_edpt_stream_read_xfer
                0x100068e8       0xd8 CMakeFiles/key_latency.dir/pico-sdk/lib/tinyusb/src/tusb.c.obj
                0x100068e8                tu_edpt_stream_read_xfer
 .text.tu_fifo_config
                0x100069c0       0x6c CMakeFiles/key_latency.dir/pico-sdk/lib/tinyusb/src/common/tusb_fifo.c.obj
                0x100069c0                tu_fifo_config
 .text.tu_fifo_count
                0x10006a2c       0x2c CMakeFiles/key_latency.dir/pico-sdk/lib/tinyusb/src/common/tusb_fifo.c.obj
                0x10006a2c                tu_fifo_count
 .text.tu_fifo_empty
                0x10006a58       0x10 CMakeFiles/key_latency.dir/pico-sdk/lib/tinyusb/src/common/tusb_fifo.c.obj
                0x10006a58                tu_fifo_empty
 .text.tu_fifo_remaining
                0x10006a68       0x2c CMakeFiles/key_latency.dir/pico-sdk/lib/tinyusb/src/common/tusb_fifo.c.obj
                0x10006a68                tu_fifo_remaining
 .text.tu_fifo_read
                0x10006a94       0x9c CMakeFiles/key_latency.dir/pico-sdk/lib/tinyusb/src/common/tusb_fifo.c.obj
                0x10006a94                tu_fifo_read
 .text.tu_fifo_read_n
                0x10006b30       0xe8 CMakeFiles/key_latency.dir/pico-sdk/lib/tinyusb/src/common/tusb_fifo.c.obj
                0x10006b30                tu_fifo_read_n
 .text.tu_fifo_write
                0x10006c18       0xa4 CMakeFiles/key_latency.dir/pico-sdk/lib/tinyusb/src/common/tusb_fifo.c.obj
                0x10006c18                tu_fifo_write
 .text.tu_fifo_write_n
                0x10006cbc      0x178 CMakeFiles/key_latency.dir/pico-sdk/lib/tinyusb/src/common/tusb_fifo.c.obj
                0x10006cbc                tu_fifo_write_n
 .text.tu_fifo_clear
                0x10006e34       0x40 CMakeFiles/key_latency.dir/pico-sdk/lib/tinyusb/src/common/tusb_fifo.c.obj
                0x10006e34                tu_fifo_clear
 .text.tu_fifo_set_overwritable
                0x10006e74       0x48 CMakeFiles/key_latency.dir/pico-sdk/lib/tinyusb/src/common/tusb_fifo.c.obj
                0x10006e74                tu_fifo_set_overwritable
 .text.strlen   0x10006ebc       0x5c C:/gcc-arm/bin/../lib/gcc/arm-none-eabi/14.2.1/thumb/v6-m/nofp\libg.a(libc_a-strlen-stub.o)
                0x10006ebc                strlen
 *(.fini)
 .fini          0x10006f18        0x4 C:/gcc-arm/bin/../lib/gcc/arm-none-eabi/14.2.1/thumb/v6-m/nofp/crti.o
                0x10006f18                _fini
 *fill*         0x10006f1c        0x4 
 .fini.__stub   0x10006f20       0xc0 linker stubs
 *crtbegin.o(.ctors)
 *crtbegin?.o(.ctors)
 *(EXCLUDE_FILE(*crtend.o *crtend?.o) .ctors)
 *(SORT_BY_NAME(.ctors.*))
 *(.ctors)
 *crtbegin.o(.dtors)
 *crtbegin?.o(.dtors)
 *(EXCLUDE_FILE(*crtend.o *crtend?.o) .dtors)
 *(SORT_BY_NAME(.dtors.*))
 *(.dtors)
                0x10006fe0                        . = ALIGN (0x4)
                0x10006fe0                        PROVIDE (__preinit_array_start = .)
 *(SORT_BY_NAME(.preinit_array.*))
 .preinit_array.00100
                0x10006fe0        0x4 CMakeFiles/key_latency.dir/pico-sdk/src/rp2_common/pico_runtime_init/runtime_init.c.obj
                0x10006fe0                __pre_init_runtime_init_early_resets
 .preinit_array.00101
                0x10006fe4        0x4 CMakeFiles/key_latency.dir/pico-sdk/src/rp2_common/pico_runtime_init/runtime_init.c.obj
                0x10006fe4                __pre_init_runtime_init_usb_power_down
 .preinit_array.00275
                0x10006fe8        0x4 CMakeFiles/key_latency.dir/pico-sdk/src/rp2_common/pico_bit_ops/bit_ops_aeabi.S.obj
 .preinit_array.00300
                0x10006fec        0x4 CMakeFiles/key_latency.dir/pico-sdk/src/rp2_common/pico_mem_ops/mem_ops_aeabi.S.obj
 .preinit_array.00350
                0x10006ff0        0x4 CMakeFiles/key_latency.dir/pico-sdk/src/rp2_common/pico_double/double_aeabi_rp2040.S.obj
 .preinit_array.00350
                0x10006ff4        0x4 CMakeFiles/key_latency.dir/pico-sdk/src/rp2_common/pico_float/float_aeabi_rp2040.S.obj
 .preinit_array.00500
                0x10006ff8        0x4 CMakeFiles/key_latency.dir/pico-sdk/src/rp2_common/pico_runtime_init/runtime_init.c.obj
                0x10006ff8                __pre_init_runtime_init_clocks
 .preinit_array.00600
                0x10006ffc        0x4 CMakeFiles/key_latency.dir/pico-sdk/src/rp2_common/pico_runtime_init/runtime_init.c.obj
                0x10006ffc                __pre_init_runtime_init_post_clock_resets
 .preinit_array.00700
                0x10007000        0x4 CMakeFiles/key_latency.dir/pico-sdk/src/rp2_common/pico_runtime_init/runtime_init.c.obj
                0x10007000                __pre_init_runtime_init_rp2040_gpio_ie_disable
 .preinit_array.01000
                0x10007004        0x4 CMakeFiles/key_latency.dir/pico-sdk/src/rp2_common/pico_runtime_init/runtime_init.c.obj
                0x10007004                __pre_init_runtime_init_spin_locks_reset
 .preinit_array.01100
                0x10007008        0x4 CMakeFiles/key_latency.dir/pico-sdk/src/common/pico_sync/mutex.c.obj
                0x10007008                __pre_init_runtime_init_mutex
 .preinit_array.10080
                0x1000700c        0x4 CMakeFiles/key_latency.dir/pico-sdk/src/rp2_common/pico_runtime_init/runtime_init.c.obj
                0x1000700c                __pre_init_runtime_init_install_ram_vector_table
 .preinit_array.11000
                0x10007010        0x4 CMakeFiles/key_latency.dir/pico-sdk/src/common/pico_time/time.c.obj
                0x10007010                __pre_init_runtime_init_default_alarm_pool
 .preinit_array.YYYYY
                0x10007014        0x4 CMakeFiles/key_latency.dir/pico-sdk/src/rp2_common/pico_runtime/runtime.c.obj
                0x10007014                __pre_init_first_per_core_initializer
 .preinit_array.ZZZZZ.01200
                0x10007018        0x4 CMakeFiles/key_latency.dir/pico-sdk/src/rp2_common/hardware_irq/irq.c.obj
                0x10007018                __pre_init_runtime_init_per_core_irq_priorities
 *(.preinit_array)
                0x1000701c                        PROVIDE (__preinit_array_end = .)
                0x1000701c                        . = ALIGN (0x4)
                0x1000701c                        PROVIDE (__init_array_start = .)
 *(SORT_BY_NAME(.init_array.*))
 .init_array.01000
                0x1000701c        0x4 CMakeFiles/key_latency.dir/pico-sdk/src/rp2_common/pico_unique_id/unique_id.c.obj
 *(.init_array)
 .init_array    0x10007020        0x4 C:/gcc-arm/bin/../lib/gcc/arm-none-eabi/14.2.1/thumb/v6-m/nofp/crtbegin.o
                0x10007024                        PROVIDE (__init_array_end = .)
                0x10007024                        . = ALIGN (0x4)
                [!provide]                        PROVIDE (__fini_array_start = .)
 *(SORT_BY_NAME(.fini_array.*))
 *(.fini_array)
                [!provide]                        PROVIDE (__fini_array_end = .)
 *(.eh_frame*)
 .eh_frame      0x10007024        0x0 C:/gcc-arm/bin/../lib/gcc/arm-none-eabi/14.2.1/thumb/v6-m/nofp/crtbegin.o
                0x10007024                        . = ALIGN (0x4)

.glue_7         0x10007024        0x0
 .glue_7        0x10007024        0x0 linker stubs

.glue_7t        0x10007024        0x0
 .glue_7t       0x10007024        0x0 linker stubs

.vfp11_veneer   0x10007024        0x0
 .vfp11_veneer  0x10007024        0x0 linker stubs

.v4_bx          0x10007024        0x0
 .v4_bx         0x10007024        0x0 linker stubs

.iplt           0x10007024        0x0
 .iplt          0x10007024        0x0 C:/gcc-arm/bin/../lib/gcc/arm-none-eabi/14.2.1/thumb/v6-m/nofp/crtbegin.o

.rodata         0x10007028      0x624
 *(EXCLUDE_FILE(*libm.a: *libc.a:*lib_a-mem*.o *libgcc.a:) .rodata*)
 .rodata.gpio_callback.str1.4
                0x10007028      0x17c CMakeFiles/key_latency.dir/main.c.obj
                                  0x9 (size before relaxing)
 .rodata.panic.str1.4
                0x100071a4       0x12 CMakeFiles/key_latency.dir/pico-sdk/src/rp2_common/pico_platform_panic/panic.c.obj
 .rodata.spin_lock_claim_unused.str1.4
                0x100071a4       0x1b CMakeFiles/key_latency.dir/pico-sdk/src/rp2_common/hardware_sync/sync.c.obj
 .rodata.user_irq_claim_unused.str1.4
                0x100071a4       0x1b CMakeFiles/key_latency.dir/pico-sdk/src/rp2_common/hardware_irq/irq.c.obj
 .rodata.timer_hardware_alarm_claim.str1.4
                0x100071a4       0x22 CMakeFiles/key_latency.dir/pico-sdk/src/rp2_common/hardware_timer/timer.c.obj
 .rodata.hard_assertion_failure.str1.4
                0x100071a4        0xc CMakeFiles/key_latency.dir/pico-sdk/src/rp2_common/pico_runtime/runtime.c.obj
 .rodata.str1.4
                0x100071a4       0x40 CMakeFiles/key_latency.dir/pico-sdk/src/rp2_common/pico_standard_binary_info/standard_binary_info.c.obj
 .rodata.__bi_84
                0x100071a4        0xc CMakeFiles/key_latency.dir/pico-sdk/src/rp2_common/pico_standard_binary_info/standard_binary_info.c.obj
 .rodata.__bi_78
                0x100071b0        0xc CMakeFiles/key_latency.dir/pico-sdk/src/rp2_common/pico_standard_binary_info/standard_binary_info.c.obj
 .rodata.__bi_54
                0x100071bc        0xc CMakeFiles/key_latency.dir/pico-sdk/src/rp2_common/pico_standard_binary_info/standard_binary_info.c.obj
 .rodata.__bi_48
                0x100071c8        0xc CMakeFiles/key_latency.dir/pico-sdk/src/rp2_common/pico_standard_binary_info/standard_binary_info.c.obj
 .rodata.__bi_42
                0x100071d4        0xc CMakeFiles/key_latency.dir/pico-sdk/src/rp2_common/pico_standard_binary_info/standard_binary_info.c.obj
 .rodata.__bi_34
                0x100071e0        0xc CMakeFiles/key_latency.dir/pico-sdk/src/rp2_common/pico_standard_binary_info/standard_binary_info.c.obj
 .rodata.__bi_26
                0x100071ec        0xc CMakeFiles/key_latency.dir/pico-sdk/src/rp2_common/pico_standard_binary_info/standard_binary_info.c.obj
 .rodata._ftoa.str1.4
                0x100071f8       0x15 CMakeFiles/key_latency.dir/pico-sdk/src/rp2_common/pico_printf/printf.c.obj
 .rodata._vsnprintf
                0x100071f8      0x19c CMakeFiles/key_latency.dir/pico-sdk/src/rp2_common/pico_printf/printf.c.obj
 *fill*         0x10007394        0x4 
 .rodata.pow10.0
                0x10007398       0x50 CMakeFiles/key_latency.dir/pico-sdk/src/rp2_common/pico_printf/printf.c.obj
 .rodata.crlf_str.0
                0x100073e8        0x2 CMakeFiles/key_latency.dir/pico-sdk/src/rp2_common/pico_stdio/stdio.c.obj
 *fill*         0x100073ea        0x2 
 .rodata._resetd_driver
                0x100073ec       0x20 CMakeFiles/key_latency.dir/pico-sdk/src/rp2_common/pico_stdio_usb/reset_interface.c.obj
 .rodata.desc_ms_os_20
                0x1000740c       0xa6 CMakeFiles/key_latency.dir/pico-sdk/src/rp2_common/pico_stdio_usb/reset_interface.c.obj
 *fill*         0x100074b2        0x2 
 .rodata.desc_bos
                0x100074b4       0x21 CMakeFiles/key_latency.dir/pico-sdk/src/rp2_common/pico_stdio_usb/reset_interface.c.obj
                0x100074b4                desc_bos
 .rodata.str1.4
                0x100074d5       0x13 CMakeFiles/key_latency.dir/pico-sdk/src/rp2_common/pico_stdio_usb/stdio_usb.c.obj
 *fill*         0x100074d5        0x3 
 .rodata.__bi_202.0
                0x100074d8        0xc CMakeFiles/key_latency.dir/pico-sdk/src/rp2_common/pico_stdio_usb/stdio_usb.c.obj
 .rodata.str1.4
                0x100074e4       0x2a CMakeFiles/key_latency.dir/pico-sdk/src/rp2_common/pico_stdio_usb/stdio_usb_descriptors.c.obj
 .rodata.usbd_desc_str
                0x100074e4       0x18 CMakeFiles/key_latency.dir/pico-sdk/src/rp2_common/pico_stdio_usb/stdio_usb_descriptors.c.obj
 .rodata.usbd_desc_cfg
                0x100074fc       0x54 CMakeFiles/key_latency.dir/pico-sdk/src/rp2_common/pico_stdio_usb/stdio_usb_descriptors.c.obj
 .rodata.usbd_desc_device
                0x10007550       0x12 CMakeFiles/key_latency.dir/pico-sdk/src/rp2_common/pico_stdio_usb/stdio_usb_descriptors.c.obj
 .rodata.str1.4
                0x10007562       0x14 CMakeFiles/key_latency.dir/pico-sdk/lib/tinyusb/src/portable/raspberrypi/rp2040/dcd_rp2040.c.obj
 .rodata.str1.4
                0x10007562       0x48 CMakeFiles/key_latency.dir/pico-sdk/lib/tinyusb/src/portable/raspberrypi/rp2040/rp2040_usb.c.obj
 *fill*         0x10007562        0x2 
 .rodata.tud_task_ext
                0x10007564       0x8c CMakeFiles/key_latency.dir/pico-sdk/lib/tinyusb/src/device/usbd.c.obj
 .rodata        0x100075f0       0x1c CMakeFiles/key_latency.dir/pico-sdk/lib/tinyusb/src/device/usbd.c.obj
 .rodata._usbd_driver
                0x1000760c       0x40 CMakeFiles/key_latency.dir/pico-sdk/lib/tinyusb/src/device/usbd.c.obj
                0x1000764c                        . = ALIGN (0x4)
 *(SORT_BY_ALIGNMENT(SORT_BY_NAME(.flashdata*)))
                0x1000764c                        . = ALIGN (0x4)

.ARM.extab
 *(.ARM.extab* .gnu.linkonce.armextab.*)
                0x1000764c                        __exidx_start = .

.ARM.exidx
 *(.ARM.exidx* .gnu.linkonce.armexidx.*)
                0x1000764c                        __exidx_end = .
                0x1000764c                        . = ALIGN (0x4)
                0x1000764c                        __binary_info_start = .

.binary_info    0x1000764c       0x20
 *(.binary_info.keep.*)
 .binary_info.keep.__bi_ptr84
                0x1000764c        0x4 CMakeFiles/key_latency.dir/pico-sdk/src/rp2_common/pico_standard_binary_info/standard_binary_info.c.obj
 .binary_info.keep.__bi_ptr78
                0x10007650        0x4 CMakeFiles/key_latency.dir/pico-sdk/src/rp2_common/pico_standard_binary_info/standard_binary_info.c.obj
 .binary_info.keep.__bi_ptr54
                0x10007654        0x4 CMakeFiles/key_latency.dir/pico-sdk/src/rp2_common/pico_standard_binary_info/standard_binary_info.c.obj
 .binary_info.keep.__bi_ptr48
                0x10007658        0x4 CMakeFiles/key_latency.dir/pico-sdk/src/rp2_common/pico_standard_binary_info/standard_binary_info.c.obj
 .binary_info.keep.__bi_ptr42
                0x1000765c        0x4 CMakeFiles/key_latency.dir/pico-sdk/src/rp2_common/pico_standard_binary_info/standard_binary_info.c.obj
 .binary_info.keep.__bi_ptr34
                0x10007660        0x4 CMakeFiles/key_latency.dir/pico-sdk/src/rp2_common/pico_standard_binary_info/standard_binary_info.c.obj
 .binary_info.keep.__bi_ptr26
                0x10007664        0x4 CMakeFiles/key_latency.dir/pico-sdk/src/rp2_common/pico_standard_binary_info/standard_binary_info.c.obj
 *(.binary_info.*)
 .binary_info.__bi_ptr202
                0x10007668        0x4 CMakeFiles/key_latency.dir/pico-sdk/src/rp2_common/pico_stdio_usb/stdio_usb.c.obj
                0x1000766c                        __binary_info_end = .
                0x1000766c                        . = ALIGN (0x4)

.ram_vector_table
                0x20000000       0xc0
 *(.ram_vector_table)
 .ram_vector_table
                0x20000000       0xc0 CMakeFiles/key_latency.dir/pico-sdk/src/rp2_common/pico_runtime_init/runtime_init.c.obj
                0x20000000                ram_vector_table

.uninitialized_data
                0x200000c0        0x0
                0x200000c0                        . = ALIGN (0x4)
 *(.uninitialized_data*)

.data           0x200000c0      0xff0 load address 0x1000766c
                0x200000c0                        __data_start__ = .
 *(vtable)
 *(.time_critical*)
 .time_critical.mutex_try_enter
                0x200000c0       0x40 CMakeFiles/key_latency.dir/pico-sdk/src/common/pico_sync/mutex.c.obj
                0x200000c0                mutex_try_enter
 .time_critical.mutex_try_enter_block_until
                0x20000100       0x98 CMakeFiles/key_latency.dir/pico-sdk/src/common/pico_sync/mutex.c.obj
                0x20000100                mutex_try_enter_block_until
 .time_critical.mutex_enter_timeout_ms
                0x20000198       0x8c CMakeFiles/key_latency.dir/pico-sdk/src/common/pico_sync/mutex.c.obj
                0x20000198                mutex_enter_timeout_ms
 .time_critical.mutex_exit
                0x20000224       0x28 CMakeFiles/key_latency.dir/pico-sdk/src/common/pico_sync/mutex.c.obj
                0x20000224                mutex_exit
 .time_critical.flash_init_boot2_copyout
                0x2000024c       0x30 CMakeFiles/key_latency.dir/pico-sdk/src/rp2_common/hardware_flash/flash.c.obj
 .time_critical.flash_enable_xip_via_boot2
                0x2000027c        0xc CMakeFiles/key_latency.dir/pico-sdk/src/rp2_common/hardware_flash/flash.c.obj
 .time_critical.flash_save_hardware_state
                0x20000288       0x20 CMakeFiles/key_latency.dir/pico-sdk/src/rp2_common/hardware_flash/flash.c.obj
 .time_critical.flash_restore_hardware_state
                0x200002a8       0x20 CMakeFiles/key_latency.dir/pico-sdk/src/rp2_common/hardware_flash/flash.c.obj
 .time_critical.flash_cs_force
                0x200002c8       0x38 CMakeFiles/key_latency.dir/pico-sdk/src/rp2_common/hardware_flash/flash.c.obj
 .time_critical.flash_do_cmd
                0x20000300      0x13c CMakeFiles/key_latency.dir/pico-sdk/src/rp2_common/hardware_flash/flash.c.obj
                0x20000300                flash_do_cmd
 .time_critical.reset_non_control_endpoints
                0x2000043c       0x68 CMakeFiles/key_latency.dir/pico-sdk/lib/tinyusb/src/portable/raspberrypi/rp2040/dcd_rp2040.c.obj
 .time_critical.hw_handle_buff_status
                0x200004a4       0xa0 CMakeFiles/key_latency.dir/pico-sdk/lib/tinyusb/src/portable/raspberrypi/rp2040/dcd_rp2040.c.obj
 .time_critical.dcd_rp2040_irq
                0x20000544      0x548 CMakeFiles/key_latency.dir/pico-sdk/lib/tinyusb/src/portable/raspberrypi/rp2040/dcd_rp2040.c.obj
 .time_critical.prepare_ep_buffer
                0x20000a8c       0xc8 CMakeFiles/key_latency.dir/pico-sdk/lib/tinyusb/src/portable/raspberrypi/rp2040/rp2040_usb.c.obj
 .time_critical.sync_ep_buffer
                0x20000b54       0x9c CMakeFiles/key_latency.dir/pico-sdk/lib/tinyusb/src/portable/raspberrypi/rp2040/rp2040_usb.c.obj
 .time_critical._hw_endpoint_xfer_sync
                0x20000bf0       0x28 CMakeFiles/key_latency.dir/pico-sdk/lib/tinyusb/src/portable/raspberrypi/rp2040/rp2040_usb.c.obj
 .time_critical.e15_is_bulkin_ep
                0x20000c18       0x28 CMakeFiles/key_latency.dir/pico-sdk/lib/tinyusb/src/portable/raspberrypi/rp2040/rp2040_usb.c.obj
 .time_critical.e15_is_critical_frame_period
                0x20000c40       0x34 CMakeFiles/key_latency.dir/pico-sdk/lib/tinyusb/src/portable/raspberrypi/rp2040/rp2040_usb.c.obj
 .time_critical.hw_endpoint_reset_transfer
                0x20000c74        0xc CMakeFiles/key_latency.dir/pico-sdk/lib/tinyusb/src/portable/raspberrypi/rp2040/rp2040_usb.c.obj
                0x20000c74                hw_endpoint_reset_transfer
 .time_critical._hw_endpoint_buffer_control_update32
                0x20000c80       0x50 CMakeFiles/key_latency.dir/pico-sdk/lib/tinyusb/src/portable/raspberrypi/rp2040/rp2040_usb.c.obj
                0x20000c80                _hw_endpoint_buffer_control_update32
 .time_critical.hw_endpoint_start_next_buffer
                0x20000cd0       0x68 CMakeFiles/key_latency.dir/pico-sdk/lib/tinyusb/src/portable/raspberrypi/rp2040/rp2040_usb.c.obj
                0x20000cd0                hw_endpoint_start_next_buffer
 .time_critical.hw_endpoint_xfer_continue
                0x20000d38       0x40 CMakeFiles/key_latency.dir/pico-sdk/lib/tinyusb/src/portable/raspberrypi/rp2040/rp2040_usb.c.obj
                0x20000d38                hw_endpoint_xfer_continue
 .time_critical.tinyusb
                0x20000d78      0x1e4 CMakeFiles/key_latency.dir/pico-sdk/lib/tinyusb/src/device/usbd.c.obj
                0x20000d78                dcd_event_handler
 *(.text*)
 .text          0x20000f5c        0x4 C:/gcc-arm/bin/../lib/gcc/arm-none-eabi/14.2.1/thumb/v6-m/nofp\libgcc.a(_dvmd_tls.o)
                0x20000f5c                __aeabi_idiv0
                0x20000f5c                __aeabi_ldiv0
 .text.__stub   0x20000f60       0x80 linker stubs
                0x20000fe0                        . = ALIGN (0x4)
 *(.rodata*)
                0x20000fe0                        . = ALIGN (0x4)
 *(.data*)
 .data.striped_spin_lock_num
                0x20000fe0        0x1 CMakeFiles/key_latency.dir/pico-sdk/src/rp2_common/hardware_sync/sync.c.obj
 *fill*         0x20000fe1        0x3 
 .data          0x20000fe4       0x48 CMakeFiles/key_latency.dir/pico-sdk/src/rp2_common/hardware_irq/irq_handler_chain.S.obj
                0x20000fe4                irq_handler_chain_slots
                0x20001014                irq_handler_chain_first_slot
                0x2000101e                irq_handler_chain_remove_tail
 .data.default_alarm_pool
                0x2000102c       0x18 CMakeFiles/key_latency.dir/pico-sdk/src/common/pico_time/time.c.obj
 *fill*         0x20001044        0xc 
 .data.aeabi_bits_funcs
                0x20001050       0x10 CMakeFiles/key_latency.dir/pico-sdk/src/rp2_common/pico_bit_ops/bit_ops_aeabi.S.obj
                0x20001050                aeabi_bits_funcs
                0x20001060                aeabi_bits_funcs_end
 .data.aeabi_mem_funcs
                0x20001060       0x10 CMakeFiles/key_latency.dir/pico-sdk/src/rp2_common/pico_mem_ops/mem_ops_aeabi.S.obj
                0x20001060                aeabi_mem_funcs
                0x20001070                aeabi_mem_funcs_end
 .data.stdio_usb
                0x20001070       0x18 CMakeFiles/key_latency.dir/pico-sdk/src/rp2_common/pico_stdio_usb/stdio_usb.c.obj
                0x20001070                stdio_usb
 .data._usbd_qdef
                0x20001088       0x1c CMakeFiles/key_latency.dir/pico-sdk/lib/tinyusb/src/device/usbd.c.obj
                0x20001088                _usbd_qdef
 .data._usbd_rhport
                0x200010a4        0x1 CMakeFiles/key_latency.dir/pico-sdk/lib/tinyusb/src/device/usbd.c.obj
                0x200010a8                        . = ALIGN (0x4)
 *fill*         0x200010a5        0x3 
 *(.after_data.*)
                0x200010a8                        . = ALIGN (0x4)
                0x200010a8                        PROVIDE (__mutex_array_start = .)
 *(SORT_BY_NAME(.mutex_array.*))
 *(.mutex_array)
 .mutex_array   0x200010a8        0x8 CMakeFiles/key_latency.dir/pico-sdk/src/rp2_common/pico_stdio/stdio.c.obj
                0x200010b0                        PROVIDE (__mutex_array_end = .)
                0x200010b0                        . = ALIGN (0x4)
 *(.jcr)
                0x200010b0                        . = ALIGN (0x4)

.tm_clone_table
                0x200010b0        0x0 load address 0x1000865c
 .tm_clone_table
                0x200010b0        0x0 C:/gcc-arm/bin/../lib/gcc/arm-none-eabi/14.2.1/thumb/v6-m/nofp/crtbegin.o
 .tm_clone_table
                0x200010b0        0x0 C:/gcc-arm/bin/../lib/gcc/arm-none-eabi/14.2.1/thumb/v6-m/nofp/crtend.o

.igot.plt       0x200010b0        0x0 load address 0x1000865c
 .igot.plt      0x200010b0        0x0 C:/gcc-arm/bin/../lib/gcc/arm-none-eabi/14.2.1/thumb/v6-m/nofp/crtbegin.o

.tdata          0x200010b0        0x0 load address 0x1000865c
                0x200010b0                        . = ALIGN (0x4)
 *(.tdata .tdata.* .gnu.linkonce.td.*)
                0x200010b0                        __tdata_end = .
                0x200010b0                        PROVIDE (__data_end__ = .)
                0x1000766c                        __etext = LOADADDR (.data)

.tbss           0x200010b0        0x0 load address 0x1000865c
                0x200010b0                        . = ALIGN (0x4)
                0x200010b0                        __bss_start__ = .
                0x200010b0                        __tls_base = .
 *(.tbss .tbss.* .gnu.linkonce.tb.*)
 *(.tcommon)
                0x200010b0                        __tls_end = .

.bss            0x200010b0      0xf0c load address 0x1000865c
                0x200010b0                        . = ALIGN (0x4)
                0x200010b0                        __tbss_end = .
 *(SORT_BY_ALIGNMENT(SORT_BY_NAME(.bss*)))
 .bss.default_alarm_pool_entries
                0x200010b0      0x180 CMakeFiles/key_latency.dir/pico-sdk/src/common/pico_time/time.c.obj
 .bss.last_avail_time.1
                0x20001230        0x8 CMakeFiles/key_latency.dir/pico-sdk/src/rp2_common/pico_stdio_usb/stdio_usb.c.obj
 .bss.sd_table  0x20001238      0x100 CMakeFiles/key_latency.dir/pico-sdk/src/rp2_common/pico_double/double_init_rom_rp2040.c.obj
                0x20001238                sd_table
 .bss.sf_table  0x20001338      0x100 CMakeFiles/key_latency.dir/pico-sdk/src/rp2_common/pico_float/float_init_rom_rp2040.c.obj
                0x20001338                sf_table
 .bss._app_driver
                0x20001438        0x4 CMakeFiles/key_latency.dir/pico-sdk/lib/tinyusb/src/device/usbd.c.obj
 .bss._cdcd_epbuf
                0x2000143c       0x80 CMakeFiles/key_latency.dir/pico-sdk/lib/tinyusb/src/class/cdc/cdc_device.c.obj
 .bss._cdcd_fifo_cfg
                0x200014bc        0x1 CMakeFiles/key_latency.dir/pico-sdk/lib/tinyusb/src/class/cdc/cdc_device.c.obj
 *fill*         0x200014bd        0x3 
 .bss._cdcd_itf
                0x200014c0       0xc8 CMakeFiles/key_latency.dir/pico-sdk/lib/tinyusb/src/class/cdc/cdc_device.c.obj
 .bss._ctrl_epbuf
                0x20001588       0x40 CMakeFiles/key_latency.dir/pico-sdk/lib/tinyusb/src/device/usbd_control.c.obj
 .bss._ctrl_xfer
                0x200015c8       0x14 CMakeFiles/key_latency.dir/pico-sdk/lib/tinyusb/src/device/usbd_control.c.obj
 .bss._tusb_rhport_role
                0x200015dc        0x2 CMakeFiles/key_latency.dir/pico-sdk/lib/tinyusb/src/tusb.c.obj
                0x200015dc                _tusb_rhport_role
 *fill*         0x200015de        0x2 
 .bss._ubsd_mutexdef
                0x200015e0        0x8 CMakeFiles/key_latency.dir/pico-sdk/lib/tinyusb/src/device/usbd.c.obj
 .bss._usbd_dev
                0x200015e8       0x54 CMakeFiles/key_latency.dir/pico-sdk/lib/tinyusb/src/device/usbd.c.obj
 .bss._usbd_mutex
                0x2000163c        0x4 CMakeFiles/key_latency.dir/pico-sdk/lib/tinyusb/src/device/usbd.c.obj
 .bss._usbd_q   0x20001640        0x4 CMakeFiles/key_latency.dir/pico-sdk/lib/tinyusb/src/device/usbd.c.obj
 .bss._usbd_qdef_buf
                0x20001644       0xc0 CMakeFiles/key_latency.dir/pico-sdk/lib/tinyusb/src/device/usbd.c.obj
                0x20001644                _usbd_qdef_buf
 .bss._vendord_epbuf
                0x20001704       0x80 CMakeFiles/key_latency.dir/pico-sdk/lib/tinyusb/src/class/vendor/vendor_device.c.obj
 .bss._vendord_itf
                0x20001784      0x24c CMakeFiles/key_latency.dir/pico-sdk/lib/tinyusb/src/class/vendor/vendor_device.c.obj
 .bss.boot2_copyout
                0x200019d0      0x100 CMakeFiles/key_latency.dir/pico-sdk/src/rp2_common/hardware_flash/flash.c.obj
 .bss.callbacks
                0x20001ad0        0x8 CMakeFiles/key_latency.dir/pico-sdk/src/rp2_common/hardware_gpio/gpio.c.obj
 .bss.chars_available_callback
                0x20001ad8        0x4 CMakeFiles/key_latency.dir/pico-sdk/src/rp2_common/pico_stdio_usb/stdio_usb.c.obj
 .bss.chars_available_param
                0x20001adc        0x4 CMakeFiles/key_latency.dir/pico-sdk/src/rp2_common/pico_stdio_usb/stdio_usb.c.obj
 .bss.claimed   0x20001ae0        0x4 CMakeFiles/key_latency.dir/pico-sdk/src/rp2_common/hardware_sync/sync.c.obj
 .bss.claimed   0x20001ae4        0x1 CMakeFiles/key_latency.dir/pico-sdk/src/rp2_common/hardware_timer/timer.c.obj
 *fill*         0x20001ae5        0x3 
 .bss.configured_freq
                0x20001ae8       0x28 CMakeFiles/key_latency.dir/pico-sdk/src/rp2_common/hardware_clocks/clocks.c.obj
 .bss.desc_str.0
                0x20001b10       0x28 CMakeFiles/key_latency.dir/pico-sdk/src/rp2_common/pico_stdio_usb/stdio_usb_descriptors.c.obj
 .bss.drivers   0x20001b38        0x4 CMakeFiles/key_latency.dir/pico-sdk/src/rp2_common/pico_stdio/stdio.c.obj
 .bss.e15_last_sof
                0x20001b3c        0x4 CMakeFiles/key_latency.dir/pico-sdk/lib/tinyusb/src/portable/raspberrypi/rp2040/rp2040_usb.c.obj
                0x20001b3c                e15_last_sof
 .bss.filter    0x20001b40        0x4 CMakeFiles/key_latency.dir/pico-sdk/src/rp2_common/pico_stdio/stdio.c.obj
 .bss.hw_endpoints
                0x20001b44      0x400 CMakeFiles/key_latency.dir/pico-sdk/lib/tinyusb/src/portable/raspberrypi/rp2040/dcd_rp2040.c.obj
 .bss.lazy_vsnprintf
                0x20001f44        0x4 CMakeFiles/key_latency.dir/pico-sdk/src/rp2_common/pico_printf/printf.c.obj
 .bss.load_value
                0x20001f48        0x4 CMakeFiles/key_latency.dir/pico-sdk/src/rp2_common/hardware_watchdog/watchdog.c.obj
 .bss.next_buffer_ptr
                0x20001f4c        0x4 CMakeFiles/key_latency.dir/pico-sdk/lib/tinyusb/src/portable/raspberrypi/rp2040/dcd_rp2040.c.obj
 .bss.object.0  0x20001f50       0x18 C:/gcc-arm/bin/../lib/gcc/arm-none-eabi/14.2.1/thumb/v6-m/nofp/crtbegin.o
 .bss.one_shot_timer_crit_sec
                0x20001f68        0x8 CMakeFiles/key_latency.dir/pico-sdk/src/rp2_common/pico_stdio_usb/stdio_usb.c.obj
 .bss.pools     0x20001f70       0x10 CMakeFiles/key_latency.dir/pico-sdk/src/common/pico_time/time.c.obj
 .bss.raw_irq_mask
                0x20001f80        0x8 CMakeFiles/key_latency.dir/pico-sdk/src/rp2_common/hardware_gpio/gpio.c.obj
 .bss.retrieved_id
                0x20001f88        0x8 CMakeFiles/key_latency.dir/pico-sdk/src/rp2_common/pico_unique_id/unique_id.c.obj
 .bss.sf_clz_func
                0x20001f90        0x4 CMakeFiles/key_latency.dir/pico-sdk/src/rp2_common/pico_double/double_init_rom_rp2040.c.obj
                0x20001f90                sf_clz_func
 .bss.sleep_notifier
                0x20001f94        0x4 CMakeFiles/key_latency.dir/pico-sdk/src/common/pico_time/time.c.obj
 .bss.stdio_usb_mutex
                0x20001f98        0x8 CMakeFiles/key_latency.dir/pico-sdk/src/rp2_common/pico_stdio_usb/stdio_usb.c.obj
 .bss.usbd_serial_str
                0x20001fa0       0x11 CMakeFiles/key_latency.dir/pico-sdk/src/rp2_common/pico_stdio_usb/stdio_usb_descriptors.c.obj
 .bss._app_driver_count
                0x20001fb1        0x1 CMakeFiles/key_latency.dir/pico-sdk/lib/tinyusb/src/device/usbd.c.obj
 .bss._sof_enable
                0x20001fb2        0x1 CMakeFiles/key_latency.dir/pico-sdk/lib/tinyusb/src/portable/raspberrypi/rp2040/dcd_rp2040.c.obj
 .bss._usbd_queued_setup
                0x20001fb3        0x1 CMakeFiles/key_latency.dir/pico-sdk/lib/tinyusb/src/device/usbd.c.obj
 .bss.boot2_copyout_valid
                0x20001fb4        0x1 CMakeFiles/key_latency.dir/pico-sdk/src/rp2_common/hardware_flash/flash.c.obj
 .bss.irq_handler_chain_free_slot_head
                0x20001fb5        0x1 CMakeFiles/key_latency.dir/pico-sdk/src/rp2_common/hardware_irq/irq.c.obj
 .bss.itf_num   0x20001fb6        0x1 CMakeFiles/key_latency.dir/pico-sdk/src/rp2_common/pico_stdio_usb/reset_interface.c.obj
 .bss.low_priority_irq_num
                0x20001fb7        0x1 CMakeFiles/key_latency.dir/pico-sdk/src/rp2_common/pico_stdio_usb/stdio_usb.c.obj
 .bss.one_shot_timer_pending
                0x20001fb8        0x1 CMakeFiles/key_latency.dir/pico-sdk/src/rp2_common/pico_stdio_usb/stdio_usb.c.obj
 .bss.user_irq_claimed
                0x20001fb9        0x1 CMakeFiles/key_latency.dir/pico-sdk/src/rp2_common/hardware_irq/irq.c.obj
 *(COMMON)
                0x20001fbc                        . = ALIGN (0x4)
 *fill*         0x20001fba        0x2 
                0x20001fbc                        __bss_end__ = .

.heap           0x20001fbc      0x800 load address 0x1000865c
                0x20001fbc                        __end__ = .
                0x20001fbc                        end = __end__
 *(.heap*)
 .heap          0x20001fbc      0x800 CMakeFiles/key_latency.dir/pico-sdk/src/rp2_common/pico_crt0/crt0.S.obj
                0x20040000                        __HeapLimit = (ORIGIN (RAM) + LENGTH (RAM))

.scratch_x      0x20040000        0x0 load address 0x1000865c
                0x20040000                        __scratch_x_start__ = .
 *(.scratch_x.*)
                0x20040000                        . = ALIGN (0x4)
                0x20040000                        __scratch_x_end__ = .
                0x1000865c                        __scratch_x_source__ = LOADADDR (.scratch_x)

.scratch_y      0x20041000        0x0 load address 0x1000865c
                0x20041000                        __scratch_y_start__ = .
 *(.scratch_y.*)
                0x20041000                        . = ALIGN (0x4)
                0x20041000                        __scratch_y_end__ = .
                0x1000865c                        __scratch_y_source__ = LOADADDR (.scratch_y)

.stack1_dummy
 *(.stack1*)

.stack_dummy    0x20041000      0x800
 *(.stack*)
 .stack         0x20041000      0x800 CMakeFiles/key_latency.dir/pico-sdk/src/rp2_common/pico_crt0/crt0.S.obj

.rel.dyn        0x20041800        0x0
 .rel.iplt      0x20041800        0x0 C:/gcc-arm/bin/../lib/gcc/arm-none-eabi/14.2.1/thumb/v6-m/nofp/crtbegin.o

.flash_end      0x1000865c        0x0
 *(.embedded_end_block*)
                0x1000865c                        PROVIDE (__flash_binary_end = .)
                0x20040000                        __StackLimit = (ORIGIN (RAM) + LENGTH (RAM))
                0x20041000                        __StackOneTop = (ORIGIN (SCRATCH_X) + LENGTH (SCRATCH_X))
                0x20042000                        __StackTop = (ORIGIN (SCRATCH_Y) + LENGTH (SCRATCH_Y))
                0x20041000                        __StackOneBottom = (__StackOneTop - SIZEOF (.stack1_dummy))
                0x20041800                        __StackBottom = (__StackTop - SIZEOF (.stack_dummy))
                0x20042000                        PROVIDE (__stack = __StackTop)
                [!provide]                        PROVIDE (__heap_start = __end__)
                [!provide]                        PROVIDE (__heap_end = __HeapLimit)
                [!provide]                        PROVIDE (__tls_align = MAX (ALIGNOF (.tdata), ALIGNOF (.tbss)))
                [!provide]                        PROVIDE (__tls_size_align = (((__tls_size + __tls_align) - 0x1) & ~ ((__tls_align - 0x1))))
                [!provide]                        PROVIDE (__arm32_tls_tcb_offset = MAX (0x8, __tls_align))
                [!provide]                        PROVIDE (_end = __end__)
                [!provide]                        PROVIDE (__llvm_libc_heap_limit = __HeapLimit)
                0x00000001                        ASSERT ((__StackLimit >= __HeapLimit), region RAM overflowed)
                0x00000001                        ASSERT (((__binary_info_header_end - __logical_binary_start) <= 0x100), Binary info must be in first 256 bytes of the binary)
LOAD CMakeFiles/key_latency.dir/main.c.obj
LOAD CMakeFiles/key_latency.dir/pico-sdk/src/rp2_common/pico_stdlib/stdlib.c.obj
LOAD CMakeFiles/key_latency.dir/pico-sdk/src/rp2_common/hardware_gpio/gpio.c.obj
LOAD CMakeFiles/key_latency.dir/pico-sdk/src/rp2040/pico_platform/platform.c.obj
LOAD CMakeFiles/key_latency.dir/pico-sdk/src/rp2_common/pico_platform_common/common.c.obj
LOAD CMakeFiles/key_latency.dir/pico-sdk/src/rp2_common/pico_platform_panic/panic.c.obj
LOAD CMakeFiles/key_latency.dir/pico-sdk/src/common/hardware_claim/claim.c.obj
LOAD CMakeFiles/key_latency.dir/pico-sdk/src/rp2_common/hardware_sync/sync.c.obj
LOAD CMakeFiles/key_latency.dir/pico-sdk/src/rp2_common/hardware_sync_spin_lock/sync_spin_lock.c.obj
LOAD CMakeFiles/key_latency.dir/pico-sdk/src/rp2_common/hardware_irq/irq.c.obj
LOAD CMakeFiles/key_latency.dir/pico-sdk/src/rp2_common/hardware_irq/irq_handler_chain.S.obj
LOAD CMakeFiles/key_latency.dir/pico-sdk/src/common/pico_sync/sem.c.obj
LOAD CMakeFiles/key_latency.dir/pico-sdk/src/common/pico_sync/lock_core.c.obj
LOAD CMakeFiles/key_latency.dir/pico-sdk/src/common/pico_sync/mutex.c.obj
LOAD CMakeFiles/key_latency.dir/pico-sdk/src/common/pico_sync/critical_section.c.obj
LOAD CMakeFiles/key_latency.dir/pico-sdk/src/common/pico_time/time.c.obj
LOAD CMakeFiles/key_latency.dir/pico-sdk/src/common/pico_time/timeout_helper.c.obj
LOAD CMakeFiles/key_latency.dir/pico-sdk/src/rp2_common/hardware_timer/timer.c.obj
LOAD CMakeFiles/key_latency.dir/pico-sdk/src/common/pico_util/datetime.c.obj
LOAD CMakeFiles/key_latency.dir/pico-sdk/src/common/pico_util/pheap.c.obj
LOAD CMakeFiles/key_latency.dir/pico-sdk/src/common/pico_util/queue.c.obj
LOAD CMakeFiles/key_latency.dir/pico-sdk/src/rp2_common/hardware_uart/uart.c.obj
LOAD CMakeFiles/key_latency.dir/pico-sdk/src/rp2_common/hardware_clocks/clocks.c.obj
LOAD CMakeFiles/key_latency.dir/pico-sdk/src/rp2_common/hardware_pll/pll.c.obj
LOAD CMakeFiles/key_latency.dir/pico-sdk/src/rp2_common/hardware_vreg/vreg.c.obj
LOAD CMakeFiles/key_latency.dir/pico-sdk/src/rp2_common/hardware_watchdog/watchdog.c.obj
LOAD CMakeFiles/key_latency.dir/pico-sdk/src/rp2_common/hardware_ticks/ticks.c.obj
LOAD CMakeFiles/key_latency.dir/pico-sdk/src/rp2_common/pico_bootrom/bootrom.c.obj
LOAD CMakeFiles/key_latency.dir/pico-sdk/src/rp2_common/pico_bootrom/bootrom_lock.c.obj
LOAD CMakeFiles/key_latency.dir/pico-sdk/src/rp2_common/hardware_boot_lock/boot_lock.c.obj
LOAD CMakeFiles/key_latency.dir/pico-sdk/src/rp2_common/pico_flash/flash.c.obj
LOAD CMakeFiles/key_latency.dir/pico-sdk/src/rp2_common/hardware_xosc/xosc.c.obj
LOAD CMakeFiles/key_latency.dir/pico-sdk/src/rp2_common/hardware_divider/divider.S.obj
LOAD CMakeFiles/key_latency.dir/pico-sdk/src/rp2_common/pico_runtime/runtime.c.obj
LOAD CMakeFiles/key_latency.dir/pico-sdk/src/rp2_common/pico_runtime_init/runtime_init.c.obj
LOAD CMakeFiles/key_latency.dir/pico-sdk/src/rp2_common/pico_runtime_init/runtime_init_clocks.c.obj
LOAD CMakeFiles/key_latency.dir/pico-sdk/src/rp2_common/pico_runtime_init/runtime_init_stack_guard.c.obj
LOAD CMakeFiles/key_latency.dir/pico-sdk/src/rp2_common/pico_bit_ops/bit_ops_aeabi.S.obj
LOAD CMakeFiles/key_latency.dir/pico-sdk/src/rp2_common/pico_divider/divider_hardware.S.obj
LOAD CMakeFiles/key_latency.dir/pico-sdk/src/rp2_common/pico_double/double_aeabi_rp2040.S.obj
LOAD CMakeFiles/key_latency.dir/pico-sdk/src/rp2_common/pico_double/double_init_rom_rp2040.c.obj
LOAD CMakeFiles/key_latency.dir/pico-sdk/src/rp2_common/pico_double/double_math.c.obj
LOAD CMakeFiles/key_latency.dir/pico-sdk/src/rp2_common/pico_double/double_v1_rom_shim_rp2040.S.obj
LOAD CMakeFiles/key_latency.dir/pico-sdk/src/rp2_common/pico_int64_ops/pico_int64_ops_aeabi.S.obj
LOAD CMakeFiles/key_latency.dir/pico-sdk/src/rp2_common/pico_float/float_aeabi_rp2040.S.obj
LOAD CMakeFiles/key_latency.dir/pico-sdk/src/rp2_common/pico_float/float_init_rom_rp2040.c.obj
LOAD CMakeFiles/key_latency.dir/pico-sdk/src/rp2_common/pico_float/float_math.c.obj
LOAD CMakeFiles/key_latency.dir/pico-sdk/src/rp2_common/pico_float/float_v1_rom_shim_rp2040.S.obj
LOAD CMakeFiles/key_latency.dir/pico-sdk/src/rp2_common/pico_malloc/malloc.c.obj
LOAD CMakeFiles/key_latency.dir/pico-sdk/src/rp2_common/pico_mem_ops/mem_ops_aeabi.S.obj
LOAD CMakeFiles/key_latency.dir/pico-sdk/src/rp2_common/pico_atomic/atomic.c.obj
LOAD CMakeFiles/key_latency.dir/pico-sdk/src/rp2_common/pico_cxx_options/new_delete.cpp.obj
LOAD CMakeFiles/key_latency.dir/pico-sdk/src/rp2_common/pico_standard_binary_info/standard_binary_info.c.obj
LOAD CMakeFiles/key_latency.dir/pico-sdk/src/rp2_common/pico_printf/printf.c.obj
LOAD CMakeFiles/key_latency.dir/pico-sdk/src/rp2_common/pico_crt0/crt0.S.obj
LOAD CMakeFiles/key_latency.dir/pico-sdk/src/rp2_common/pico_clib_interface/newlib_interface.c.obj
LOAD CMakeFiles/key_latency.dir/pico-sdk/src/rp2_common/pico_stdio/stdio.c.obj
LOAD CMakeFiles/key_latency.dir/pico-sdk/src/rp2_common/pico_stdio_usb/reset_interface.c.obj
LOAD CMakeFiles/key_latency.dir/pico-sdk/src/rp2_common/pico_stdio_usb/stdio_usb.c.obj
LOAD CMakeFiles/key_latency.dir/pico-sdk/src/rp2_common/pico_stdio_usb/stdio_usb_descriptors.c.obj
LOAD CMakeFiles/key_latency.dir/pico-sdk/src/rp2_common/pico_unique_id/unique_id.c.obj
LOAD CMakeFiles/key_latency.dir/pico-sdk/src/rp2_common/hardware_flash/flash.c.obj
LOAD CMakeFiles/key_latency.dir/pico-sdk/src/rp2_common/hardware_xip_cache/xip_cache.c.obj
LOAD CMakeFiles/key_latency.dir/pico-sdk/lib/tinyusb/src/portable/raspberrypi/rp2040/dcd_rp2040.c.obj
LOAD CMakeFiles/key_latency.dir/pico-sdk/lib/tinyusb/src/portable/raspberrypi/rp2040/rp2040_usb.c.obj
LOAD CMakeFiles/key_latency.dir/pico-sdk/lib/tinyusb/src/device/usbd.c.obj
LOAD CMakeFiles/key_latency.dir/pico-sdk/lib/tinyusb/src/device/usbd_control.c.obj
LOAD CMakeFiles/key_latency.dir/pico-sdk/lib/tinyusb/src/class/audio/audio_device.c.obj
LOAD CMakeFiles/key_latency.dir/pico-sdk/lib/tinyusb/src/class/cdc/cdc_device.c.obj
LOAD CMakeFiles/key_latency.dir/pico-sdk/lib/tinyusb/src/class/dfu/dfu_device.c.obj
LOAD CMakeFiles/key_latency.dir/pico-sdk/lib/tinyusb/src/class/dfu/dfu_rt_device.c.obj
LOAD CMakeFiles/key_latency.dir/pico-sdk/lib/tinyusb/src/class/hid/hid_device.c.obj
LOAD CMakeFiles/key_latency.dir/pico-sdk/lib/tinyusb/src/class/midi/midi_device.c.obj
LOAD CMakeFiles/key_latency.dir/pico-sdk/lib/tinyusb/src/class/msc/msc_device.c.obj
LOAD CMakeFiles/key_latency.dir/pico-sdk/lib/tinyusb/src/class/net/ecm_rndis_device.c.obj
LOAD CMakeFiles/key_latency.dir/pico-sdk/lib/tinyusb/src/class/net/ncm_device.c.obj
LOAD CMakeFiles/key_latency.dir/pico-sdk/lib/tinyusb/src/class/usbtmc/usbtmc_device.c.obj
LOAD CMakeFiles/key_latency.dir/pico-sdk/lib/tinyusb/src/class/vendor/vendor_device.c.obj
LOAD CMakeFiles/key_latency.dir/pico-sdk/lib/tinyusb/src/class/video/video_device.c.obj
LOAD CMakeFiles/key_latency.dir/pico-sdk/lib/tinyusb/src/tusb.c.obj
LOAD CMakeFiles/key_latency.dir/pico-sdk/lib/tinyusb/src/common/tusb_fifo.c.obj
LOAD CMakeFiles/key_latency.dir/pico-sdk/src/rp2_common/pico_fix/rp2040_usb_device_enumeration/rp2040_usb_device_enumeration.c.obj
LOAD pico-sdk/src/rp2040/boot_stage2/CMakeFiles/bs2_default_library.dir/./bs2_default_padded_checksummed.S.obj
LOAD C:/gcc-arm/bin/../lib/gcc/arm-none-eabi/14.2.1/thumb/v6-m/nofp\libstdc++.a
LOAD C:/gcc-arm/bin/../lib/gcc/arm-none-eabi/14.2.1/thumb/v6-m/nofp\libm.a
START GROUP
LOAD C:/gcc-arm/bin/../lib/gcc/arm-none-eabi/14.2.1/thumb/v6-m/nofp\libgcc.a
LOAD C:/gcc-arm/bin/../lib/gcc/arm-none-eabi/14.2.1/thumb/v6-m/nofp\libg.a
LOAD C:/gcc-arm/bin/../lib/gcc/arm-none-eabi/14.2.1/thumb/v6-m/nofp\libc.a
END GROUP
START GROUP
LOAD C:/gcc-arm/bin/../lib/gcc/arm-none-eabi/14.2.1/thumb/v6-m/nofp\libgcc.a
LOAD C:/gcc-arm/bin/../lib/gcc/arm-none-eabi/14.2.1/thumb/v6-m/nofp\libc.a
LOAD C:/gcc-arm/bin/../lib/gcc/arm-none-eabi/14.2.1/thumb/v6-m/nofp\libnosys.a
END GROUP
LOAD C:/gcc-arm/bin/../lib/gcc/arm-none-eabi/14.2.1/thumb/v6-m/nofp/crtend.o
LOAD C:/gcc-arm/bin/../lib/gcc/arm-none-eabi/14.2.1/thumb/v6-m/nofp/crtn.o
OUTPUT(key_latency.elf elf32-littlearm)
LOAD linker stubs

.ARM.attributes
                0x00000000       0x28
 .ARM.attributes
                0x00000000       0x1e C:/gcc-arm/bin/../lib/gcc/arm-none-eabi/14.2.1/thumb/v6-m/nofp/crti.o
 .ARM.attributes
                0x0000001e       0x2c C:/gcc-arm/bin/../lib/gcc/arm-none-eabi/14.2.1/thumb/v6-m/nofp/crtbegin.o
 .ARM.attributes
                0x0000004a       0x2c CMakeFiles/key_latency.dir/main.c.obj
 .ARM.attributes
                0x00000076       0x2c CMakeFiles/key_latency.dir/pico-sdk/src/rp2_common/hardware_gpio/gpio.c.obj
 .ARM.attributes
                0x000000a2       0x2c CMakeFiles/key_latency.dir/pico-sdk/src/rp2040/pico_platform/platform.c.obj
 .ARM.attributes
                0x000000ce       0x2c CMakeFiles/key_latency.dir/pico-sdk/src/rp2_common/pico_platform_panic/panic.c.obj
 .ARM.attributes
                0x000000fa       0x2c CMakeFiles/key_latency.dir/pico-sdk/src/common/hardware_claim/claim.c.obj
 .ARM.attributes
                0x00000126       0x2c CMakeFiles/key_latency.dir/pico-sdk/src/rp2_common/hardware_sync/sync.c.obj
 .ARM.attributes
                0x00000152       0x2c CMakeFiles/key_latency.dir/pico-sdk/src/rp2_common/hardware_sync_spin_lock/sync_spin_lock.c.obj
 .ARM.attributes
                0x0000017e       0x2c CMakeFiles/key_latency.dir/pico-sdk/src/rp2_common/hardware_irq/irq.c.obj
 .ARM.attributes
                0x000001aa       0x22 CMakeFiles/key_latency.dir/pico-sdk/src/rp2_common/hardware_irq/irq_handler_chain.S.obj
 .ARM.attributes
                0x000001cc       0x2c CMakeFiles/key_latency.dir/pico-sdk/src/common/pico_sync/lock_core.c.obj
 .ARM.attributes
                0x000001f8       0x2c CMakeFiles/key_latency.dir/pico-sdk/src/common/pico_sync/mutex.c.obj
 .ARM.attributes
                0x00000224       0x2c CMakeFiles/key_latency.dir/pico-sdk/src/common/pico_sync/critical_section.c.obj
 .ARM.attributes
                0x00000250       0x2c CMakeFiles/key_latency.dir/pico-sdk/src/common/pico_time/time.c.obj
 .ARM.attributes
                0x0000027c       0x2c CMakeFiles/key_latency.dir/pico-sdk/src/rp2_common/hardware_timer/timer.c.obj
 .ARM.attributes
                0x000002a8       0x2c CMakeFiles/key_latency.dir/pico-sdk/src/rp2_common/hardware_clocks/clocks.c.obj
 .ARM.attributes
                0x000002d4       0x2c CMakeFiles/key_latency.dir/pico-sdk/src/rp2_common/hardware_pll/pll.c.obj
 .ARM.attributes
                0x00000300       0x2c CMakeFiles/key_latency.dir/pico-sdk/src/rp2_common/hardware_watchdog/watchdog.c.obj
 .ARM.attributes
                0x0000032c       0x2c CMakeFiles/key_latency.dir/pico-sdk/src/rp2_common/hardware_ticks/ticks.c.obj
 .ARM.attributes
                0x00000358       0x2c CMakeFiles/key_latency.dir/pico-sdk/src/rp2_common/pico_bootrom/bootrom.c.obj
 .ARM.attributes
                0x00000384       0x2c CMakeFiles/key_latency.dir/pico-sdk/src/rp2_common/hardware_xosc/xosc.c.obj
 .ARM.attributes
                0x000003b0       0x2c CMakeFiles/key_latency.dir/pico-sdk/src/rp2_common/pico_runtime/runtime.c.obj
 .ARM.attributes
                0x000003dc       0x2c CMakeFiles/key_latency.dir/pico-sdk/src/rp2_common/pico_runtime_init/runtime_init.c.obj
 .ARM.attributes
                0x00000408       0x2c CMakeFiles/key_latency.dir/pico-sdk/src/rp2_common/pico_runtime_init/runtime_init_clocks.c.obj
 .ARM.attributes
                0x00000434       0x22 CMakeFiles/key_latency.dir/pico-sdk/src/rp2_common/pico_bit_ops/bit_ops_aeabi.S.obj
 .ARM.attributes
                0x00000456       0x22 CMakeFiles/key_latency.dir/pico-sdk/src/rp2_common/pico_divider/divider_hardware.S.obj
 .ARM.attributes
                0x00000478       0x22 CMakeFiles/key_latency.dir/pico-sdk/src/rp2_common/pico_double/double_aeabi_rp2040.S.obj
 .ARM.attributes
                0x0000049a       0x2c CMakeFiles/key_latency.dir/pico-sdk/src/rp2_common/pico_double/double_init_rom_rp2040.c.obj
 .ARM.attributes
                0x000004c6       0x22 CMakeFiles/key_latency.dir/pico-sdk/src/rp2_common/pico_double/double_v1_rom_shim_rp2040.S.obj
 .ARM.attributes
                0x000004e8       0x22 CMakeFiles/key_latency.dir/pico-sdk/src/rp2_common/pico_int64_ops/pico_int64_ops_aeabi.S.obj
 .ARM.attributes
                0x0000050a       0x22 CMakeFiles/key_latency.dir/pico-sdk/src/rp2_common/pico_float/float_aeabi_rp2040.S.obj
 .ARM.attributes
                0x0000052c       0x2c CMakeFiles/key_latency.dir/pico-sdk/src/rp2_common/pico_float/float_init_rom_rp2040.c.obj
 .ARM.attributes
                0x00000558       0x22 CMakeFiles/key_latency.dir/pico-sdk/src/rp2_common/pico_float/float_v1_rom_shim_rp2040.S.obj
 .ARM.attributes
                0x0000057a       0x22 CMakeFiles/key_latency.dir/pico-sdk/src/rp2_common/pico_mem_ops/mem_ops_aeabi.S.obj
 .ARM.attributes
                0x0000059c       0x2c CMakeFiles/key_latency.dir/pico-sdk/src/rp2_common/pico_standard_binary_info/standard_binary_info.c.obj
 .ARM.attributes
                0x000005c8       0x2c CMakeFiles/key_latency.dir/pico-sdk/src/rp2_common/pico_printf/printf.c.obj
 .ARM.attributes
                0x000005f4       0x22 CMakeFiles/key_latency.dir/pico-sdk/src/rp2_common/pico_crt0/crt0.S.obj
 .ARM.attributes
                0x00000616       0x2c CMakeFiles/key_latency.dir/pico-sdk/src/rp2_common/pico_clib_interface/newlib_interface.c.obj
 .ARM.attributes
                0x00000642       0x2c CMakeFiles/key_latency.dir/pico-sdk/src/rp2_common/pico_stdio/stdio.c.obj
 .ARM.attributes
                0x0000066e       0x2c CMakeFiles/key_latency.dir/pico-sdk/src/rp2_common/pico_stdio_usb/reset_interface.c.obj
 .ARM.attributes
                0x0000069a       0x2c CMakeFiles/key_latency.dir/pico-sdk/src/rp2_common/pico_stdio_usb/stdio_usb.c.obj